Component: ARM Compiler 5.05 update 1 (build 106) Tool: armlink [4d0efa]

==============================================================================

Section Cross References

    main.o(i.Debug_Printf) refers to os_mutex.o(i.OSMutexPend) for OSMutexPend
    main.o(i.Debug_Printf) refers to c89vprintf.o(.text) for __c89vprintf
    main.o(i.Debug_Printf) refers to os_mutex.o(i.OSMutexPost) for OSMutexPost
    main.o(i.Debug_Printf) refers to main.o(.bss) for .bss
    main.o(i.Task_Button) refers to os_flag.o(i.OSFlagPend) for OSFlagPend
    main.o(i.Task_Button) refers to main.o(i.Debug_Printf) for Debug_Printf
    main.o(i.Task_Button) refers to delay.o(i.Delay_ms) for Delay_ms
    main.o(i.Task_Button) refers to main.o(.bss) for .bss
    main.o(i.Task_Debug) refers to main.o(i.Debug_Printf) for Debug_Printf
    main.o(i.Task_Debug) refers to oled.o(i.OLED_Clear) for OLED_Clear
    main.o(i.Task_Debug) refers to delay.o(i.Delay_ms) for Delay_ms
    main.o(i.Task_Debug) refers to oled.o(i.OLED_ShowCHinese) for OLED_ShowCHinese
    main.o(i.Task_Debug) refers to oled.o(i.OLED_DrawBMP) for OLED_DrawBMP
    main.o(i.Task_Debug) refers to main.o(.data) for .data
    main.o(i.Task_Dht11) refers to __2printf.o(.text) for __2printf
    main.o(i.Task_Dht11) refers to dht11.o(i.Dht11_Read_Data) for Dht11_Read_Data
    main.o(i.Task_Dht11) refers to os_q.o(i.OSQPost) for OSQPost
    main.o(i.Task_Dht11) refers to os_sem.o(i.OSSemPost) for OSSemPost
    main.o(i.Task_Dht11) refers to os_time.o(i.OSTimeDly) for OSTimeDly
    main.o(i.Task_Dht11) refers to main.o(.bss) for .bss
    main.o(i.Task_ESP8266) refers to main.o(i.Debug_Printf) for Debug_Printf
    main.o(i.Task_ESP8266) refers to esp8266_cilent.o(i.ESP8266_Init) for ESP8266_Init
    main.o(i.Task_ESP8266) refers to esp8266_cilent.o(i.ESP8266_SendCmd) for ESP8266_SendCmd
    main.o(i.Task_ESP8266) refers to delay.o(i.Delay_ms) for Delay_ms
    main.o(i.Task_ESP8266) refers to esp8266_cilent.o(i.WIFI_CWJAP) for WIFI_CWJAP
    main.o(i.Task_Init) refers to __2printf.o(.text) for __2printf
    main.o(i.Task_Init) refers to led.o(i.LED_Init) for LED_Init
    main.o(i.Task_Init) refers to button.o(i.Button_Init) for Button_Init
    main.o(i.Task_Init) refers to dht11.o(i.Dht11_Init) for Dht11_Init
    main.o(i.Task_Init) refers to flash.o(i.W25Q16_Init) for W25Q16_Init
    main.o(i.Task_Init) refers to oled.o(i.OLED_Init) for OLED_Init
    main.o(i.Task_Init) refers to os_sem.o(i.OSSemCreate) for OSSemCreate
    main.o(i.Task_Init) refers to os_mutex.o(i.OSMutexCreate) for OSMutexCreate
    main.o(i.Task_Init) refers to os_q.o(i.OSQCreate) for OSQCreate
    main.o(i.Task_Init) refers to os_flag.o(i.OSFlagCreate) for OSFlagCreate
    main.o(i.Task_Init) refers to os_tmr.o(i.OSTmrCreate) for OSTmrCreate
    main.o(i.Task_Init) refers to os_task.o(i.OSTaskCreate) for OSTaskCreate
    main.o(i.Task_Init) refers to os_tmr.o(i.OSTmrStart) for OSTmrStart
    main.o(i.Task_Init) refers to os_task.o(i.OSTaskDel) for OSTaskDel
    main.o(i.Task_Init) refers to main.o(.bss) for .bss
    main.o(i.Task_Init) refers to main.o(i.Task_Timer) for Task_Timer
    main.o(i.Task_Init) refers to main.o(i.Task_Debug) for Task_Debug
    main.o(i.Task_Init) refers to main.o(i.Task_Dht11) for Task_Dht11
    main.o(i.Task_Init) refers to main.o(i.Task_Button) for Task_Button
    main.o(i.Task_Init) refers to main.o(i.Task_W25Q16) for Task_W25Q16
    main.o(i.Task_Init) refers to main.o(i.Task_ESP8266) for Task_ESP8266
    main.o(i.Task_W25Q16) refers to main.o(i.Debug_Printf) for Debug_Printf
    main.o(i.Task_W25Q16) refers to flash.o(i.W25Q16_Erase_Sector) for W25Q16_Erase_Sector
    main.o(i.Task_W25Q16) refers to flash.o(i.W25Q16_Write_Data) for W25Q16_Write_Data
    main.o(i.Task_W25Q16) refers to flash.o(i.W25Q16_Read_Data) for W25Q16_Read_Data
    main.o(i.Task_W25Q16) refers to delay.o(i.Delay_ms) for Delay_ms
    main.o(i.main) refers to delay.o(i.Systick_init) for Systick_init
    main.o(i.main) refers to misc.o(i.NVIC_PriorityGroupConfig) for NVIC_PriorityGroupConfig
    main.o(i.main) refers to usart.o(i.Usart1_Init) for Usart1_Init
    main.o(i.main) refers to usart.o(i.Usart2_Init) for Usart2_Init
    main.o(i.main) refers to os_core.o(i.OSInit) for OSInit
    main.o(i.main) refers to os_task.o(i.OSTaskCreate) for OSTaskCreate
    main.o(i.main) refers to os_core.o(i.OSStart) for OSStart
    main.o(i.main) refers to main.o(.bss) for .bss
    main.o(i.main) refers to main.o(i.Task_Init) for Task_Init
    startup_stm32f40_41xxx.o(STACK) refers (Special) to heapauxi.o(.text) for __use_two_region_memory
    startup_stm32f40_41xxx.o(HEAP) refers (Special) to heapauxi.o(.text) for __use_two_region_memory
    startup_stm32f40_41xxx.o(RESET) refers (Special) to heapauxi.o(.text) for __use_two_region_memory
    startup_stm32f40_41xxx.o(RESET) refers to startup_stm32f40_41xxx.o(STACK) for __initial_sp
[...]
    FLASH_IRQHandler                         0x0800032f   Thumb Code     0  startup_stm32f40_41xxx.o(.text)
    FPU_IRQHandler                           0x0800032f   Thumb Code     0  startup_stm32f40_41xxx.o(.text)
    FSMC_IRQHandler                          0x0800032f   Thumb Code     0  startup_stm32f40_41xxx.o(.text)
    HASH_RNG_IRQHandler                      0x0800032f   Thumb Code     0  startup_stm32f40_41xxx.o(.text)
    I2C1_ER_IRQHandler                       0x0800032f   Thumb Code     0  startup_stm32f40_41xxx.o(.text)
    I2C1_EV_IRQHandler                       0x0800032f   Thumb Code     0  startup_stm32f40_41xxx.o(.text)
    I2C2_ER_IRQHandler                       0x0800032f   Thumb Code     0  startup_stm32f40_41xxx.o(.text)
    I2C2_EV_IRQHandler                       0x0800032f   Thumb Code     0  startup_stm32f40_41xxx.o(.text)
    I2C3_ER_IRQHandler                       0x0800032f   Thumb Code     0  startup_stm32f40_41xxx.o(.text)
    I2C3_EV_IRQHandler                       0x0800032f   Thumb Code     0  startup_stm32f40_41xxx.o(.text)
    OTG_FS_IRQHandler                        0x0800032f   Thumb Code     0  startup_stm32f40_41xxx.o(.text)
    OTG_FS_WKUP_IRQHandler                   0x0800032f   Thumb Code     0  startup_stm32f40_41xxx.o(.text)
    OTG_HS_EP1_IN_IRQHandler                 0x0800032f   Thumb Code     0  startup_stm32f40_41xxx.o(.text)
    OTG_HS_EP1_OUT_IRQHandler                0x0800032f   Thumb Code     0  startup_stm32f40_41xxx.o(.text)
    OTG_HS_IRQHandler                        0x0800032f   Thumb Code     0  startup_stm32f40_41xxx.o(.text)
    OTG_HS_WKUP_IRQHandler                   0x0800032f   Thumb Code     0  startup_stm32f40_41xxx.o(.text)
    PVD_IRQHandler                           0x0800032f   Thumb Code     0  startup_stm32f40_41xxx.o(.text)
    RCC_IRQHandler                           0x0800032f   Thumb Code     0  startup_stm32f40_41xxx.o(.text)
    SDIO_IRQHandler                          0x0800032f   Thumb Code     0  startup_stm32f40_41xxx.o(.text)
    SPI1_IRQHandler                          0x0800032f   Thumb Code     0  startup_stm32f40_41xxx.o(.text)
    SPI2_IRQHandler                          0x0800032f   Thumb Code     0  startup_stm32f40_41xxx.o(.text)
    SPI3_IRQHandler                          0x0800032f   Thumb Code     0  startup_stm32f40_41xxx.o(.text)
    TAMP_STAMP_IRQHandler                    0x0800032f   Thumb Code     0  startup_stm32f40_41xxx.o(.text)
    TIM1_BRK_TIM9_IRQHandler                 0x0800032f   Thumb Code     0  startup_stm32f40_41xxx.o(.text)
    TIM1_CC_IRQHandler                       0x0800032f   Thumb Code     0  startup_stm32f40_41xxx.o(.text)
    TIM1_TRG_COM_TIM11_IRQHandler            0x0800032f   Thumb Code     0  startup_stm32f40_41xxx.o(.text)
    TIM1_UP_TIM10_IRQHandler                 0x0800032f   Thumb Code     0  startup_stm32f40_41xxx.o(.text)
    TIM2_IRQHandler                          0x0800032f   Thumb Code     0  startup_stm32f40_41xxx.o(.text)
    TIM3_IRQHandler                          0x0800032f   Thumb Code     0  startup_stm32f40_41xxx.o(.text)
    TIM4_IRQHandler                          0x0800032f   Thumb Code     0  startup_stm32f40_41xxx.o(.text)
    TIM5_IRQHandler                          0x0800032f   Thumb Code     0  startup_stm32f40_41xxx.o(.text)
    TIM6_DAC_IRQHandler                      0x0800032f   Thumb Code     0  startup_stm32f40_41xxx.o(.text)
    TIM7_IRQHandler                          0x0800032f   Thumb Code     0  startup_stm32f40_41xxx.o(.text)
    TIM8_BRK_TIM12_IRQHandler                0x0800032f   Thumb Code     0  startup_stm32f40_41xxx.o(.text)
    TIM8_CC_IRQHandler                       0x0800032f   Thumb Code     0  startup_stm32f40_41xxx.o(.text)
    TIM8_TRG_COM_TIM14_IRQHandler            0x0800032f   Thumb Code     0  startup_stm32f40_41xxx.o(.text)
    TIM8_UP_TIM13_IRQHandler                 0x0800032f   Thumb Code     0  startup_stm32f40_41xxx.o(.text)
    UART4_IRQHandler                         0x0800032f   Thumb Code     0  startup_stm32f40_41xxx.o(.text)
    UART5_IRQHandler                         0x0800032f   Thumb Code     0  startup_stm32f40_41xxx.o(.text)
    USART3_IRQHandler                        0x0800032f   Thumb Code     0  startup_stm32f40_41xxx.o(.text)
    USART6_IRQHandler                        0x0800032f   Thumb Code     0  startup_stm32f40_41xxx.o(.text)
    WWDG_IRQHandler                          0x0800032f   Thumb Code     0  startup_stm32f40_41xxx.o(.text)
    __user_initial_stackheap                 0x08000331   Thumb Code     0  startup_stm32f40_41xxx.o(.text)
    CPU_IntDis                               0x08000355   Thumb Code     0  cpu_a.o(.text)
    CPU_IntEn                                0x08000359   Thumb Code     0  cpu_a.o(.text)
    CPU_SR_Save                              0x0800035d   Thumb Code     0  cpu_a.o(.text)
    CPU_SR_Restore                           0x08000365   Thumb Code     0  cpu_a.o(.text)
    CPU_WaitForInt                           0x0800036b   Thumb Code     0  cpu_a.o(.text)
    CPU_WaitForExcept                        0x0800036f   Thumb Code     0  cpu_a.o(.text)
    CPU_CntLeadZeros                         0x08000373   Thumb Code     0  cpu_a.o(.text)
    CPU_CntTrailZeros                        0x08000379   Thumb Code     0  cpu_a.o(.text)
    CPU_RevBits                              0x08000383   Thumb Code     0  cpu_a.o(.text)
    __c89vprintf                             0x08000389   Thumb Code     8  c89vprintf.o(.text)
    __2printf                                0x08000395   Thumb Code    20  __2printf.o(.text)
    _printf_pre_padding                      0x080003ad   Thumb Code    44  _printf_pad.o(.text)
    _printf_post_padding                     0x080003d9   Thumb Code    34  _printf_pad.o(.text)
    _printf_int_dec                          0x080003fd   Thumb Code   104  _printf_dec.o(.text)
    _printf_longlong_hex                     0x08000475   Thumb Code    86  _printf_hex_int_ll_ptr.o(.text)
    _printf_int_hex                          0x080004cb   Thumb Code    28  _printf_hex_int_ll_ptr.o(.text)
    _printf_ll_hex                           0x080004e7   Thumb Code    12  _printf_hex_int_ll_ptr.o(.text)
    _printf_hex_ptr                          0x080004f3   Thumb Code    18  _printf_hex_int_ll_ptr.o(.text)
    __printf                                 0x08000509   Thumb Code   388  __printf_flags_ss_wp.o(.text)
    strstr                                   0x08000691   Thumb Code    36  strstr.o(.text)
    strlen                                   0x080006b5   Thumb Code    62  strlen.o(.text)
    __aeabi_memclr                           0x080006f3   Thumb Code     0  rt_memclr.o(.text)
    __rt_memclr                              0x080006f3   Thumb Code    68  rt_memclr.o(.text)
    _memset                                  0x080006f7   Thumb Code     0  rt_memclr.o(.text)
    __use_two_region_memory                  0x08000737   Thumb Code     2  heapauxi.o(.text)
    __rt_heap_escrow$2region                 0x08000739   Thumb Code     2  heapauxi.o(.text)
    __rt_heap_expand$2region                 0x0800073b   Thumb Code     2  heapauxi.o(.text)
    _printf_truncate_signed                  0x0800073d   Thumb Code    18  _printf_truncate.o(.text)
    _printf_truncate_unsigned                0x0800074f   Thumb Code    18  _printf_truncate.o(.text)
    _printf_str                              0x08000761   Thumb Code    82  _printf_str.o(.text)
    _printf_int_common                       0x080007b3   Thumb Code   178  _printf_intcommon.o(.text)
    _printf_charcount                        0x08000865   Thumb Code    40  _printf_charcount.o(.text)
    _printf_char_common                      0x08000897   Thumb Code    32  _printf_char_common.o(.text)
    _printf_char_file                        0x080008bd   Thumb Code    32  _printf_char_file.o(.text)
    _printf_wctomb                           0x080008e1   Thumb Code   182  _printf_wctomb.o(.text)
    _printf_longlong_dec                     0x0800099d   Thumb Code   108  _printf_longlong_dec.o(.text)
    _printf_longlong_oct                     0x08000a19   Thumb Code    68  _printf_oct_int_ll.o(.text)
    _printf_int_oct                          0x08000a5d   Thumb Code    24  _printf_oct_int_ll.o(.text)
    _printf_ll_oct                           0x08000a75   Thumb Code    12  _printf_oct_int_ll.o(.text)
    __aeabi_memclr4                          0x08000a89   Thumb Code     0  rt_memclr_w.o(.text)
    __aeabi_memclr8                          0x08000a89   Thumb Code     0  rt_memclr_w.o(.text)
    __rt_memclr_w                            0x08000a89   Thumb Code    78  rt_memclr_w.o(.text)
    _memset_w                                0x08000a8d   Thumb Code     0  rt_memclr_w.o(.text)
    __user_libspace                          0x08000ad9   Thumb Code     8  libspace.o(.text)
    __user_perproc_libspace                  0x08000ad9   Thumb Code     0  libspace.o(.text)
    __user_perthread_libspace                0x08000ad9   Thumb Code     0  libspace.o(.text)
    __rt_ctype_table                         0x08000ae1   Thumb Code    16  rt_ctype_table.o(.text)
    _ll_udiv10                               0x08000af1   Thumb Code   138  lludiv10.o(.text)
    __lib_sel_fp_printf                      0x08000b7b   Thumb Code     2  _printf_fp_dec.o(.text)
    _printf_fp_dec_real                      0x08000d29   Thumb Code   620  _printf_fp_dec.o(.text)
    _printf_cs_common                        0x08000f95   Thumb Code    20  _printf_char.o(.text)
    _printf_char                             0x08000fa9   Thumb Code    16  _printf_char.o(.text)
    _printf_string                           0x08000fb9   Thumb Code     8  _printf_char.o(.text)
    _printf_lcs_common                       0x08000fc1   Thumb Code    20  _printf_wchar.o(.text)
    _printf_wchar                            0x08000fd5   Thumb Code    16  _printf_wchar.o(.text)
    _printf_wstring                          0x08000fe5   Thumb Code     8  _printf_wchar.o(.text)
    ferror                                   0x08000fed   Thumb Code     8  ferror.o(.text)
    _wcrtomb                                 0x08000ff5   Thumb Code    64  _wcrtomb.o(.text)
    __user_setup_stackheap                   0x08001035   Thumb Code    74  sys_stackheap_outer.o(.text)
    __rt_locale                              0x08001081   Thumb Code     8  rt_locale_intlibspace.o(.text)
    _printf_fp_infnan                        0x08001089   Thumb Code   112  _printf_fp_infnan.o(.text)
    _btod_etento                             0x08001109   Thumb Code   216  bigflt0.o(.text)
    exit                                     0x080011e5   Thumb Code    12  exit.o(.text)
    strcmp                                   0x080011f1   Thumb Code   128  strcmpv7m.o(.text)
    _btod_d2e                                0x08001271   Thumb Code    62  btod.o(CL$$btod_d2e)
    _d2e_denorm_low                          0x080012af   Thumb Code    70  btod.o(CL$$btod_d2e_denorm_low)
    _d2e_norm_op1                            0x080012f5   Thumb Code    96  btod.o(CL$$btod_d2e_norm_op1)
    __btod_div_common                        0x08001355   Thumb Code   696  btod.o(CL$$btod_div_common)
    _e2e                                     0x0800168d   Thumb Code   198  btod.o(CL$$btod_e2e)
    _btod_ediv                               0x08001753   Thumb Code    40  btod.o(CL$$btod_ediv)
    _btod_emul                               0x0800177b   Thumb Code    40  btod.o(CL$$btod_emul)
    __btod_mult_common                       0x080017a3   Thumb Code   580  btod.o(CL$$btod_mult_common)
    OSStartHighRdy                           0x080019e9   Thumb Code     0  os_cpu_a.o(CODE)
    OSCtxSw                                  0x08001a0b   Thumb Code     0  os_cpu_a.o(CODE)
    OSIntCtxSw                               0x08001a15   Thumb Code     0  os_cpu_a.o(CODE)
    PendSV_Handler                           0x08001a1f   Thumb Code     0  os_cpu_a.o(CODE)
    Button_Init                              0x08001a95   Thumb Code   148  button.o(i.Button_Init)
    CPU_TS_TmrRd                             0x08001b2d   Thumb Code     6  bsp.o(i.CPU_TS_TmrRd)
    Debug_Printf                             0x08001b39   Thumb Code    46  main.o(i.Debug_Printf)
    Delay_ms                                 0x08001b6d   Thumb Code    58  delay.o(i.Delay_ms)
    Delay_us                                 0x08001bb5   Thumb Code    62  delay.o(i.Delay_us)
    Dht11_Init                               0x08001bf9   Thumb Code    50  dht11.o(i.Dht11_Init)
    Dht11_Read_Byte                          0x08001c35   Thumb Code   110  dht11.o(i.Dht11_Read_Byte)
    Dht11_Read_Data                          0x08001ca9   Thumb Code    68  dht11.o(i.Dht11_Read_Data)
    Dht11_Start                              0x08001ced   Thumb Code   198  dht11.o(i.Dht11_Start)
    ESP8266_Clear                            0x08001dbd   Thumb Code     8  esp8266_cilent.o(i.ESP8266_Clear)
    ESP8266_Init                             0x08001dc9   Thumb Code    78  esp8266_cilent.o(i.ESP8266_Init)
    ESP8266_SendCmd                          0x08001e21   Thumb Code    76  esp8266_cilent.o(i.ESP8266_SendCmd)
    EXTI3_IRQHandler                         0x08001e7d   Thumb Code    38  button.o(i.EXTI3_IRQHandler)
    EXTI4_IRQHandler                         0x08001ea9   Thumb Code    38  button.o(i.EXTI4_IRQHandler)
    EXTI_ClearITPendingBit                   0x08001ed5   Thumb Code     6  stm32f4xx_exti.o(i.EXTI_ClearITPendingBit)
    EXTI_GetITStatus                         0x08001ee1   Thumb Code    16  stm32f4xx_exti.o(i.EXTI_GetITStatus)
    EXTI_Init                                0x08001ef5   Thumb Code   108  stm32f4xx_exti.o(i.EXTI_Init)
    GPIO_Init                                0x08001f65   Thumb Code   120  stm32f4xx_gpio.o(i.GPIO_Init)
    GPIO_PinAFConfig                         0x08001fdd   Thumb Code    32  stm32f4xx_gpio.o(i.GPIO_PinAFConfig)
    GPIO_ResetBits                           0x08001ffd   Thumb Code     4  stm32f4xx_gpio.o(i.GPIO_ResetBits)
    GPIO_SetBits                             0x08002001   Thumb Code     4  stm32f4xx_gpio.o(i.GPIO_SetBits)
    Get_Send_Count                           0x08002005   Thumb Code     6  usart.o(i.Get_Send_Count)
    IIC_Start                                0x08002011   Thumb Code    64  oled.o(i.IIC_Start)
    IIC_Stop                                 0x08002055   Thumb Code    48  oled.o(i.IIC_Stop)
    IIC_Wait_Ack                             0x08002089   Thumb Code    62  oled.o(i.IIC_Wait_Ack)
    LED_Init                                 0x080020d1   Thumb Code   102  led.o(i.LED_Init)
    NVIC_Init                                0x08002141   Thumb Code    96  misc.o(i.NVIC_Init)
    NVIC_PriorityGroupConfig                 0x080021a5   Thumb Code    10  misc.o(i.NVIC_PriorityGroupConfig)
    OLED_Clear                               0x080021b9   Thumb Code    60  oled.o(i.OLED_Clear)
    OLED_DrawBMP                             0x080021f5   Thumb Code    64  oled.o(i.OLED_DrawBMP)
    OLED_Init                                0x08002235   Thumb Code   270  oled.o(i.OLED_Init)
    OLED_Set_Pos                             0x08002349   Thumb Code    40  oled.o(i.OLED_Set_Pos)
    OLED_ShowCHinese                         0x08002371   Thumb Code    74  oled.o(i.OLED_ShowCHinese)
    OLED_WR_Byte                             0x080023c1   Thumb Code    10  oled.o(i.OLED_WR_Byte)
    OSCfg_Init                               0x080023cb   Thumb Code     2  os_cfg_app.o(i.OSCfg_Init)
    OSFlagCreate                             0x080023cd   Thumb Code   104  os_flag.o(i.OSFlagCreate)
    OSFlagPend                               0x08002445   Thumb Code   542  os_flag.o(i.OSFlagPend)
    OSFlagPost                               0x08002675   Thumb Code   116  os_flag.o(i.OSFlagPost)
    OSIdleTaskHook                           0x080026f1   Thumb Code    12  os_cpu_c.o(i.OSIdleTaskHook)
    OSInit                                   0x08002701   Thumb Code   260  os_core.o(i.OSInit)
    OSInitHook                               0x08002859   Thumb Code    22  os_cpu_c.o(i.OSInitHook)
    OSIntEnter                               0x0800287d   Thumb Code    22  os_core.o(i.OSIntEnter)
    OSIntExit                                0x0800289d   Thumb Code   100  os_core.o(i.OSIntExit)
    OSMutexCreate                            0x08002921   Thumb Code   112  os_mutex.o(i.OSMutexCreate)
    OSMutexPend                              0x080029a1   Thumb Code   444  os_mutex.o(i.OSMutexPend)
    OSMutexPost                              0x08002b71   Thumb Code   364  os_mutex.o(i.OSMutexPost)
    OSQCreate                                0x08002cf5   Thumb Code   118  os_q.o(i.OSQCreate)
    OSQPost                                  0x08002d7d   Thumb Code   146  os_q.o(i.OSQPost)
    OSSched                                  0x08002e19   Thumb Code    86  os_core.o(i.OSSched)
    OSSchedLock                              0x08002e8d   Thumb Code    72  os_core.o(i.OSSchedLock)
    OSSchedUnlock                            0x08002ee1   Thumb Code    92  os_core.o(i.OSSchedUnlock)
    OSSemCreate                              0x08002f49   Thumb Code   104  os_sem.o(i.OSSemCreate)
    OSSemPost                                0x08002fc1   Thumb Code   118  os_sem.o(i.OSSemPost)
    OSStart                                  0x08003041   Thumb Code    62  os_core.o(i.OSStart)
    OSTaskCreate                             0x08003099   Thumb Code   384  os_task.o(i.OSTaskCreate)
    OSTaskCreateHook                         0x08003239   Thumb Code    12  os_cpu_c.o(i.OSTaskCreateHook)
    OSTaskDel                                0x08003249   Thumb Code   252  os_task.o(i.OSTaskDel)
    OSTaskDelHook                            0x08003361   Thumb Code    12  os_cpu_c.o(i.OSTaskDelHook)
    OSTaskReturnHook                         0x08003371   Thumb Code    12  os_cpu_c.o(i.OSTaskReturnHook)
    OSTaskSemPend                            0x08003381   Thumb Code   300  os_task.o(i.OSTaskSemPend)
    OSTaskStkInit                            0x080034b9   Thumb Code   310  os_cpu_c.o(i.OSTaskStkInit)
    OSTaskSwHook                             0x080035f5   Thumb Code    72  os_cpu_c.o(i.OSTaskSwHook)
    OSTimeDly                                0x0800364d   Thumb Code   158  os_time.o(i.OSTimeDly)
    OSTimeTick                               0x080036f9   Thumb Code    52  os_time.o(i.OSTimeTick)
    OSTimeTickHook                           0x08003739   Thumb Code    12  os_cpu_c.o(i.OSTimeTickHook)
    OSTmrCreate                              0x08003749   Thumb Code   168  os_tmr.o(i.OSTmrCreate)
    OSTmrStart                               0x08003801   Thumb Code   122  os_tmr.o(i.OSTmrStart)
    OS_Dbg_Init                              0x08003885   Thumb Code     2  os_dbg.o(i.OS_Dbg_Init)
    OS_FlagBlock                             0x08003889   Thumb Code    28  os_flag.o(i.OS_FlagBlock)
    OS_FlagDbgListAdd                        0x080038a9   Thumb Code    26  os_flag.o(i.OS_FlagDbgListAdd)
    OS_FlagInit                              0x080038cd   Thumb Code    14  os_flag.o(i.OS_FlagInit)
    OS_FlagPost                              0x080038e5   Thumb Code   294  os_flag.o(i.OS_FlagPost)
    OS_FlagTaskRdy                           0x08003a15   Thumb Code    68  os_flag.o(i.OS_FlagTaskRdy)
    OS_IdleTask                              0x08003a59   Thumb Code    22  os_core.o(i.OS_IdleTask)
    OS_IdleTaskInit                          0x08003a75   Thumb Code    60  os_core.o(i.OS_IdleTaskInit)
    OS_IntQPost                              0x08003add   Thumb Code   138  os_int.o(i.OS_IntQPost)
    OS_IntQRePost                            0x08003b8d   Thumb Code   202  os_int.o(i.OS_IntQRePost)
    OS_IntQTask                              0x08003c8d   Thumb Code   106  os_int.o(i.OS_IntQTask)
    OS_IntQTaskInit                          0x08003d09   Thumb Code   192  os_int.o(i.OS_IntQTaskInit)
    OS_MemInit                               0x08003e21   Thumb Code    14  os_mem.o(i.OS_MemInit)
    OS_MsgPoolCreate                         0x08003e39   Thumb Code    48  os_msg.o(i.OS_MsgPoolCreate)
    OS_MsgPoolInit                           0x08003e69   Thumb Code    58  os_msg.o(i.OS_MsgPoolInit)
    OS_MsgQFreeAll                           0x08003eb1   Thumb Code    48  os_msg.o(i.OS_MsgQFreeAll)
    OS_MsgQInit                              0x08003ee5   Thumb Code    14  os_msg.o(i.OS_MsgQInit)
    OS_MsgQPut                               0x08003ef5   Thumb Code   128  os_msg.o(i.OS_MsgQPut)
    OS_MutexDbgListAdd                       0x08003f79   Thumb Code    26  os_mutex.o(i.OS_MutexDbgListAdd)
    OS_MutexInit                             0x08003f9d   Thumb Code    14  os_mutex.o(i.OS_MutexInit)
    OS_Pend                                  0x08003fb5   Thumb Code    74  os_core.o(i.OS_Pend)
    OS_PendDataInit                          0x08004005   Thumb Code    48  os_core.o(i.OS_PendDataInit)
    OS_PendDbgNameAdd                        0x08004035   Thumb Code    46  os_core.o(i.OS_PendDbgNameAdd)
    OS_PendDbgNameRemove                     0x0800407d   Thumb Code    22  os_core.o(i.OS_PendDbgNameRemove)
    OS_PendListChangePrio                    0x08004099   Thumb Code    50  os_core.o(i.OS_PendListChangePrio)
    OS_PendListInit                          0x080040cb   Thumb Code    10  os_core.o(i.OS_PendListInit)
    OS_PendListInsertPrio                    0x080040d5   Thumb Code    90  os_core.o(i.OS_PendListInsertPrio)
    OS_PendListRemove                        0x0800412f   Thumb Code    38  os_core.o(i.OS_PendListRemove)
    OS_PendListRemove1                       0x08004155   Thumb Code    54  os_core.o(i.OS_PendListRemove1)
    OS_Post                                  0x0800418b   Thumb Code   152  os_core.o(i.OS_Post)
    OS_Post1                                 0x08004223   Thumb Code    38  os_core.o(i.OS_Post1)
    OS_PrioGetHighest                        0x08004249   Thumb Code    32  os_prio.o(i.OS_PrioGetHighest)
    OS_PrioInit                              0x0800426d   Thumb Code    18  os_prio.o(i.OS_PrioInit)
    OS_PrioInsert                            0x08004285   Thumb Code    28  os_prio.o(i.OS_PrioInsert)
    OS_PrioRemove                            0x080042a5   Thumb Code    28  os_prio.o(i.OS_PrioRemove)
    OS_QDbgListAdd                           0x080042c5   Thumb Code    26  os_q.o(i.OS_QDbgListAdd)
    OS_QInit                                 0x080042e9   Thumb Code    14  os_q.o(i.OS_QInit)
    OS_QPost                                 0x08004301   Thumb Code   196  os_q.o(i.OS_QPost)
    OS_RdyListInit                           0x080043cd   Thumb Code    30  os_core.o(i.OS_RdyListInit)
    OS_RdyListInsert                         0x080043f1   Thumb Code    42  os_core.o(i.OS_RdyListInsert)
    OS_RdyListInsertHead                     0x08004421   Thumb Code    52  os_core.o(i.OS_RdyListInsertHead)
    OS_RdyListInsertTail                     0x08004459   Thumb Code    48  os_core.o(i.OS_RdyListInsertTail)
    OS_RdyListRemove                         0x0800448d   Thumb Code    78  os_core.o(i.OS_RdyListRemove)
    OS_Sched0                                0x080044e1   Thumb Code    50  os_core.o(i.OS_Sched0)
    OS_SchedLockTimeMeasStart                0x08004525   Thumb Code    20  os_core.o(i.OS_SchedLockTimeMeasStart)
    OS_SchedLockTimeMeasStop                 0x08004541   Thumb Code    42  os_core.o(i.OS_SchedLockTimeMeasStop)
    OS_SemDbgListAdd                         0x0800457d   Thumb Code    26  os_sem.o(i.OS_SemDbgListAdd)
    OS_SemInit                               0x080045a1   Thumb Code    14  os_sem.o(i.OS_SemInit)
    OS_SemPost                               0x080045b9   Thumb Code   160  os_sem.o(i.OS_SemPost)
    OS_TaskBlock                             0x0800465d   Thumb Code    42  os_core.o(i.OS_TaskBlock)
    OS_TaskDbgListAdd                        0x08004689   Thumb Code    30  os_task.o(i.OS_TaskDbgListAdd)
    OS_TaskDbgListRemove                     0x080046ad   Thumb Code    50  os_task.o(i.OS_TaskDbgListRemove)
    OS_TaskInit                              0x080046e5   Thumb Code    18  os_task.o(i.OS_TaskInit)
    OS_TaskInitTCB                           0x08004705   Thumb Code   180  os_task.o(i.OS_TaskInitTCB)
    OS_TaskQPost                             0x080047c5   Thumb Code   222  os_task.o(i.OS_TaskQPost)
    OS_TaskRdy                               0x080048b1   Thumb Code    28  os_core.o(i.OS_TaskRdy)
    OS_TaskResume                            0x080048cd   Thumb Code   184  os_task.o(i.OS_TaskResume)
    OS_TaskReturn                            0x08004989   Thumb Code    20  os_task.o(i.OS_TaskReturn)
    OS_TaskSemPost                           0x080049a1   Thumb Code   260  os_task.o(i.OS_TaskSemPost)
    OS_TaskSuspend                           0x08004ab1   Thumb Code   160  os_task.o(i.OS_TaskSuspend)
    OS_TickListInit                          0x08004b59   Thumb Code    34  os_tick.o(i.OS_TickListInit)
    OS_TickListInsert                        0x08004b85   Thumb Code   202  os_tick.o(i.OS_TickListInsert)
    OS_TickListRemove                        0x08004c5d   Thumb Code    54  os_tick.o(i.OS_TickListRemove)
    OS_TickListUpdate                        0x08004c95   Thumb Code   304  os_tick.o(i.OS_TickListUpdate)
    OS_TickTask                              0x08004ddd   Thumb Code    36  os_tick.o(i.OS_TickTask)
    OS_TickTaskInit                          0x08004e05   Thumb Code   112  os_tick.o(i.OS_TickTaskInit)
    OS_TmrDbgListAdd                         0x08004ead   Thumb Code    22  os_tmr.o(i.OS_TmrDbgListAdd)
    OS_TmrInit                               0x08004ec9   Thumb Code   172  os_tmr.o(i.OS_TmrInit)
    OS_TmrLink                               0x08004fcd   Thumb Code   140  os_tmr.o(i.OS_TmrLink)
    OS_TmrTask                               0x08005065   Thumb Code   156  os_tmr.o(i.OS_TmrTask)
    OS_TmrUnlink                             0x08005111   Thumb Code    68  os_tmr.o(i.OS_TmrUnlink)
    RCC_AHB1PeriphClockCmd                   0x0800515d   Thumb Code    18  stm32f4xx_rcc.o(i.RCC_AHB1PeriphClockCmd)
    RCC_APB1PeriphClockCmd                   0x08005175   Thumb Code    18  stm32f4xx_rcc.o(i.RCC_APB1PeriphClockCmd)
    RCC_APB2PeriphClockCmd                   0x0800518d   Thumb Code    18  stm32f4xx_rcc.o(i.RCC_APB2PeriphClockCmd)
    RCC_GetClocksFreq                        0x080051a5   Thumb Code   132  stm32f4xx_rcc.o(i.RCC_GetClocksFreq)
    RTC_Alarm_IRQHandler                     0x08005235   Thumb Code    40  rtc.o(i.RTC_Alarm_IRQHandler)
    RTC_ClearITPendingBit                    0x08005261   Thumb Code    24  stm32f4xx_rtc.o(i.RTC_ClearITPendingBit)
    RTC_GetITStatus                          0x0800527d   Thumb Code    46  stm32f4xx_rtc.o(i.RTC_GetITStatus)
    RTC_WKUP_IRQHandler                      0x080052b5   Thumb Code    40  rtc.o(i.RTC_WKUP_IRQHandler)
    SYSCFG_EXTILineConfig                    0x080052e1   Thumb Code    42  stm32f4xx_syscfg.o(i.SYSCFG_EXTILineConfig)
    Sda_Mode                                 0x08005311   Thumb Code    20  oled.o(i.Sda_Mode)
    Send_Complete                            0x08005329   Thumb Code    60  esp8266_cilent.o(i.Send_Complete)
    Set_Send_Count                           0x0800541d   Thumb Code     8  usart.o(i.Set_Send_Count)
    SysTick_CLKSourceConfig                  0x08005429   Thumb Code    24  misc.o(i.SysTick_CLKSourceConfig)
    SysTick_Handler                          0x08005441   Thumb Code    28  delay.o(i.SysTick_Handler)
    SystemInit                               0x08005461   Thumb Code    74  system_stm32f4xx.o(i.SystemInit)
    Systick_init                             0x080054bd   Thumb Code    76  delay.o(i.Systick_init)
    Task_Button                              0x0800551d   Thumb Code    94  main.o(i.Task_Button)
    Task_Debug                               0x080055ad   Thumb Code   122  main.o(i.Task_Debug)
    Task_Dht11                               0x08005649   Thumb Code    70  main.o(i.Task_Dht11)
    Task_ESP8266                             0x080056b1   Thumb Code    48  main.o(i.Task_ESP8266)
    Task_Init                                0x08005709   Thumb Code   362  main.o(i.Task_Init)
    Task_Timer                               0x08005961   Thumb Code     2  main.o(i.Task_Timer)
    Task_W25Q16                              0x08005965   Thumb Code    72  main.o(i.Task_W25Q16)
    USART1_IRQHandler                        0x080059c9   Thumb Code   116  usart.o(i.USART1_IRQHandler)
    USART2_IRQHandler                        0x08005a4d   Thumb Code    82  usart.o(i.USART2_IRQHandler)
    USART_ClearITPendingBit                  0x08005aad   Thumb Code    12  stm32f4xx_usart.o(i.USART_ClearITPendingBit)
    USART_Cmd                                0x08005ab9   Thumb Code    20  stm32f4xx_usart.o(i.USART_Cmd)
    USART_GetFlagStatus                      0x08005acd   Thumb Code    14  stm32f4xx_usart.o(i.USART_GetFlagStatus)
    USART_GetITStatus                        0x08005adb   Thumb Code    62  stm32f4xx_usart.o(i.USART_GetITStatus)
    USART_ITConfig                           0x08005b19   Thumb Code    48  stm32f4xx_usart.o(i.USART_ITConfig)
    USART_Init                               0x08005b49   Thumb Code   164  stm32f4xx_usart.o(i.USART_Init)
    USART_ReceiveData                        0x08005bf5   Thumb Code     8  stm32f4xx_usart.o(i.USART_ReceiveData)
    USART_SendData                           0x08005bfd   Thumb Code     8  stm32f4xx_usart.o(i.USART_SendData)
    Usart1_Init                              0x08005c05   Thumb Code   164  usart.o(i.Usart1_Init)
    Usart2_Init                              0x08005cb1   Thumb Code   162  usart.o(i.Usart2_Init)
    Usart2_SendString                        0x08005d5d   Thumb Code    36  usart.o(i.Usart2_SendString)
    W25Q16_Erase_Sector                      0x08005d85   Thumb Code    68  flash.o(i.W25Q16_Erase_Sector)
    W25Q16_Init                              0x08005dcd   Thumb Code    90  flash.o(i.W25Q16_Init)
    W25Q16_Read_Data                         0x08005e31   Thumb Code    72  flash.o(i.W25Q16_Read_Data)
    W25Q16_Read_SR                           0x08005e7d   Thumb Code    32  flash.o(i.W25Q16_Read_SR)
    W25Q16_Write_Data                        0x08005ef5   Thumb Code   122  flash.o(i.W25Q16_Write_Data)
    WIFI_CWJAP                               0x08005f75   Thumb Code   138  esp8266_cilent.o(i.WIFI_CWJAP)
    Write_IIC_Byte                           0x08006105   Thumb Code   104  oled.o(i.Write_IIC_Byte)
    Write_IIC_Command                        0x08006171   Thumb Code    46  oled.o(i.Write_IIC_Command)
    Write_IIC_Data                           0x0800619f   Thumb Code    46  oled.o(i.Write_IIC_Data)
    __ARM_fpclassify                         0x080061cd   Thumb Code    48  fpclassify.o(i.__ARM_fpclassify)
    _is_digit                                0x080061fd   Thumb Code    14  __printf_wp.o(i._is_digit)
    _sys_exit                                0x0800620b   Thumb Code     2  usart.o(i._sys_exit)
    fputc                                    0x0800620d   Thumb Code    30  usart.o(i.fputc)
    main                                     0x08006231   Thumb Code    88  main.o(i.main)
    _get_lc_ctype                            0x0800629d   Thumb Code    44  lc_ctype_c.o(locale$$code)
    _get_lc_numeric                          0x080062c9   Thumb Code    44  lc_numeric_c.o(locale$$code)
    _fp_init                                 0x080062f5   Thumb Code    10  fpinit.o(x$fpl$fpinit)
    __fplib_config_fpu_vfp                   0x080062fd   Thumb Code     0  fpinit.o(x$fpl$fpinit)
    __fplib_config_pureend_doubles           0x080062fd   Thumb Code     0  fpinit.o(x$fpl$fpinit)
    _printf_fp_dec                           0x080062ff   Thumb Code     4  printf1.o(x$fpl$printf1)
    __I$use$fp                               0x08006302   Number         0  usenofp.o(x$fpl$usenofp)
    OSCfg_TickTaskPrio                       0x08006304   Data           1  os_cfg_app.o(.constdata)
    OSCfg_TmrTaskPrio                        0x08006305   Data           1  os_cfg_app.o(.constdata)
    OSCfg_IntQSize                           0x08006306   Data           2  os_cfg_app.o(.constdata)
    OSCfg_MsgPoolSize                        0x08006308   Data           2  os_cfg_app.o(.constdata)
    OSCfg_TickWheelSize                      0x0800630a   Data           2  os_cfg_app.o(.constdata)
    OSCfg_TmrWheelSize                       0x0800630c   Data           2  os_cfg_app.o(.constdata)
    OSCfg_IdleTaskStkBasePtr                 0x08006310   Data           4  os_cfg_app.o(.constdata)
    OSCfg_IdleTaskStkLimit                   0x08006314   Data           4  os_cfg_app.o(.constdata)
    OSCfg_IdleTaskStkSize                    0x08006318   Data           4  os_cfg_app.o(.constdata)
    OSCfg_IdleTaskStkSizeRAM                 0x0800631c   Data           4  os_cfg_app.o(.constdata)
    OSCfg_IntQBasePtr                        0x08006320   Data           4  os_cfg_app.o(.constdata)
    OSCfg_IntQSizeRAM                        0x08006324   Data           4  os_cfg_app.o(.constdata)
    OSCfg_IntQTaskStkBasePtr                 0x08006328   Data           4  os_cfg_app.o(.constdata)
    OSCfg_IntQTaskStkLimit                   0x0800632c   Data           4  os_cfg_app.o(.constdata)
    OSCfg_IntQTaskStkSize                    0x08006330   Data           4  os_cfg_app.o(.constdata)
    OSCfg_IntQTaskStkSizeRAM                 0x08006334   Data           4  os_cfg_app.o(.constdata)
    OSCfg_ISRStkBasePtr                      0x08006338   Data           4  os_cfg_app.o(.constdata)
    OSCfg_ISRStkSize                         0x0800633c   Data           4  os_cfg_app.o(.constdata)
    OSCfg_ISRStkSizeRAM                      0x08006340   Data           4  os_cfg_app.o(.constdata)
    OSCfg_MsgPoolSizeRAM                     0x08006344   Data           4  os_cfg_app.o(.constdata)
    OSCfg_MsgPoolBasePtr                     0x08006348   Data           4  os_cfg_app.o(.constdata)
    OSCfg_StkSizeMin                         0x0800634c   Data           4  os_cfg_app.o(.constdata)
    OSCfg_TickRate_Hz                        0x08006350   Data           4  os_cfg_app.o(.constdata)
    OSCfg_TickTaskStkBasePtr                 0x08006354   Data           4  os_cfg_app.o(.constdata)
    OSCfg_TickTaskStkLimit                   0x08006358   Data           4  os_cfg_app.o(.constdata)
    OSCfg_TickTaskStkSize                    0x0800635c   Data           4  os_cfg_app.o(.constdata)
    OSCfg_TickTaskStkSizeRAM                 0x08006360   Data           4  os_cfg_app.o(.constdata)
    OSCfg_TickWheelSizeRAM                   0x08006364   Data           4  os_cfg_app.o(.constdata)
    OSCfg_TmrTaskRate_Hz                     0x08006368   Data           4  os_cfg_app.o(.constdata)
    OSCfg_TmrTaskStkBasePtr                  0x0800636c   Data           4  os_cfg_app.o(.constdata)
    OSCfg_TmrTaskStkLimit                    0x08006370   Data           4  os_cfg_app.o(.constdata)
    OSCfg_TmrTaskStkSize                     0x08006374   Data           4  os_cfg_app.o(.constdata)
    OSCfg_TmrTaskStkSizeRAM                  0x08006378   Data           4  os_cfg_app.o(.constdata)
    OSCfg_TmrWheelSizeRAM                    0x0800637c   Data           4  os_cfg_app.o(.constdata)
    OSCfg_DataSizeRAM                        0x08006380   Data           4  os_cfg_app.o(.constdata)
    Region$$Table$$Base                      0x0800645c   Number         0  anon$$obj.o(Region$$Table)
    Region$$Table$$Limit                     0x0800647c   Number         0  anon$$obj.o(Region$$Table)
    __ctype                                  0x08006489   Data           0  lc_ctype_c.o(locale$$data)
    BMP2                                     0x20000000   Data        1024  main.o(.data)
    SystemCoreClock                          0x20000400   Data           4  system_stm32f4xx.o(.data)
    AHBPrescTable                            0x20000404   Data          16  system_stm32f4xx.o(.data)
    __stdout                                 0x20000434   Data           4  usart.o(.data)
    Hzk                                      0x20000438   Data         896  oled.o(.data)
    OSPrioTbl                                0x200007bc   Data           8  os_prio.o(.data)
    OS_AppTaskCreateHookPtr                  0x200007c4   Data           4  os_var.o(.data)
    OS_AppTaskDelHookPtr                     0x200007c8   Data           4  os_var.o(.data)
    OS_AppTaskReturnHookPtr                  0x200007cc   Data           4  os_var.o(.data)
    OS_AppIdleTaskHookPtr                    0x200007d0   Data           4  os_var.o(.data)
    OS_AppStatTaskHookPtr                    0x200007d4   Data           4  os_var.o(.data)
    OS_AppTaskSwHookPtr                      0x200007d8   Data           4  os_var.o(.data)
    OS_AppTimeTickHookPtr                    0x200007dc   Data           4  os_var.o(.data)
    OSIdleTaskCtr                            0x200007e0   Data           4  os_var.o(.data)
    OSIntNestingCtr                          0x200007e4   Data           1  os_var.o(.data)
    OSRunning                                0x200007e5   Data           1  os_var.o(.data)
    OSIntQInPtr                              0x200007e8   Data           4  os_var.o(.data)
    OSIntQOutPtr                             0x200007ec   Data           4  os_var.o(.data)
    OSIntQNbrEntries                         0x200007f0   Data           2  os_var.o(.data)
    OSIntQNbrEntriesMax                      0x200007f2   Data           2  os_var.o(.data)
    OSIntQOvfCtr                             0x200007f4   Data           2  os_var.o(.data)
    OSIntQTaskTimeMax                        0x200007f8   Data           4  os_var.o(.data)
    OSFlagDbgListPtr                         0x200007fc   Data           4  os_var.o(.data)
    OSFlagQty                                0x20000800   Data           2  os_var.o(.data)
    OSMemDbgListPtr                          0x20000804   Data           4  os_var.o(.data)
    OSMemQty                                 0x20000808   Data           2  os_var.o(.data)
    OSMutexDbgListPtr                        0x2000080c   Data           4  os_var.o(.data)
    OSMutexQty                               0x20000810   Data           2  os_var.o(.data)
    OSPrioCur                                0x20000812   Data           1  os_var.o(.data)
    OSPrioHighRdy                            0x20000813   Data           1  os_var.o(.data)
    OSPrioSaved                              0x20000814   Data           1  os_var.o(.data)
    OSQDbgListPtr                            0x20000818   Data           4  os_var.o(.data)
    OSQQty                                   0x2000081c   Data           2  os_var.o(.data)
    OSSchedLockTimeBegin                     0x20000820   Data           4  os_var.o(.data)
    OSSchedLockTimeMax                       0x20000824   Data           4  os_var.o(.data)
    OSSchedLockTimeMaxCur                    0x20000828   Data           4  os_var.o(.data)
    OSSchedLockNestingCtr                    0x2000082c   Data           1  os_var.o(.data)
    OSSemDbgListPtr                          0x20000830   Data           4  os_var.o(.data)
    OSSemQty                                 0x20000834   Data           2  os_var.o(.data)
    OSTaskCtxSwCtr                           0x20000838   Data           4  os_var.o(.data)
    OSTaskDbgListPtr                         0x2000083c   Data           4  os_var.o(.data)
    OSTaskQty                                0x20000840   Data           2  os_var.o(.data)
    OSTaskRegNextAvailID                     0x20000842   Data           1  os_var.o(.data)
    OSTickCtr                                0x20000844   Data           4  os_var.o(.data)
    OSTickTaskTimeMax                        0x20000848   Data           4  os_var.o(.data)
    OSTmrDbgListPtr                          0x2000084c   Data           4  os_var.o(.data)
    OSTmrQty                                 0x20000850   Data           2  os_var.o(.data)
    OSTmrTaskTimeMax                         0x20000854   Data           4  os_var.o(.data)
    OSTmrTickCtr                             0x20000858   Data           4  os_var.o(.data)
    OSTmrUpdateCnt                           0x2000085c   Data           4  os_var.o(.data)
    OSTmrUpdateCtr                           0x20000860   Data           4  os_var.o(.data)
    OSTCBCurPtr                              0x20000864   Data           4  os_var.o(.data)
    OSTCBHighRdyPtr                          0x20000868   Data           4  os_var.o(.data)
    OS_CPU_ExceptStkBase                     0x2000086c   Data           4  os_cpu_c.o(.data)
    g_flag_group                             0x20000870   Data          40  main.o(.bss)
    g_dht11_sem                              0x20000898   Data          40  main.o(.bss)
    g_queue_usart2                           0x200008c0   Data          48  main.o(.bss)
    g_queue_usart1                           0x200008f0   Data          48  main.o(.bss)
    g_queue_dht11                            0x20000920   Data          48  main.o(.bss)
    g_printf_mutex                           0x20000950   Data          44  main.o(.bss)
    g_timer                                  0x2000097c   Data          52  main.o(.bss)
    task_init_tcb                            0x200009b0   Data         196  main.o(.bss)
    task_init_stk                            0x20000a74   Data         512  main.o(.bss)
    task_debug_tcb                           0x20000c74   Data         196  main.o(.bss)
    task_debug_stk                           0x20000d38   Data        2048  main.o(.bss)
    task_dht11_tcb                           0x20001538   Data         196  main.o(.bss)
    task_dht11_stk                           0x200015fc   Data         512  main.o(.bss)
    task_button_tcb                          0x200017fc   Data         196  main.o(.bss)
    task_button_stk                          0x200018c0   Data         512  main.o(.bss)
    task_w25q16_tcb                          0x20001ac0   Data         196  main.o(.bss)
    task_w25q26_stk                          0x20001b84   Data        1024  main.o(.bss)
    task_esp8266_tcb                         0x20001f84   Data         196  main.o(.bss)
    task_esp8266_stk                         0x20002048   Data        1024  main.o(.bss)
    esp8266_buf                              0x20002466   Data         128  esp8266_cilent.o(.bss)
    OSCfg_IdleTaskStk                        0x200024e8   Data         512  os_cfg_app.o(.bss)
    OSCfg_IntQ                               0x200026e8   Data         320  os_cfg_app.o(.bss)
    OSCfg_IntQTaskStk                        0x20002828   Data         512  os_cfg_app.o(.bss)
    OSCfg_ISRStk                             0x20002a28   Data         512  os_cfg_app.o(.bss)
    OSCfg_MsgPool                            0x20002c28   Data        1600  os_cfg_app.o(.bss)
    OSCfg_TickTaskStk                        0x20003268   Data         512  os_cfg_app.o(.bss)
    OSCfg_TickWheel                          0x20003468   Data         136  os_cfg_app.o(.bss)
    OSCfg_TmrTaskStk                         0x200034f0   Data         512  os_cfg_app.o(.bss)
    OSCfg_TmrWheel                           0x200036f0   Data         136  os_cfg_app.o(.bss)
    OSIdleTaskTCB                            0x20003778   Data         196  os_var.o(.bss)
    OSIntQTaskTCB                            0x2000383c   Data         196  os_var.o(.bss)
    OSMsgPool                                0x20003900   Data          12  os_var.o(.bss)
    OSRdyList                                0x2000390c   Data         768  os_var.o(.bss)
    OSTickTaskTCB                            0x20003c0c   Data         196  os_var.o(.bss)
    OSTmrTaskTCB                             0x20003cd0   Data         196  os_var.o(.bss)
    __libspace_start                         0x20003d94   Data          96  libspace.o(.bss)
    __temporary_stack_top$libspace           0x20003df4   Data           0  libspace.o(.bss)



==============================================================================

Memory Map of the image

  Image Entry point : 0x08000315

  Load Region LR_1 (Base: 0x08000000, Size: 0x00006e18, Max: 0xffffffff, ABSOLUTE, COMPRESSED[0x0000685c])

    Execution Region ER_RO (Base: 0x08000000, Size: 0x000065a8, Max: 0xffffffff, ABSOLUTE)

    Base Addr    Size         Type   Attr      Idx    E Section Name        Object

    0x08000000   0x00000188   Data   RO          272    RESET               startup_stm32f40_41xxx.o
    0x08000188   0x00000008   Code   RO         6112  * !!!main             c_w.l(__main.o)
    0x08000190   0x00000034   Code   RO         6408    !!!scatter          c_w.l(__scatter.o)
    0x080001c4   0x0000005a   Code   RO         6406    !!dczerorl2         c_w.l(__dczerorl2.o)
    0x0800021e   0x00000002   PAD
    0x08000220   0x0000001c   Code   RO         6410    !!handler_zi        c_w.l(__scatter_zi.o)
    0x0800023c   0x00000000   Code   RO         6098    .ARM.Collect$$_printf_percent$$00000000  c_w.l(_printf_percent.o)
    0x0800023c   0x00000006   Code   RO         6151    .ARM.Collect$$_printf_percent$$00000001  c_w.l(_printf_n.o)
    0x08000242   0x00000006   Code   RO         6152    .ARM.Collect$$_printf_percent$$00000002  c_w.l(_printf_p.o)
    0x08000248   0x00000006   Code   RO         6156    .ARM.Collect$$_printf_percent$$00000003  c_w.l(_printf_f.o)
    0x0800024e   0x00000006   Code   RO         6157    .ARM.Collect$$_printf_percent$$00000004  c_w.l(_printf_e.o)
    0x08000254   0x00000006   Code   RO         6158    .ARM.Collect$$_printf_percent$$00000005  c_w.l(_printf_g.o)
    0x0800025a   0x00000006   Code   RO         6159    .ARM.Collect$$_printf_percent$$00000006  c_w.l(_printf_a.o)
    0x08000260   0x0000000a   Code   RO         6164    .ARM.Collect$$_printf_percent$$00000007  c_w.l(_printf_ll.o)
    0x0800026a   0x00000006   Code   RO         6154    .ARM.Collect$$_printf_percent$$00000008  c_w.l(_printf_i.o)
    0x08000270   0x00000006   Code   RO         6097    .ARM.Collect$$_printf_percent$$00000009  c_w.l(_printf_d.o)
    0x08000276   0x00000006   Code   RO         6155    .ARM.Collect$$_printf_percent$$0000000A  c_w.l(_printf_u.o)
    0x0800027c   0x00000006   Code   RO         6153    .ARM.Collect$$_printf_percent$$0000000B  c_w.l(_printf_o.o)
    0x08000282   0x00000006   Code   RO         6096    .ARM.Collect$$_printf_percent$$0000000C  c_w.l(_printf_x.o)
    0x08000288   0x00000006   Code   RO         6161    .ARM.Collect$$_printf_percent$$0000000D  c_w.l(_printf_lli.o)
    0x0800028e   0x00000006   Code   RO         6162    .ARM.Collect$$_printf_percent$$0000000E  c_w.l(_printf_lld.o)
    0x08000294   0x00000006   Code   RO         6163    .ARM.Collect$$_printf_percent$$0000000F  c_w.l(_printf_llu.o)
    0x0800029a   0x00000006   Code   RO         6168    .ARM.Collect$$_printf_percent$$00000010  c_w.l(_printf_llo.o)
    0x080002a0   0x00000006   Code   RO         6169    .ARM.Collect$$_printf_percent$$00000011  c_w.l(_printf_llx.o)
    0x080002a6   0x0000000a   Code   RO         6165    .ARM.Collect$$_printf_percent$$00000012  c_w.l(_printf_l.o)
    0x080002b0   0x00000006   Code   RO         6149    .ARM.Collect$$_printf_percent$$00000013  c_w.l(_printf_c.o)
    0x080002b6   0x00000006   Code   RO         6150    .ARM.Collect$$_printf_percent$$00000014  c_w.l(_printf_s.o)
    0x080002bc   0x00000006   Code   RO         6166    .ARM.Collect$$_printf_percent$$00000015  c_w.l(_printf_lc.o)
    0x080002c2   0x00000006   Code   RO         6167    .ARM.Collect$$_printf_percent$$00000016  c_w.l(_printf_ls.o)
    0x080002c8   0x00000004   Code   RO         6160    .ARM.Collect$$_printf_percent$$00000017  c_w.l(_printf_percent_end.o)
    0x080002cc   0x00000002   Code   RO         6275    .ARM.Collect$$libinit$$00000000  c_w.l(libinit.o)
    0x080002ce   0x00000004   Code   RO         6291    .ARM.Collect$$libinit$$00000001  c_w.l(libinit2.o)
    0x080002d2   0x00000000   Code   RO         6294    .ARM.Collect$$libinit$$00000004  c_w.l(libinit2.o)
    0x080002d2   0x00000000   Code   RO         6297    .ARM.Collect$$libinit$$0000000A  c_w.l(libinit2.o)
    0x080002d2   0x00000000   Code   RO         6299    .ARM.Collect$$libinit$$0000000C  c_w.l(libinit2.o)
    0x080002d2   0x00000000   Code   RO         6301    .ARM.Collect$$libinit$$0000000E  c_w.l(libinit2.o)
    0x080002d2   0x00000006   Code   RO         6302    .ARM.Collect$$libinit$$0000000F  c_w.l(libinit2.o)
    0x080002d8   0x00000000   Code   RO         6304    .ARM.Collect$$libinit$$00000011  c_w.l(libinit2.o)
    0x080002d8   0x0000000c   Code   RO         6305    .ARM.Collect$$libinit$$00000012  c_w.l(libinit2.o)
    0x080002e4   0x00000000   Code   RO         6306    .ARM.Collect$$libinit$$00000013  c_w.l(libinit2.o)
    0x080002e4   0x00000000   Code   RO         6308    .ARM.Collect$$libinit$$00000015  c_w.l(libinit2.o)
    0x080002e4   0x0000000a   Code   RO         6309    .ARM.Collect$$libinit$$00000016  c_w.l(libinit2.o)
    0x080002ee   0x00000000   Code   RO         6310    .ARM.Collect$$libinit$$00000017  c_w.l(libinit2.o)
    0x080002ee   0x00000000   Code   RO         6312    .ARM.Collect$$libinit$$00000019  c_w.l(libinit2.o)
    0x080002ee   0x00000000   Code   RO         6314    .ARM.Collect$$libinit$$0000001B  c_w.l(libinit2.o)
    0x080002ee   0x00000000   Code   RO         6316    .ARM.Collect$$libinit$$0000001D  c_w.l(libinit2.o)
    0x080002ee   0x00000000   Code   RO         6318    .ARM.Collect$$libinit$$0000001F  c_w.l(libinit2.o)
    0x080002ee   0x00000000   Code   RO         6320    .ARM.Collect$$libinit$$00000021  c_w.l(libinit2.o)
    0x080002ee   0x00000000   Code   RO         6322    .ARM.Collect$$libinit$$00000023  c_w.l(libinit2.o)
    0x080002ee   0x00000000   Code   RO         6324    .ARM.Collect$$libinit$$00000025  c_w.l(libinit2.o)
    0x080002ee   0x00000000   Code   RO         6328    .ARM.Collect$$libinit$$0000002C  c_w.l(libinit2.o)
    0x080002ee   0x00000000   Code   RO         6330    .ARM.Collect$$libinit$$0000002E  c_w.l(libinit2.o)
    0x080002ee   0x00000000   Code   RO         6332    .ARM.Collect$$libinit$$00000030  c_w.l(libinit2.o)
    0x080002ee   0x00000000   Code   RO         6334    .ARM.Collect$$libinit$$00000032  c_w.l(libinit2.o)
    0x080002ee   0x00000002   Code   RO         6335    .ARM.Collect$$libinit$$00000033  c_w.l(libinit2.o)
    0x080002f0   0x00000002   Code   RO         6361    .ARM.Collect$$libshutdown$$00000000  c_w.l(libshutdown.o)
    0x080002f2   0x00000000   Code   RO         6391    .ARM.Collect$$libshutdown$$00000003  c_w.l(libshutdown2.o)
    0x080002f2   0x00000000   Code   RO         6394    .ARM.Collect$$libshutdown$$00000006  c_w.l(libshutdown2.o)
    0x080002f2   0x00000000   Code   RO         6397    .ARM.Collect$$libshutdown$$00000009  c_w.l(libshutdown2.o)
    0x080002f2   0x00000000   Code   RO         6399    .ARM.Collect$$libshutdown$$0000000B  c_w.l(libshutdown2.o)
    0x080002f2   0x00000000   Code   RO         6402    .ARM.Collect$$libshutdown$$0000000E  c_w.l(libshutdown2.o)
    0x080002f2   0x00000002   Code   RO         6403    .ARM.Collect$$libshutdown$$0000000F  c_w.l(libshutdown2.o)
    0x080002f4   0x00000000   Code   RO         6114    .ARM.Collect$$rtentry$$00000000  c_w.l(__rtentry.o)
    0x080002f4   0x00000000   Code   RO         6182    .ARM.Collect$$rtentry$$00000002  c_w.l(__rtentry2.o)
    0x080002f4   0x00000006   Code   RO         6194    .ARM.Collect$$rtentry$$00000004  c_w.l(__rtentry4.o)
    0x080002fa   0x00000000   Code   RO         6184    .ARM.Collect$$rtentry$$00000009  c_w.l(__rtentry2.o)
    0x080002fa   0x00000004   Code   RO         6185    .ARM.Collect$$rtentry$$0000000A  c_w.l(__rtentry2.o)
    0x080002fe   0x00000000   Code   RO         6187    .ARM.Collect$$rtentry$$0000000C  c_w.l(__rtentry2.o)
    0x080002fe   0x00000008   Code   RO         6188    .ARM.Collect$$rtentry$$0000000D  c_w.l(__rtentry2.o)
    0x08000306   0x00000002   Code   RO         6281    .ARM.Collect$$rtexit$$00000000  c_w.l(rtexit.o)
    0x08000308   0x00000000   Code   RO         6337    .ARM.Collect$$rtexit$$00000002  c_w.l(rtexit2.o)
    0x08000308   0x00000004   Code   RO         6338    .ARM.Collect$$rtexit$$00000003  c_w.l(rtexit2.o)
    0x0800030c   0x00000006   Code   RO         6339    .ARM.Collect$$rtexit$$00000004  c_w.l(rtexit2.o)
    0x08000312   0x00000002   PAD
    0x08000314   0x00000040   Code   RO          273  * .text               startup_stm32f40_41xxx.o
    0x08000354   0x00000034   Code   RO         4335    .text               cpu_a.o
    0x08000388   0x0000000c   Code   RO         6039    .text               c_w.l(c89vprintf.o)
    0x08000394   0x00000018   Code   RO         6041    .text               c_w.l(__2printf.o)
    0x080003ac   0x0000004e   Code   RO         6051    .text               c_w.l(_printf_pad.o)
    0x080003fa   0x00000002   PAD
    0x080003fc   0x00000078   Code   RO         6053    .text               c_w.l(_printf_dec.o)
    0x08000474   0x00000094   Code   RO         6073    .text               c_w.l(_printf_hex_int_ll_ptr.o)
    0x08000508   0x00000188   Code   RO         6093    .text               c_w.l(__printf_flags_ss_wp.o)
    0x08000690   0x00000024   Code   RO         6104    .text               c_w.l(strstr.o)
    0x080006b4   0x0000003e   Code   RO         6106    .text               c_w.l(strlen.o)
    0x080006f2   0x00000044   Code   RO         6108    .text               c_w.l(rt_memclr.o)
    0x08000736   0x00000006   Code   RO         6110    .text               c_w.l(heapauxi.o)
    0x0800073c   0x00000024   Code   RO         6124    .text               c_w.l(_printf_truncate.o)
    0x08000760   0x00000052   Code   RO         6126    .text               c_w.l(_printf_str.o)
    0x080007b2   0x000000b2   Code   RO         6128    .text               c_w.l(_printf_intcommon.o)
    0x08000864   0x00000028   Code   RO         6130    .text               c_w.l(_printf_charcount.o)
    0x0800088c   0x00000030   Code   RO         6132    .text               c_w.l(_printf_char_common.o)
    0x080008bc   0x00000024   Code   RO         6136    .text               c_w.l(_printf_char_file.o)
    0x080008e0   0x000000bc   Code   RO         6138    .text               c_w.l(_printf_wctomb.o)
    0x0800099c   0x0000007c   Code   RO         6141    .text               c_w.l(_printf_longlong_dec.o)
    0x08000a18   0x00000070   Code   RO         6147    .text               c_w.l(_printf_oct_int_ll.o)
    0x08000a88   0x0000004e   Code   RO         6174    .text               c_w.l(rt_memclr_w.o)
    0x08000ad6   0x00000002   PAD
    0x08000ad8   0x00000008   Code   RO         6178    .text               c_w.l(libspace.o)
    0x08000ae0   0x00000010   Code   RO         6196    .text               c_w.l(rt_ctype_table.o)
    0x08000af0   0x0000008a   Code   RO         6200    .text               c_w.l(lludiv10.o)
    0x08000b7a   0x0000041a   Code   RO         6202    .text               c_w.l(_printf_fp_dec.o)
    0x08000f94   0x0000002c   Code   RO         6206    .text               c_w.l(_printf_char.o)
    0x08000fc0   0x0000002c   Code   RO         6208    .text               c_w.l(_printf_wchar.o)
    0x08000fec   0x00000008   Code   RO         6212    .text               c_w.l(ferror.o)
    0x08000ff4   0x00000040   Code   RO         6216    .text               c_w.l(_wcrtomb.o)
    0x08001034   0x0000004a   Code   RO         6222    .text               c_w.l(sys_stackheap_outer.o)
    0x0800107e   0x00000002   PAD
    0x08001080   0x00000008   Code   RO         6227    .text               c_w.l(rt_locale_intlibspace.o)
    0x08001088   0x00000080   Code   RO         6229    .text               c_w.l(_printf_fp_infnan.o)
    0x08001108   0x000000dc   Code   RO         6233    .text               c_w.l(bigflt0.o)
    0x080011e4   0x0000000c   Code   RO         6264    .text               c_w.l(exit.o)
    0x080011f0   0x00000080   Code   RO         6289    .text               c_w.l(strcmpv7m.o)
    0x08001270   0x0000003e   Code   RO         6236    CL$$btod_d2e        c_w.l(btod.o)
    0x080012ae   0x00000046   Code   RO         6238    CL$$btod_d2e_denorm_low  c_w.l(btod.o)
    0x080012f4   0x00000060   Code   RO         6237    CL$$btod_d2e_norm_op1  c_w.l(btod.o)
    0x08001354   0x00000338   Code   RO         6246    CL$$btod_div_common  c_w.l(btod.o)
    0x0800168c   0x000000c6   Code   RO         6243    CL$$btod_e2e        c_w.l(btod.o)
    0x08001752   0x00000028   Code   RO         6240    CL$$btod_ediv       c_w.l(btod.o)
    0x0800177a   0x00000028   Code   RO         6239    CL$$btod_emul       c_w.l(btod.o)
    0x080017a2   0x00000244   Code   RO         6245    CL$$btod_mult_common  c_w.l(btod.o)
    0x080019e6   0x00000002   PAD
    0x080019e8   0x000000ac   Code   RO         5871    CODE                os_cpu_a.o
    0x08001a94   0x00000098   Code   RO         3366    i.Button_Init       button.o
    0x08001b2c   0x0000000c   Code   RO         4126    i.CPU_TS_TmrRd      bsp.o
    0x08001b38   0x00000034   Code   RO            4    i.Debug_Printf      main.o
    0x08001b6c   0x00000048   Code   RO         3414    i.Delay_ms          delay.o
    0x08001bb4   0x00000044   Code   RO         3415    i.Delay_us          delay.o
    0x08001bf8   0x0000003c   Code   RO         3467    i.Dht11_Init        dht11.o
    0x08001c34   0x00000074   Code   RO         3468    i.Dht11_Read_Byte   dht11.o
    0x08001ca8   0x00000044   Code   RO         3469    i.Dht11_Read_Data   dht11.o
    0x08001cec   0x000000d0   Code   RO         3470    i.Dht11_Start       dht11.o
    0x08001dbc   0x0000000c   Code   RO         4062    i.ESP8266_Clear     esp8266_cilent.o
    0x08001dc8   0x00000058   Code   RO         4063    i.ESP8266_Init      esp8266_cilent.o
    0x08001e20   0x0000005c   Code   RO         4064    i.ESP8266_SendCmd   esp8266_cilent.o
    0x08001e7c   0x0000002c   Code   RO         3367    i.EXTI3_IRQHandler  button.o
    0x08001ea8   0x0000002c   Code   RO         3368    i.EXTI4_IRQHandler  button.o
    0x08001ed4   0x0000000c   Code   RO          740    i.EXTI_ClearITPendingBit  stm32f4xx_exti.o
    0x08001ee0   0x00000014   Code   RO          744    i.EXTI_GetITStatus  stm32f4xx_exti.o
    0x08001ef4   0x00000070   Code   RO          745    i.EXTI_Init         stm32f4xx_exti.o
    0x08001f64   0x00000078   Code   RO         1067    i.GPIO_Init         stm32f4xx_gpio.o
    0x08001fdc   0x00000020   Code   RO         1068    i.GPIO_PinAFConfig  stm32f4xx_gpio.o
    0x08001ffc   0x00000004   Code   RO         1074    i.GPIO_ResetBits    stm32f4xx_gpio.o
    0x08002000   0x00000004   Code   RO         1075    i.GPIO_SetBits      stm32f4xx_gpio.o
    0x08002004   0x0000000c   Code   RO         3807    i.Get_Send_Count    usart.o
    0x08002010   0x00000044   Code   RO         3902    i.IIC_Start         oled.o
    0x08002054   0x00000034   Code   RO         3903    i.IIC_Stop          oled.o
    0x08002088   0x00000048   Code   RO         3904    i.IIC_Wait_Ack      oled.o
    0x080020d0   0x00000070   Code   RO         3626    i.LED_Init          led.o
    0x08002140   0x00000064   Code   RO          325    i.NVIC_Init         misc.o
    0x080021a4   0x00000014   Code   RO          326    i.NVIC_PriorityGroupConfig  misc.o
    0x080021b8   0x0000003c   Code   RO         3905    i.OLED_Clear        oled.o
    0x080021f4   0x00000040   Code   RO         3908    i.OLED_DrawBMP      oled.o
    0x08002234   0x00000114   Code   RO         3909    i.OLED_Init         oled.o
    0x08002348   0x00000028   Code   RO         3911    i.OLED_Set_Pos      oled.o
    0x08002370   0x00000050   Code   RO         3912    i.OLED_ShowCHinese  oled.o
    0x080023c0   0x0000000a   Code   RO         3916    i.OLED_WR_Byte      oled.o
    0x080023ca   0x00000002   Code   RO         4747    i.OSCfg_Init        os_cfg_app.o
    0x080023cc   0x00000078   Code   RO         5020    i.OSFlagCreate      os_flag.o
    0x08002444   0x00000230   Code   RO         5022    i.OSFlagPend        os_flag.o
    0x08002674   0x0000007c   Code   RO         5025    i.OSFlagPost        os_flag.o
    0x080026f0   0x00000010   Code   RO         5877    i.OSIdleTaskHook    os_cpu_c.o
    0x08002700   0x00000158   Code   RO         4784    i.OSInit            os_core.o
    0x08002858   0x00000024   Code   RO         5878    i.OSInitHook        os_cpu_c.o
    0x0800287c   0x00000020   Code   RO         4785    i.OSIntEnter        os_core.o
    0x0800289c   0x00000084   Code   RO         4786    i.OSIntExit         os_core.o
    0x08002920   0x00000080   Code   RO         5211    i.OSMutexCreate     os_mutex.o
    0x080029a0   0x000001d0   Code   RO         5213    i.OSMutexPend       os_mutex.o
    0x08002b70   0x00000184   Code   RO         5215    i.OSMutexPost       os_mutex.o
    0x08002cf4   0x00000088   Code   RO         5314    i.OSQCreate         os_q.o
    0x08002d7c   0x0000009c   Code   RO         5319    i.OSQPost           os_q.o
    0x08002e18   0x00000074   Code   RO         4787    i.OSSched           os_core.o
    0x08002e8c   0x00000054   Code   RO         4788    i.OSSchedLock       os_core.o
    0x08002ee0   0x00000068   Code   RO         4789    i.OSSchedUnlock     os_core.o
    0x08002f48   0x00000078   Code   RO         5386    i.OSSemCreate       os_sem.o
    0x08002fc0   0x00000080   Code   RO         5390    i.OSSemPost         os_sem.o
    0x08003040   0x00000058   Code   RO         4790    i.OSStart           os_core.o
    0x08003098   0x000001a0   Code   RO         5465    i.OSTaskCreate      os_task.o
    0x08003238   0x00000010   Code   RO         5880    i.OSTaskCreateHook  os_cpu_c.o
    0x08003248   0x00000118   Code   RO         5466    i.OSTaskDel         os_task.o
    0x08003360   0x00000010   Code   RO         5881    i.OSTaskDelHook     os_cpu_c.o
    0x08003370   0x00000010   Code   RO         5882    i.OSTaskReturnHook  os_cpu_c.o
    0x08003380   0x00000138   Code   RO         5475    i.OSTaskSemPend     os_task.o
    0x080034b8   0x0000013c   Code   RO         5883    i.OSTaskStkInit     os_cpu_c.o
    0x080035f4   0x00000058   Code   RO         5884    i.OSTaskSwHook      os_cpu_c.o
    0x0800364c   0x000000ac   Code   RO         5674    i.OSTimeDly         os_time.o
    0x080036f8   0x00000040   Code   RO         5679    i.OSTimeTick        os_time.o
    0x08003738   0x00000010   Code   RO         5885    i.OSTimeTickHook    os_cpu_c.o
    0x08003748   0x000000b8   Code   RO         5716    i.OSTmrCreate       os_tmr.o
    0x08003800   0x00000084   Code   RO         5719    i.OSTmrStart        os_tmr.o
    0x08003884   0x00000002   Code   RO         5004    i.OS_Dbg_Init       os_dbg.o
    0x08003886   0x00000002   PAD
    0x08003888   0x00000020   Code   RO         5026    i.OS_FlagBlock      os_flag.o
    0x080038a8   0x00000024   Code   RO         5028    i.OS_FlagDbgListAdd  os_flag.o
    0x080038cc   0x00000018   Code   RO         5030    i.OS_FlagInit       os_flag.o
    0x080038e4   0x00000130   Code   RO         5031    i.OS_FlagPost       os_flag.o
    0x08003a14   0x00000044   Code   RO         5032    i.OS_FlagTaskRdy    os_flag.o
    0x08003a58   0x0000001c   Code   RO         4792    i.OS_IdleTask       os_core.o
    0x08003a74   0x00000068   Code   RO         4793    i.OS_IdleTaskInit   os_core.o
    0x08003adc   0x000000b0   Code   RO         5103    i.OS_IntQPost       os_int.o
    0x08003b8c   0x00000100   Code   RO         5104    i.OS_IntQRePost     os_int.o
    0x08003c8c   0x0000007c   Code   RO         5105    i.OS_IntQTask       os_int.o
    0x08003d08   0x00000118   Code   RO         5106    i.OS_IntQTaskInit   os_int.o
    0x08003e20   0x00000018   Code   RO         5137    i.OS_MemInit        os_mem.o
    0x08003e38   0x00000030   Code   RO         5169    i.OS_MsgPoolCreate  os_msg.o
    0x08003e68   0x00000048   Code   RO         5170    i.OS_MsgPoolInit    os_msg.o
    0x08003eb0   0x00000034   Code   RO         5171    i.OS_MsgQFreeAll    os_msg.o
    0x08003ee4   0x0000000e   Code   RO         5173    i.OS_MsgQInit       os_msg.o
    0x08003ef2   0x00000002   PAD
    0x08003ef4   0x00000084   Code   RO         5174    i.OS_MsgQPut        os_msg.o
    0x08003f78   0x00000024   Code   RO         5217    i.OS_MutexDbgListAdd  os_mutex.o
    0x08003f9c   0x00000018   Code   RO         5219    i.OS_MutexInit      os_mutex.o
    0x08003fb4   0x00000050   Code   RO         4794    i.OS_Pend           os_core.o
    0x08004004   0x00000030   Code   RO         4797    i.OS_PendDataInit   os_core.o
    0x08004034   0x00000048   Code   RO         4798    i.OS_PendDbgNameAdd  os_core.o
    0x0800407c   0x0000001c   Code   RO         4799    i.OS_PendDbgNameRemove  os_core.o
    0x08004098   0x00000032   Code   RO         4800    i.OS_PendListChangePrio  os_core.o
    0x080040ca   0x0000000a   Code   RO         4801    i.OS_PendListInit   os_core.o
    0x080040d4   0x0000005a   Code   RO         4803    i.OS_PendListInsertPrio  os_core.o
    0x0800412e   0x00000026   Code   RO         4804    i.OS_PendListRemove  os_core.o
    0x08004154   0x00000036   Code   RO         4805    i.OS_PendListRemove1  os_core.o
    0x0800418a   0x00000098   Code   RO         4808    i.OS_Post           os_core.o
    0x08004222   0x00000026   Code   RO         4809    i.OS_Post1          os_core.o
    0x08004248   0x00000024   Code   RO         5277    i.OS_PrioGetHighest  os_prio.o
    0x0800426c   0x00000018   Code   RO         5278    i.OS_PrioInit       os_prio.o
    0x08004284   0x00000020   Code   RO         5279    i.OS_PrioInsert     os_prio.o
    0x080042a4   0x00000020   Code   RO         5280    i.OS_PrioRemove     os_prio.o
    0x080042c4   0x00000024   Code   RO         5321    i.OS_QDbgListAdd    os_q.o
    0x080042e8   0x00000018   Code   RO         5323    i.OS_QInit          os_q.o
    0x08004300   0x000000cc   Code   RO         5324    i.OS_QPost          os_q.o
    0x080043cc   0x00000024   Code   RO         4810    i.OS_RdyListInit    os_core.o
    0x080043f0   0x00000030   Code   RO         4811    i.OS_RdyListInsert  os_core.o
    0x08004420   0x00000038   Code   RO         4812    i.OS_RdyListInsertHead  os_core.o
    0x08004458   0x00000034   Code   RO         4813    i.OS_RdyListInsertTail  os_core.o
    0x0800448c   0x00000054   Code   RO         4815    i.OS_RdyListRemove  os_core.o
    0x080044e0   0x00000044   Code   RO         4816    i.OS_Sched0         os_core.o
    0x08004524   0x0000001c   Code   RO         4817    i.OS_SchedLockTimeMeasStart  os_core.o
    0x08004540   0x0000003c   Code   RO         4818    i.OS_SchedLockTimeMeasStop  os_core.o
    0x0800457c   0x00000024   Code   RO         5393    i.OS_SemDbgListAdd  os_sem.o
    0x080045a0   0x00000018   Code   RO         5395    i.OS_SemInit        os_sem.o
    0x080045b8   0x000000a4   Code   RO         5396    i.OS_SemPost        os_sem.o
    0x0800465c   0x0000002a   Code   RO         4819    i.OS_TaskBlock      os_core.o
    0x08004686   0x00000002   PAD
    0x08004688   0x00000024   Code   RO         5481    i.OS_TaskDbgListAdd  os_task.o
    0x080046ac   0x00000038   Code   RO         5482    i.OS_TaskDbgListRemove  os_task.o
    0x080046e4   0x00000020   Code   RO         5483    i.OS_TaskInit       os_task.o
    0x08004704   0x000000c0   Code   RO         5484    i.OS_TaskInitTCB    os_task.o
    0x080047c4   0x000000ec   Code   RO         5485    i.OS_TaskQPost      os_task.o
    0x080048b0   0x0000001c   Code   RO         4820    i.OS_TaskRdy        os_core.o
    0x080048cc   0x000000bc   Code   RO         5486    i.OS_TaskResume     os_task.o
    0x08004988   0x00000018   Code   RO         5487    i.OS_TaskReturn     os_task.o
    0x080049a0   0x00000110   Code   RO         5488    i.OS_TaskSemPost    os_task.o
    0x08004ab0   0x000000a8   Code   RO         5489    i.OS_TaskSuspend    os_task.o
    0x08004b58   0x0000002c   Code   RO         5626    i.OS_TickListInit   os_tick.o
    0x08004b84   0x000000d8   Code   RO         5627    i.OS_TickListInsert  os_tick.o
    0x08004c5c   0x00000036   Code   RO         5628    i.OS_TickListRemove  os_tick.o
    0x08004c92   0x00000002   PAD
    0x08004c94   0x00000148   Code   RO         5630    i.OS_TickListUpdate  os_tick.o
    0x08004ddc   0x00000028   Code   RO         5631    i.OS_TickTask       os_tick.o
    0x08004e04   0x000000a8   Code   RO         5632    i.OS_TickTaskInit   os_tick.o
    0x08004eac   0x0000001c   Code   RO         5723    i.OS_TmrDbgListAdd  os_tmr.o
    0x08004ec8   0x00000104   Code   RO         5725    i.OS_TmrInit        os_tmr.o
    0x08004fcc   0x00000098   Code   RO         5726    i.OS_TmrLink        os_tmr.o
    0x08005064   0x000000ac   Code   RO         5728    i.OS_TmrTask        os_tmr.o
    0x08005110   0x0000004c   Code   RO         5729    i.OS_TmrUnlink      os_tmr.o
    0x0800515c   0x00000018   Code   RO         1570    i.RCC_AHB1PeriphClockCmd  stm32f4xx_rcc.o
    0x08005174   0x00000018   Code   RO         1579    i.RCC_APB1PeriphClockCmd  stm32f4xx_rcc.o
    0x0800518c   0x00000018   Code   RO         1582    i.RCC_APB2PeriphClockCmd  stm32f4xx_rcc.o
    0x080051a4   0x00000090   Code   RO         1591    i.RCC_GetClocksFreq  stm32f4xx_rcc.o
    0x08005234   0x0000002c   Code   RO         3653    i.RTC_Alarm_IRQHandler  rtc.o
    0x08005260   0x0000001c   Code   RO         1911    i.RTC_ClearITPendingBit  stm32f4xx_rtc.o
    0x0800527c   0x00000038   Code   RO         1923    i.RTC_GetITStatus   stm32f4xx_rtc.o
    0x080052b4   0x0000002c   Code   RO         3654    i.RTC_WKUP_IRQHandler  rtc.o
    0x080052e0   0x00000030   Code   RO         2431    i.SYSCFG_EXTILineConfig  stm32f4xx_syscfg.o
    0x08005310   0x00000018   Code   RO         3917    i.Sda_Mode          oled.o
    0x08005328   0x00000040   Code   RO         4066    i.Send_Complete     esp8266_cilent.o
    0x08005368   0x000000b4   Code   RO          280    i.SetSysClock       system_stm32f4xx.o
    0x0800541c   0x0000000c   Code   RO         3809    i.Set_Send_Count    usart.o
    0x08005428   0x00000018   Code   RO          329    i.SysTick_CLKSourceConfig  misc.o
    0x08005440   0x00000020   Code   RO         3416    i.SysTick_Handler   delay.o
    0x08005460   0x0000005c   Code   RO          282    i.SystemInit        system_stm32f4xx.o
    0x080054bc   0x00000060   Code   RO         3417    i.Systick_init      delay.o
    0x0800551c   0x00000090   Code   RO            5    i.Task_Button       main.o
    0x080055ac   0x0000009c   Code   RO            6    i.Task_Debug        main.o
    0x08005648   0x00000068   Code   RO            7    i.Task_Dht11        main.o
    0x080056b0   0x00000058   Code   RO            8    i.Task_ESP8266      main.o
    0x08005708   0x00000258   Code   RO            9    i.Task_Init         main.o
    0x08005960   0x00000002   Code   RO           10    i.Task_Timer        main.o
    0x08005962   0x00000002   PAD
    0x08005964   0x00000064   Code   RO           11    i.Task_W25Q16       main.o
    0x080059c8   0x00000084   Code   RO         3810    i.USART1_IRQHandler  usart.o
    0x08005a4c   0x00000060   Code   RO         3811    i.USART2_IRQHandler  usart.o
    0x08005aac   0x0000000c   Code   RO         3040    i.USART_ClearITPendingBit  stm32f4xx_usart.o
    0x08005ab8   0x00000014   Code   RO         3043    i.USART_Cmd         stm32f4xx_usart.o
    0x08005acc   0x0000000e   Code   RO         3046    i.USART_GetFlagStatus  stm32f4xx_usart.o
    0x08005ada   0x0000003e   Code   RO         3047    i.USART_GetITStatus  stm32f4xx_usart.o
    0x08005b18   0x00000030   Code   RO         3049    i.USART_ITConfig    stm32f4xx_usart.o
    0x08005b48   0x000000ac   Code   RO         3050    i.USART_Init        stm32f4xx_usart.o
    0x08005bf4   0x00000008   Code   RO         3057    i.USART_ReceiveData  stm32f4xx_usart.o
    0x08005bfc   0x00000008   Code   RO         3060    i.USART_SendData    stm32f4xx_usart.o
    0x08005c04   0x000000ac   Code   RO         3812    i.Usart1_Init       usart.o
    0x08005cb0   0x000000ac   Code   RO         3813    i.Usart2_Init       usart.o
    0x08005d5c   0x00000028   Code   RO         3814    i.Usart2_SendString  usart.o
    0x08005d84   0x00000048   Code   RO         3519    i.W25Q16_Erase_Sector  flash.o
    0x08005dcc   0x00000064   Code   RO         3520    i.W25Q16_Init       flash.o
    0x08005e30   0x0000004c   Code   RO         3521    i.W25Q16_Read_Data  flash.o
    0x08005e7c   0x00000024   Code   RO         3523    i.W25Q16_Read_SR    flash.o
    0x08005ea0   0x00000054   Code   RO         3524    i.W25Q16_Send_Byte  flash.o
    0x08005ef4   0x00000080   Code   RO         3525    i.W25Q16_Write_Data  flash.o
    0x08005f74   0x00000190   Code   RO         4067    i.WIFI_CWJAP        esp8266_cilent.o
    0x08006104   0x0000006c   Code   RO         3918    i.Write_IIC_Byte    oled.o
    0x08006170   0x0000002e   Code   RO         3919    i.Write_IIC_Command  oled.o
    0x0800619e   0x0000002e   Code   RO         3920    i.Write_IIC_Data    oled.o
    0x080061cc   0x00000030   Code   RO         6279    i.__ARM_fpclassify  m_wm.l(fpclassify.o)
    0x080061fc   0x0000000e   Code   RO         6086    i._is_digit         c_w.l(__printf_wp.o)
    0x0800620a   0x00000002   Code   RO         3815    i._sys_exit         usart.o
    0x0800620c   0x00000024   Code   RO         3816    i.fputc             usart.o
    0x08006230   0x0000006c   Code   RO           12    i.main              main.o
    0x0800629c   0x0000002c   Code   RO         6259    locale$$code        c_w.l(lc_ctype_c.o)
    0x080062c8   0x0000002c   Code   RO         6262    locale$$code        c_w.l(lc_numeric_c.o)
    0x080062f4   0x0000000a   Code   RO         6349    x$fpl$fpinit        fz_wm.l(fpinit.o)
    0x080062fe   0x00000004   Code   RO         6176    x$fpl$printf1       fz_wm.l(printf1.o)
    0x08006302   0x00000000   Code   RO         6278    x$fpl$usenofp       fz_wm.l(usenofp.o)
    0x08006302   0x00000002   PAD
    0x08006304   0x00000080   Data   RO         4757    .constdata          os_cfg_app.o
    0x08006384   0x00000028   Data   RO         6074    .constdata          c_w.l(_printf_hex_int_ll_ptr.o)
    0x080063ac   0x00000011   Data   RO         6094    .constdata          c_w.l(__printf_flags_ss_wp.o)
    0x080063bd   0x00000003   PAD
    0x080063c0   0x00000008   Data   RO         6139    .constdata          c_w.l(_printf_wctomb.o)
    0x080063c8   0x00000094   Data   RO         6234    .constdata          c_w.l(bigflt0.o)
    0x0800645c   0x00000020   Data   RO         6404    Region$$Table       anon$$obj.o
    0x0800647c   0x00000110   Data   RO         6258    locale$$data        c_w.l(lc_ctype_c.o)
    0x0800658c   0x0000001c   Data   RO         6261    locale$$data        c_w.l(lc_numeric_c.o)


    Execution Region ER_RW (Base: 0x20000000, Size: 0x00000870, Max: 0xffffffff, ABSOLUTE, COMPRESSED[0x000002b4])

    Base Addr    Size         Type   Attr      Idx    E Section Name        Object

    0x20000000   0x00000400   Data   RW           15    .data               main.o
    0x20000400   0x00000014   Data   RW          283    .data               system_stm32f4xx.o
    0x20000414   0x00000010   Data   RW         1622    .data               stm32f4xx_rcc.o
    0x20000424   0x00000004   Data   RW         3418    .data               delay.o
    0x20000428   0x00000008   Data   RW         3662    .data               rtc.o
    0x20000430   0x00000002   Data   RW         3820    .data               usart.o
    0x20000432   0x00000002   PAD
    0x20000434   0x00000004   Data   RW         3821    .data               usart.o
    0x20000438   0x00000380   Data   RW         3924    .data               oled.o
    0x200007b8   0x00000001   Data   RW         4069    .data               esp8266_cilent.o
    0x200007b9   0x00000003   PAD
    0x200007bc   0x00000008   Data   RW         5281    .data               os_prio.o
    0x200007c4   0x00000004   Data   RW         5812    .data               os_var.o
    0x200007c8   0x00000004   Data   RW         5813    .data               os_var.o
    0x200007cc   0x00000004   Data   RW         5814    .data               os_var.o
    0x200007d0   0x00000004   Data   RW         5815    .data               os_var.o
    0x200007d4   0x00000004   Data   RW         5816    .data               os_var.o
    0x200007d8   0x00000004   Data   RW         5817    .data               os_var.o
    0x200007dc   0x00000004   Data   RW         5818    .data               os_var.o
    0x200007e0   0x00000004   Data   RW         5819    .data               os_var.o
    0x200007e4   0x00000001   Data   RW         5820    .data               os_var.o
    0x200007e5   0x00000001   Data   RW         5821    .data               os_var.o
    0x200007e6   0x00000002   PAD
    0x200007e8   0x00000004   Data   RW         5822    .data               os_var.o
    0x200007ec   0x00000004   Data   RW         5823    .data               os_var.o
    0x200007f0   0x00000002   Data   RW         5824    .data               os_var.o
    0x200007f2   0x00000002   Data   RW         5825    .data               os_var.o
    0x200007f4   0x00000002   Data   RW         5826    .data               os_var.o
    0x200007f6   0x00000002   PAD
    0x200007f8   0x00000004   Data   RW         5827    .data               os_var.o
    0x200007fc   0x00000004   Data   RW         5828    .data               os_var.o
    0x20000800   0x00000002   Data   RW         5829    .data               os_var.o
    0x20000802   0x00000002   PAD
    0x20000804   0x00000004   Data   RW         5830    .data               os_var.o
    0x20000808   0x00000002   Data   RW         5831    .data               os_var.o
    0x2000080a   0x00000002   PAD
    0x2000080c   0x00000004   Data   RW         5832    .data               os_var.o
    0x20000810   0x00000002   Data   RW         5833    .data               os_var.o
    0x20000812   0x00000001   Data   RW         5834    .data               os_var.o
    0x20000813   0x00000001   Data   RW         5835    .data               os_var.o
    0x20000814   0x00000001   Data   RW         5836    .data               os_var.o
    0x20000815   0x00000003   PAD
    0x20000818   0x00000004   Data   RW         5837    .data               os_var.o
    0x2000081c   0x00000002   Data   RW         5838    .data               os_var.o
    0x2000081e   0x00000002   PAD
    0x20000820   0x00000004   Data   RW         5839    .data               os_var.o
    0x20000824   0x00000004   Data   RW         5840    .data               os_var.o
    0x20000828   0x00000004   Data   RW         5841    .data               os_var.o
    0x2000082c   0x00000001   Data   RW         5842    .data               os_var.o
    0x2000082d   0x00000003   PAD
    0x20000830   0x00000004   Data   RW         5843    .data               os_var.o
    0x20000834   0x00000002   Data   RW         5844    .data               os_var.o
    0x20000836   0x00000002   PAD
    0x20000838   0x00000004   Data   RW         5845    .data               os_var.o
    0x2000083c   0x00000004   Data   RW         5846    .data               os_var.o
    0x20000840   0x00000002   Data   RW         5847    .data               os_var.o
    0x20000842   0x00000001   Data   RW         5848    .data               os_var.o
    0x20000843   0x00000001   PAD
    0x20000844   0x00000004   Data   RW         5849    .data               os_var.o
    0x20000848   0x00000004   Data   RW         5850    .data               os_var.o
    0x2000084c   0x00000004   Data   RW         5851    .data               os_var.o
    0x20000850   0x00000002   Data   RW         5852    .data               os_var.o
    0x20000852   0x00000002   PAD
    0x20000854   0x00000004   Data   RW         5853    .data               os_var.o
    0x20000858   0x00000004   Data   RW         5854    .data               os_var.o
    0x2000085c   0x00000004   Data   RW         5855    .data               os_var.o
    0x20000860   0x00000004   Data   RW         5856    .data               os_var.o
    0x20000864   0x00000004   Data   RW         5857    .data               os_var.o
    0x20000868   0x00000004   Data   RW         5858    .data               os_var.o
    0x2000086c   0x00000004   Data   RW         5888    .data               os_cpu_c.o


    Execution Region ER_ZI (Base: 0x20000870, Size: 0x00003b88, Max: 0xffffffff, ABSOLUTE)

    Base Addr    Size         Type   Attr      Idx    E Section Name        Object

    0x20000870   0x00001bd8   Zero   RW           13    .bss                main.o
    0x20002448   0x0000001e   Zero   RW         3818    .bss                usart.o
    0x20002466   0x00000080   Zero   RW         4068    .bss                esp8266_cilent.o
    0x200024e6   0x00000002   PAD
    0x200024e8   0x00000200   Zero   RW         4748    .bss                os_cfg_app.o
    0x200026e8   0x00000140   Zero   RW         4749    .bss                os_cfg_app.o
    0x20002828   0x00000200   Zero   RW         4750    .bss                os_cfg_app.o
    0x20002a28   0x00000200   Zero   RW         4751    .bss                os_cfg_app.o
    0x20002c28   0x00000640   Zero   RW         4752    .bss                os_cfg_app.o
    0x20003268   0x00000200   Zero   RW         4753    .bss                os_cfg_app.o
    0x20003468   0x00000088   Zero   RW         4754    .bss                os_cfg_app.o
    0x200034f0   0x00000200   Zero   RW         4755    .bss                os_cfg_app.o
    0x200036f0   0x00000088   Zero   RW         4756    .bss                os_cfg_app.o
    0x20003778   0x000000c4   Zero   RW         5806    .bss                os_var.o
    0x2000383c   0x000000c4   Zero   RW         5807    .bss                os_var.o
    0x20003900   0x0000000c   Zero   RW         5808    .bss                os_var.o
    0x2000390c   0x00000300   Zero   RW         5809    .bss                os_var.o
    0x20003c0c   0x000000c4   Zero   RW         5810    .bss                os_var.o
    0x20003cd0   0x000000c4   Zero   RW         5811    .bss                os_var.o
    0x20003d94   0x00000060   Zero   RW         6179    .bss                c_w.l(libspace.o)
    0x20003df4   0x00000004   PAD
    0x20003df8   0x00000200   Zero   RW          271    HEAP                startup_stm32f40_41xxx.o
    0x20003ff8   0x00000400   Zero   RW          270    STACK               startup_stm32f40_41xxx.o


==============================================================================

Image component sizes


      Code (inc. data)   RO Data    RW Data    ZI Data      Debug   Object Name

        12          6          0          0          0        511   bsp.o
       240         16          0          0          0       2304   button.o
        52          0          0          0          0        332   cpu_a.o
       268         44          0          4          0       2415   delay.o
       452         26          0          0          0       2983   dht11.o
       656        296          0          1        128       4239   esp8266_cilent.o
       496         32          0          0          0       4096   flash.o
       112         10          0          0          0        571   led.o
      1354        450          0       1024       7128     343574   main.o
       144         14          0          0          0       1957   misc.o
       946         38          0        896          0       8312   oled.o
         2          0        128          0       4752      20269   os_cfg_app.o
      2194        372          0          0          0      19160   os_core.o
       172         32          0          0          0        400   os_cpu_a.o
       520         56          0          4          0       6227   os_cpu_c.o
         2          0          0          0          0        502   os_dbg.o
      1268         84          0          0          0       6536   os_flag.o
       836        198          0          0          0       3270   os_int.o
        24         10          0          0          0        853   os_mem.o
       318         22          0          0          0       3492   os_msg.o
      1040         88          0          0          0       4230   os_mutex.o
       124         18          0          8          0       2778   os_prio.o
       556         56          0          0          0       3803   os_q.o
       472         50          0          0          0       3787   os_sem.o
      2212        200          0          0          0       9738   os_task.o
       850        116          0          0          0       4698   os_tick.o
       236         26          0          0          0       1669   os_time.o
      1004        156          0          0          0       5468   os_tmr.o
         0          0          0        147       1564      18692   os_var.o
        88          8          0          8          0       1309   rtc.o
        64         26        392          0       1536        840   startup_stm32f40_41xxx.o
       144         14          0          0          0       2020   stm32f4xx_exti.o
       160          0          0          0          0       2603   stm32f4xx_gpio.o
       216         30          0         16          0       4475   stm32f4xx_rcc.o
        84         14          0          0          0       1122   stm32f4xx_rtc.o
        48          6          0          0          0        600   stm32f4xx_syscfg.o
       344          8          0          0          0       5503   stm32f4xx_usart.o
       272         36          0         20          0       1821   system_stm32f4xx.o
       674         68          0          6         30       7501   usart.o

    ----------------------------------------------------------------------
     18666       2626        552       2160      15140     514660   Object Totals
         0          0         32          0          0          0   (incl. Generated)
        10          0          0         26          2          0   (incl. Padding)

    ----------------------------------------------------------------------

      Code (inc. data)   RO Data    RW Data    ZI Data      Debug   Library Member Name

        24          4          0          0          0         84   __2printf.o
        90          0          0          0          0          0   __dczerorl2.o
         8          0          0          0          0         68   __main.o
       392          4         17          0          0         92   __printf_flags_ss_wp.o
        14          0          0          0          0         68   __printf_wp.o
         0          0          0          0          0          0   __rtentry.o
        12          0          0          0          0          0   __rtentry2.o
         6          0          0          0          0          0   __rtentry4.o
        52          8          0          0          0          0   __scatter.o
        28          0          0          0          0          0   __scatter_zi.o
         6          0          0          0          0          0   _printf_a.o
         6          0          0          0          0          0   _printf_c.o
        44          0          0          0          0        108   _printf_char.o
        48          6          0          0          0         96   _printf_char_common.o
        36          4          0          0          0         80   _printf_char_file.o
        40          0          0          0          0         68   _printf_charcount.o
         6          0          0          0          0          0   _printf_d.o
       120         16          0          0          0         92   _printf_dec.o
         6          0          0          0          0          0   _printf_e.o
         6          0          0          0          0          0   _printf_f.o
      1050          0          0          0          0        216   _printf_fp_dec.o
       128         16          0          0          0         84   _printf_fp_infnan.o
         6          0          0          0          0          0   _printf_g.o
       148          4         40          0          0        160   _printf_hex_int_ll_ptr.o
         6          0          0          0          0          0   _printf_i.o
       178          0          0          0          0         88   _printf_intcommon.o
        10          0          0          0          0          0   _printf_l.o
         6          0          0          0          0          0   _printf_lc.o
        10          0          0          0          0          0   _printf_ll.o
         6          0          0          0          0          0   _printf_lld.o
         6          0          0          0          0          0   _printf_lli.o
         6          0          0          0          0          0   _printf_llo.o
         6          0          0          0          0          0   _printf_llu.o
         6          0          0          0          0          0   _printf_llx.o
       124         16          0          0          0         92   _printf_longlong_dec.o
         6          0          0          0          0          0   _printf_ls.o
         6          0          0          0          0          0   _printf_n.o
         6          0          0          0          0          0   _printf_o.o
       112          8          0          0          0        124   _printf_oct_int_ll.o
         6          0          0          0          0          0   _printf_p.o
        78          0          0          0          0        108   _printf_pad.o
         0          0          0          0          0          0   _printf_percent.o
         4          0          0          0          0          0   _printf_percent_end.o
         6          0          0          0          0          0   _printf_s.o
        82          0          0          0          0         80   _printf_str.o
        36          0          0          0          0         84   _printf_truncate.o
         6          0          0          0          0          0   _printf_u.o
        44          0          0          0          0        108   _printf_wchar.o
       188          6          8          0          0         92   _printf_wctomb.o
         6          0          0          0          0          0   _printf_x.o
        64          0          0          0          0         92   _wcrtomb.o
       220          4        148          0          0         96   bigflt0.o
      1910        128          0          0          0        672   btod.o
        12          4          0          0          0         68   c89vprintf.o
        12          0          0          0          0         72   exit.o
         8          0          0          0          0         68   ferror.o
         6          0          0          0          0        152   heapauxi.o
        44         10        272          0          0         76   lc_ctype_c.o
        44         10         28          0          0         76   lc_numeric_c.o
         2          0          0          0          0          0   libinit.o
        34          0          0          0          0          0   libinit2.o
         2          0          0          0          0          0   libshutdown.o
         2          0          0          0          0          0   libshutdown2.o
         8          4          0          0         96         68   libspace.o
       138          0          0          0          0         80   lludiv10.o
        16          4          0          0          0         76   rt_ctype_table.o
         8          4          0          0          0         68   rt_locale_intlibspace.o
        68          0          0          0          0         68   rt_memclr.o
        78          0          0          0          0         80   rt_memclr_w.o
         2          0          0          0          0          0   rtexit.o
        10          0          0          0          0          0   rtexit2.o
       128          0          0          0          0         68   strcmpv7m.o
        62          0          0          0          0         76   strlen.o
        36          0          0          0          0         80   strstr.o
        74          0          0          0          0         80   sys_stackheap_outer.o
        10          0          0          0          0        116   fpinit.o
         4          0          0          0          0        116   printf1.o
         0          0          0          0          0          0   usenofp.o
        48          0          0          0          0        124   fpclassify.o

    ----------------------------------------------------------------------
      6290        260        516          0        100       4464   Library Totals
        14          0          3          0          4          0   (incl. Padding)

    ----------------------------------------------------------------------

      Code (inc. data)   RO Data    RW Data    ZI Data      Debug   Library Name

      6214        260        513          0         96       4108   c_w.l
        14          0          0          0          0        232   fz_wm.l
        48          0          0          0          0        124   m_wm.l

    ----------------------------------------------------------------------
      6290        260        516          0        100       4464   Library Totals

    ----------------------------------------------------------------------

==============================================================================


      Code (inc. data)   RO Data    RW Data    ZI Data      Debug   

     24956       2886       1068       2160      15240     498588   Grand Totals
     24956       2886       1068        692      15240     498588   ELF Image Totals (compressed)
     24956       2886       1068        692          0          0   ROM Totals

==============================================================================

    Total RO  Size (Code + RO Data)                26024 (  25.41kB)
    Total RW  Size (RW Data + ZI Data)             17400 (  16.99kB)
    Total ROM Size (Code + RO Data + RW Data)      26716 (  26.09kB)

==============================================================================

