Component: ARM Compiler 5.05 update 1 (build 106) Tool: armlink [4d0efa]

==============================================================================

Section Cross References

    main.o(i.Debug_Printf) refers to os_mutex.o(i.OSMutexPend) for OSMutexPend
    main.o(i.Debug_Printf) refers to c89vprintf.o(.text) for __c89vprintf
    main.o(i.Debug_Printf) refers to os_mutex.o(i.OSMutexPost) for OSMutexPost
    main.o(i.Debug_Printf) refers to main.o(.bss) for .bss
    main.o(i.Task_Button) refers to os_flag.o(i.OSFlagPend) for OSFlagPend
    main.o(i.Task_Button) refers to main.o(i.Debug_Printf) for Debug_Printf
    main.o(i.Task_Button) refers to delay.o(i.Delay_ms) for Delay_ms
    main.o(i.Task_Button) refers to main.o(.bss) for .bss
    main.o(i.Task_Debug) refers to main.o(i.Debug_Printf) for Debug_Printf
    main.o(i.Task_Debug) refers to oled.o(i.OLED_Clear) for OLED_Clear
    main.o(i.Task_Debug) refers to delay.o(i.Delay_ms) for Delay_ms
    main.o(i.Task_Debug) refers to oled.o(i.OLED_ShowCHinese) for OLED_ShowCHinese
    main.o(i.Task_Debug) refers to oled.o(i.OLED_DrawBMP) for OLED_DrawBMP
    main.o(i.Task_Debug) refers to main.o(.data) for .data
    main.o(i.Task_Dht11) refers to __2printf.o(.text) for __2printf
    main.o(i.Task_Dht11) refers to dht11.o(i.Dht11_Read_Data) for Dht11_Read_Data
    main.o(i.Task_Dht11) refers to os_q.o(i.OSQPost) for OSQPost
    main.o(i.Task_Dht11) refers to os_sem.o(i.OSSemPost) for OSSemPost
    main.o(i.Task_Dht11) refers to os_time.o(i.OSTimeDly) for OSTimeDly
    main.o(i.Task_Dht11) refers to main.o(.bss) for .bss
    main.o(i.Task_ESP8266) refers to main.o(i.Debug_Printf) for Debug_Printf
    main.o(i.Task_ESP8266) refers to esp8266_cilent.o(i.ESP8266_Init) for ESP8266_Init
    main.o(i.Task_ESP8266) refers to delay.o(i.Delay_ms) for Delay_ms
    main.o(i.Task_ESP8266) refers to onenet.o(i.OneNet_SendData) for OneNet_SendData
    main.o(i.Task_ESP8266) refers to esp8266_cilent.o(i.ESP8266_Clear) for ESP8266_Clear
    main.o(i.Task_ESP8266) refers to esp8266_cilent.o(i.ESP8266_GetIPD) for ESP8266_GetIPD
    main.o(i.Task_ESP8266) refers to onenet.o(i.OneNet_RevPro) for OneNet_RevPro
    main.o(i.Task_Init) refers to __2printf.o(.text) for __2printf
    main.o(i.Task_Init) refers to led.o(i.LED_Init) for LED_Init
    main.o(i.Task_Init) refers to dht11.o(i.Dht11_Init) for Dht11_Init
    main.o(i.Task_Init) refers to flash.o(i.W25Q16_Init) for W25Q16_Init
    main.o(i.Task_Init) refers to oled.o(i.OLED_Init) for OLED_Init
    main.o(i.Task_Init) refers to os_sem.o(i.OSSemCreate) for OSSemCreate
    main.o(i.Task_Init) refers to os_mutex.o(i.OSMutexCreate) for OSMutexCreate
    main.o(i.Task_Init) refers to os_q.o(i.OSQCreate) for OSQCreate
    main.o(i.Task_Init) refers to os_flag.o(i.OSFlagCreate) for OSFlagCreate
    main.o(i.Task_Init) refers to os_tmr.o(i.OSTmrCreate) for OSTmrCreate
    main.o(i.Task_Init) refers to os_task.o(i.OSTaskCreate) for OSTaskCreate
    main.o(i.Task_Init) refers to os_tmr.o(i.OSTmrStart) for OSTmrStart
    main.o(i.Task_Init) refers to os_task.o(i.OSTaskDel) for OSTaskDel
    main.o(i.Task_Init) refers to main.o(.bss) for .bss
    main.o(i.Task_Init) refers to main.o(i.Task_Timer) for Task_Timer
    main.o(i.Task_Init) refers to main.o(i.Task_Debug) for Task_Debug
    main.o(i.Task_Init) refers to main.o(i.Task_Dht11) for Task_Dht11
    main.o(i.Task_Init) refers to main.o(i.Task_Button) for Task_Button
    main.o(i.Task_Init) refers to main.o(i.Task_W25Q16) for Task_W25Q16
    main.o(i.Task_Init) refers to main.o(i.Task_ESP8266) for Task_ESP8266
    main.o(i.Task_Init) refers to main.o(i.Task_Led) for Task_Led
    main.o(i.Task_Led) refers to main.o(i.Debug_Printf) for Debug_Printf
    main.o(i.Task_Led) refers to os_sem.o(i.OSSemPost) for OSSemPost
    main.o(i.Task_Led) refers to delay.o(i.Delay_ms) for Delay_ms
    main.o(i.Task_Led) refers to onenet.o(.data) for light_control
    main.o(i.Task_Led) refers to main.o(.bss) for .bss
    main.o(i.Task_W25Q16) refers to main.o(i.Debug_Printf) for Debug_Printf
    main.o(i.Task_W25Q16) refers to flash.o(i.W25Q16_Erase_Sector) for W25Q16_Erase_Sector
    main.o(i.Task_W25Q16) refers to flash.o(i.W25Q16_Write_Data) for W25Q16_Write_Data
    main.o(i.Task_W25Q16) refers to flash.o(i.W25Q16_Read_Data) for W25Q16_Read_Data
    main.o(i.Task_W25Q16) refers to delay.o(i.Delay_ms) for Delay_ms
    main.o(i.main) refers to delay.o(i.Systick_init) for Systick_init
    main.o(i.main) refers to misc.o(i.NVIC_PriorityGroupConfig) for NVIC_PriorityGroupConfig
    main.o(i.main) refers to usart.o(i.Usart1_Init) for Usart1_Init
    main.o(i.main) refers to usart.o(i.Usart2_Init) for Usart2_Init
    main.o(i.main) refers to os_core.o(i.OSInit) for OSInit
    main.o(i.main) refers to os_task.o(i.OSTaskCreate) for OSTaskCreate
    main.o(i.main) refers to os_core.o(i.OSStart) for OSStart
    main.o(i.main) refers to main.o(.bss) for .bss
[...]
    _printf_wchar                            0x08001369   Thumb Code    16  _printf_wchar.o(.text)
    _printf_wstring                          0x08001379   Thumb Code     8  _printf_wchar.o(.text)
    _strtoul                                 0x08001381   Thumb Code   158  _strtoul.o(.text)
    ferror                                   0x0800141f   Thumb Code     8  ferror.o(.text)
    _wcrtomb                                 0x08001427   Thumb Code    64  _wcrtomb.o(.text)
    __rt_SIGRTMEM                            0x08001467   Thumb Code    14  defsig_rtmem_outer.o(.text)
    __I$use$semihosting                      0x08001475   Thumb Code     0  use_no_semi.o(.text)
    __use_no_semihosting_swi                 0x08001475   Thumb Code     2  use_no_semi.o(.text)
    __semihosting_library_function           0x08001477   Thumb Code     0  indicate_semi.o(.text)
    __user_setup_stackheap                   0x08001477   Thumb Code    74  sys_stackheap_outer.o(.text)
    __rt_locale                              0x080014c1   Thumb Code     8  rt_locale_intlibspace.o(.text)
    _printf_fp_infnan                        0x080014c9   Thumb Code   112  _printf_fp_infnan.o(.text)
    _chval                                   0x08001549   Thumb Code    28  _chval.o(.text)
    _btod_etento                             0x08001565   Thumb Code   216  bigflt0.o(.text)
    exit                                     0x08001641   Thumb Code    12  exit.o(.text)
    __sig_exit                               0x0800164d   Thumb Code    10  defsig_exit.o(.text)
    __rt_SIGRTMEM_inner                      0x08001659   Thumb Code    22  defsig_rtmem_inner.o(.text)
    __default_signal_display                 0x080016a9   Thumb Code    50  defsig_general.o(.text)
    strcmp                                   0x080016dd   Thumb Code   128  strcmpv7m.o(.text)
    _ttywrch                                 0x0800175d   Thumb Code    14  sys_wrch.o(.text)
    _btod_d2e                                0x0800176b   Thumb Code    62  btod.o(CL$$btod_d2e)
    _d2e_denorm_low                          0x080017a9   Thumb Code    70  btod.o(CL$$btod_d2e_denorm_low)
    _d2e_norm_op1                            0x080017ef   Thumb Code    96  btod.o(CL$$btod_d2e_norm_op1)
    __btod_div_common                        0x0800184f   Thumb Code   696  btod.o(CL$$btod_div_common)
    _e2e                                     0x08001b87   Thumb Code   198  btod.o(CL$$btod_e2e)
    _btod_ediv                               0x08001c4d   Thumb Code    40  btod.o(CL$$btod_ediv)
    _btod_emul                               0x08001c75   Thumb Code    40  btod.o(CL$$btod_emul)
    __btod_mult_common                       0x08001c9d   Thumb Code   580  btod.o(CL$$btod_mult_common)
    OSStartHighRdy                           0x08001ee1   Thumb Code     0  os_cpu_a.o(CODE)
    OSCtxSw                                  0x08001f03   Thumb Code     0  os_cpu_a.o(CODE)
    OSIntCtxSw                               0x08001f0d   Thumb Code     0  os_cpu_a.o(CODE)
    PendSV_Handler                           0x08001f17   Thumb Code     0  os_cpu_a.o(CODE)
    CPU_TS_TmrRd                             0x08001f8d   Thumb Code     6  bsp.o(i.CPU_TS_TmrRd)
    Debug_Printf                             0x08001f99   Thumb Code    46  main.o(i.Debug_Printf)
    Delay_ms                                 0x08001fcd   Thumb Code    58  delay.o(i.Delay_ms)
    Delay_us                                 0x08002015   Thumb Code    62  delay.o(i.Delay_us)
    Dht11_Init                               0x08002059   Thumb Code    50  dht11.o(i.Dht11_Init)
    Dht11_Read_Byte                          0x08002095   Thumb Code   110  dht11.o(i.Dht11_Read_Byte)
    Dht11_Read_Data                          0x08002109   Thumb Code    68  dht11.o(i.Dht11_Read_Data)
    Dht11_Start                              0x0800214d   Thumb Code   198  dht11.o(i.Dht11_Start)
    ESP8266_Clear                            0x0800221d   Thumb Code     8  esp8266_cilent.o(i.ESP8266_Clear)
    ESP8266_GetIPD                           0x08002229   Thumb Code    54  esp8266_cilent.o(i.ESP8266_GetIPD)
    ESP8266_Init                             0x0800226d   Thumb Code   124  esp8266_cilent.o(i.ESP8266_Init)
    ESP8266_SendCmd                          0x080022fd   Thumb Code    68  esp8266_cilent.o(i.ESP8266_SendCmd)
    ESP8266_SendData                         0x08002345   Thumb Code    48  esp8266_cilent.o(i.ESP8266_SendData)
    EXTI3_IRQHandler                         0x08002389   Thumb Code    38  button.o(i.EXTI3_IRQHandler)
    EXTI4_IRQHandler                         0x080023b5   Thumb Code    38  button.o(i.EXTI4_IRQHandler)
    EXTI_ClearITPendingBit                   0x080023e1   Thumb Code     6  stm32f4xx_exti.o(i.EXTI_ClearITPendingBit)
    EXTI_GetITStatus                         0x080023ed   Thumb Code    16  stm32f4xx_exti.o(i.EXTI_GetITStatus)
    GPIO_Init                                0x08002401   Thumb Code   120  stm32f4xx_gpio.o(i.GPIO_Init)
    GPIO_PinAFConfig                         0x08002479   Thumb Code    32  stm32f4xx_gpio.o(i.GPIO_PinAFConfig)
    GPIO_ResetBits                           0x08002499   Thumb Code     4  stm32f4xx_gpio.o(i.GPIO_ResetBits)
    GPIO_SetBits                             0x0800249d   Thumb Code     4  stm32f4xx_gpio.o(i.GPIO_SetBits)
    Get_Send_Count                           0x080024a1   Thumb Code     6  usart.o(i.Get_Send_Count)
    IIC_Start                                0x080024ad   Thumb Code    64  oled.o(i.IIC_Start)
    IIC_Stop                                 0x080024f1   Thumb Code    48  oled.o(i.IIC_Stop)
    IIC_Wait_Ack                             0x08002525   Thumb Code    62  oled.o(i.IIC_Wait_Ack)
    LED_Init                                 0x0800256d   Thumb Code    56  led.o(i.LED_Init)
    MQTT_DeleteBuffer                        0x080025ad   Thumb Code    28  mqttkit.o(i.MQTT_DeleteBuffer)
    MQTT_DumpLength                          0x080025c9   Thumb Code    34  mqttkit.o(i.MQTT_DumpLength)
    MQTT_NewBuffer                           0x080025eb   Thumb Code    82  mqttkit.o(i.MQTT_NewBuffer)
    MQTT_PacketCmdResp                       0x0800263d   Thumb Code   114  mqttkit.o(i.MQTT_PacketCmdResp)
    MQTT_PacketConnect                       0x080026b9   Thumb Code   606  mqttkit.o(i.MQTT_PacketConnect)
    MQTT_PacketPublish                       0x0800291d   Thumb Code   338  mqttkit.o(i.MQTT_PacketPublish)
    MQTT_PacketSaveData                      0x08002a71   Thumb Code    76  mqttkit.o(i.MQTT_PacketSaveData)
    MQTT_ReadLength                          0x08002ac1   Thumb Code    62  mqttkit.o(i.MQTT_ReadLength)
    MQTT_UnPacketCmd                         0x08002aff   Thumb Code   130  mqttkit.o(i.MQTT_UnPacketCmd)
    MQTT_UnPacketConnectAck                  0x08002b81   Thumb Code    26  mqttkit.o(i.MQTT_UnPacketConnectAck)
    MQTT_UnPacketPublishAck                  0x08002b9b   Thumb Code    24  mqttkit.o(i.MQTT_UnPacketPublishAck)
    MQTT_UnPacketRecv                        0x08002bb5   Thumb Code    86  mqttkit.o(i.MQTT_UnPacketRecv)
    NVIC_Init                                0x08002c15   Thumb Code    96  misc.o(i.NVIC_Init)
    NVIC_PriorityGroupConfig                 0x08002c79   Thumb Code    10  misc.o(i.NVIC_PriorityGroupConfig)
    OLED_Clear                               0x08002c8d   Thumb Code    60  oled.o(i.OLED_Clear)
    OLED_DrawBMP                             0x08002cc9   Thumb Code    64  oled.o(i.OLED_DrawBMP)
    OLED_Init                                0x08002d09   Thumb Code   270  oled.o(i.OLED_Init)
    OLED_Set_Pos                             0x08002e1d   Thumb Code    40  oled.o(i.OLED_Set_Pos)
    OLED_ShowCHinese                         0x08002e45   Thumb Code    74  oled.o(i.OLED_ShowCHinese)
    OLED_WR_Byte                             0x08002e95   Thumb Code    10  oled.o(i.OLED_WR_Byte)
    OSCfg_Init                               0x08002e9f   Thumb Code     2  os_cfg_app.o(i.OSCfg_Init)
    OSFlagCreate                             0x08002ea1   Thumb Code   104  os_flag.o(i.OSFlagCreate)
    OSFlagPend                               0x08002f19   Thumb Code   542  os_flag.o(i.OSFlagPend)
    OSFlagPost                               0x08003149   Thumb Code   116  os_flag.o(i.OSFlagPost)
    OSIdleTaskHook                           0x080031c5   Thumb Code    12  os_cpu_c.o(i.OSIdleTaskHook)
    OSInit                                   0x080031d5   Thumb Code   260  os_core.o(i.OSInit)
    OSInitHook                               0x0800332d   Thumb Code    22  os_cpu_c.o(i.OSInitHook)
    OSIntEnter                               0x08003351   Thumb Code    22  os_core.o(i.OSIntEnter)
    OSIntExit                                0x08003371   Thumb Code   100  os_core.o(i.OSIntExit)
    OSMutexCreate                            0x080033f5   Thumb Code   112  os_mutex.o(i.OSMutexCreate)
    OSMutexPend                              0x08003475   Thumb Code   444  os_mutex.o(i.OSMutexPend)
    OSMutexPost                              0x08003645   Thumb Code   364  os_mutex.o(i.OSMutexPost)
    OSQCreate                                0x080037c9   Thumb Code   118  os_q.o(i.OSQCreate)
    OSQPost                                  0x08003851   Thumb Code   146  os_q.o(i.OSQPost)
    OSSched                                  0x080038ed   Thumb Code    86  os_core.o(i.OSSched)
    OSSchedLock                              0x08003961   Thumb Code    72  os_core.o(i.OSSchedLock)
    OSSchedUnlock                            0x080039b5   Thumb Code    92  os_core.o(i.OSSchedUnlock)
    OSSemCreate                              0x08003a1d   Thumb Code   104  os_sem.o(i.OSSemCreate)
    OSSemPend                                0x08003a95   Thumb Code   298  os_sem.o(i.OSSemPend)
    OSSemPost                                0x08003bd1   Thumb Code   118  os_sem.o(i.OSSemPost)
    OSStart                                  0x08003c51   Thumb Code    62  os_core.o(i.OSStart)
    OSTaskCreate                             0x08003ca9   Thumb Code   384  os_task.o(i.OSTaskCreate)
    OSTaskCreateHook                         0x08003e49   Thumb Code    12  os_cpu_c.o(i.OSTaskCreateHook)
    OSTaskDel                                0x08003e59   Thumb Code   252  os_task.o(i.OSTaskDel)
    OSTaskDelHook                            0x08003f71   Thumb Code    12  os_cpu_c.o(i.OSTaskDelHook)
    OSTaskReturnHook                         0x08003f81   Thumb Code    12  os_cpu_c.o(i.OSTaskReturnHook)
    OSTaskSemPend                            0x08003f91   Thumb Code   300  os_task.o(i.OSTaskSemPend)
    OSTaskStkInit                            0x080040c9   Thumb Code   310  os_cpu_c.o(i.OSTaskStkInit)
    OSTaskSwHook                             0x08004205   Thumb Code    72  os_cpu_c.o(i.OSTaskSwHook)
    OSTimeDly                                0x0800425d   Thumb Code   158  os_time.o(i.OSTimeDly)
    OSTimeTick                               0x08004309   Thumb Code    52  os_time.o(i.OSTimeTick)
    OSTimeTickHook                           0x08004349   Thumb Code    12  os_cpu_c.o(i.OSTimeTickHook)
    OSTmrCreate                              0x08004359   Thumb Code   168  os_tmr.o(i.OSTmrCreate)
    OSTmrStart                               0x08004411   Thumb Code   122  os_tmr.o(i.OSTmrStart)
    OS_Dbg_Init                              0x08004495   Thumb Code     2  os_dbg.o(i.OS_Dbg_Init)
    OS_FlagBlock                             0x08004499   Thumb Code    28  os_flag.o(i.OS_FlagBlock)
    OS_FlagDbgListAdd                        0x080044b9   Thumb Code    26  os_flag.o(i.OS_FlagDbgListAdd)
    OS_FlagInit                              0x080044dd   Thumb Code    14  os_flag.o(i.OS_FlagInit)
    OS_FlagPost                              0x080044f5   Thumb Code   294  os_flag.o(i.OS_FlagPost)
    OS_FlagTaskRdy                           0x08004625   Thumb Code    68  os_flag.o(i.OS_FlagTaskRdy)
    OS_IdleTask                              0x08004669   Thumb Code    22  os_core.o(i.OS_IdleTask)
    OS_IdleTaskInit                          0x08004685   Thumb Code    60  os_core.o(i.OS_IdleTaskInit)
    OS_IntQPost                              0x080046ed   Thumb Code   138  os_int.o(i.OS_IntQPost)
    OS_IntQRePost                            0x0800479d   Thumb Code   202  os_int.o(i.OS_IntQRePost)
    OS_IntQTask                              0x0800489d   Thumb Code   106  os_int.o(i.OS_IntQTask)
    OS_IntQTaskInit                          0x08004919   Thumb Code   192  os_int.o(i.OS_IntQTaskInit)
    OS_MemInit                               0x08004a31   Thumb Code    14  os_mem.o(i.OS_MemInit)
    OS_MsgPoolCreate                         0x08004a49   Thumb Code    48  os_msg.o(i.OS_MsgPoolCreate)
    OS_MsgPoolInit                           0x08004a79   Thumb Code    58  os_msg.o(i.OS_MsgPoolInit)
    OS_MsgQFreeAll                           0x08004ac1   Thumb Code    48  os_msg.o(i.OS_MsgQFreeAll)
    OS_MsgQInit                              0x08004af5   Thumb Code    14  os_msg.o(i.OS_MsgQInit)
    OS_MsgQPut                               0x08004b05   Thumb Code   128  os_msg.o(i.OS_MsgQPut)
    OS_MutexDbgListAdd                       0x08004b89   Thumb Code    26  os_mutex.o(i.OS_MutexDbgListAdd)
    OS_MutexInit                             0x08004bad   Thumb Code    14  os_mutex.o(i.OS_MutexInit)
    OS_Pend                                  0x08004bc5   Thumb Code    74  os_core.o(i.OS_Pend)
    OS_PendDataInit                          0x08004c15   Thumb Code    48  os_core.o(i.OS_PendDataInit)
    OS_PendDbgNameAdd                        0x08004c45   Thumb Code    46  os_core.o(i.OS_PendDbgNameAdd)
    OS_PendDbgNameRemove                     0x08004c8d   Thumb Code    22  os_core.o(i.OS_PendDbgNameRemove)
    OS_PendListChangePrio                    0x08004ca9   Thumb Code    50  os_core.o(i.OS_PendListChangePrio)
    OS_PendListInit                          0x08004cdb   Thumb Code    10  os_core.o(i.OS_PendListInit)
    OS_PendListInsertPrio                    0x08004ce5   Thumb Code    90  os_core.o(i.OS_PendListInsertPrio)
    OS_PendListRemove                        0x08004d3f   Thumb Code    38  os_core.o(i.OS_PendListRemove)
    OS_PendListRemove1                       0x08004d65   Thumb Code    54  os_core.o(i.OS_PendListRemove1)
    OS_Post                                  0x08004d9b   Thumb Code   152  os_core.o(i.OS_Post)
    OS_Post1                                 0x08004e33   Thumb Code    38  os_core.o(i.OS_Post1)
    OS_PrioGetHighest                        0x08004e59   Thumb Code    32  os_prio.o(i.OS_PrioGetHighest)
    OS_PrioInit                              0x08004e7d   Thumb Code    18  os_prio.o(i.OS_PrioInit)
    OS_PrioInsert                            0x08004e95   Thumb Code    28  os_prio.o(i.OS_PrioInsert)
    OS_PrioRemove                            0x08004eb5   Thumb Code    28  os_prio.o(i.OS_PrioRemove)
    OS_QDbgListAdd                           0x08004ed5   Thumb Code    26  os_q.o(i.OS_QDbgListAdd)
    OS_QInit                                 0x08004ef9   Thumb Code    14  os_q.o(i.OS_QInit)
    OS_QPost                                 0x08004f11   Thumb Code   196  os_q.o(i.OS_QPost)
    OS_RdyListInit                           0x08004fdd   Thumb Code    30  os_core.o(i.OS_RdyListInit)
    OS_RdyListInsert                         0x08005001   Thumb Code    42  os_core.o(i.OS_RdyListInsert)
    OS_RdyListInsertHead                     0x08005031   Thumb Code    52  os_core.o(i.OS_RdyListInsertHead)
    OS_RdyListInsertTail                     0x08005069   Thumb Code    48  os_core.o(i.OS_RdyListInsertTail)
    OS_RdyListRemove                         0x0800509d   Thumb Code    78  os_core.o(i.OS_RdyListRemove)
    OS_Sched0                                0x080050f1   Thumb Code    50  os_core.o(i.OS_Sched0)
    OS_SchedLockTimeMeasStart                0x08005135   Thumb Code    20  os_core.o(i.OS_SchedLockTimeMeasStart)
    OS_SchedLockTimeMeasStop                 0x08005151   Thumb Code    42  os_core.o(i.OS_SchedLockTimeMeasStop)
    OS_SemDbgListAdd                         0x0800518d   Thumb Code    26  os_sem.o(i.OS_SemDbgListAdd)
    OS_SemInit                               0x080051b1   Thumb Code    14  os_sem.o(i.OS_SemInit)
    OS_SemPost                               0x080051c9   Thumb Code   160  os_sem.o(i.OS_SemPost)
    OS_TaskBlock                             0x0800526d   Thumb Code    42  os_core.o(i.OS_TaskBlock)
    OS_TaskDbgListAdd                        0x08005299   Thumb Code    30  os_task.o(i.OS_TaskDbgListAdd)
    OS_TaskDbgListRemove                     0x080052bd   Thumb Code    50  os_task.o(i.OS_TaskDbgListRemove)
    OS_TaskInit                              0x080052f5   Thumb Code    18  os_task.o(i.OS_TaskInit)
    OS_TaskInitTCB                           0x08005315   Thumb Code   180  os_task.o(i.OS_TaskInitTCB)
    OS_TaskQPost                             0x080053d5   Thumb Code   222  os_task.o(i.OS_TaskQPost)
    OS_TaskRdy                               0x080054c1   Thumb Code    28  os_core.o(i.OS_TaskRdy)
    OS_TaskResume                            0x080054dd   Thumb Code   184  os_task.o(i.OS_TaskResume)
    OS_TaskReturn                            0x08005599   Thumb Code    20  os_task.o(i.OS_TaskReturn)
    OS_TaskSemPost                           0x080055b1   Thumb Code   260  os_task.o(i.OS_TaskSemPost)
    OS_TaskSuspend                           0x080056c1   Thumb Code   160  os_task.o(i.OS_TaskSuspend)
    OS_TickListInit                          0x08005769   Thumb Code    34  os_tick.o(i.OS_TickListInit)
    OS_TickListInsert                        0x08005795   Thumb Code   202  os_tick.o(i.OS_TickListInsert)
    OS_TickListRemove                        0x0800586d   Thumb Code    54  os_tick.o(i.OS_TickListRemove)
    OS_TickListUpdate                        0x080058a5   Thumb Code   304  os_tick.o(i.OS_TickListUpdate)
    OS_TickTask                              0x080059ed   Thumb Code    36  os_tick.o(i.OS_TickTask)
    OS_TickTaskInit                          0x08005a15   Thumb Code   112  os_tick.o(i.OS_TickTaskInit)
    OS_TmrDbgListAdd                         0x08005abd   Thumb Code    22  os_tmr.o(i.OS_TmrDbgListAdd)
    OS_TmrInit                               0x08005ad9   Thumb Code   172  os_tmr.o(i.OS_TmrInit)
    OS_TmrLink                               0x08005bdd   Thumb Code   140  os_tmr.o(i.OS_TmrLink)
    OS_TmrTask                               0x08005c75   Thumb Code   156  os_tmr.o(i.OS_TmrTask)
    OS_TmrUnlink                             0x08005d21   Thumb Code    68  os_tmr.o(i.OS_TmrUnlink)
    OneNet_DevLink                           0x08005d6d   Thumb Code   172  onenet.o(i.OneNet_DevLink)
    OneNet_FillBuf                           0x08005f9d   Thumb Code    54  onenet.o(i.OneNet_FillBuf)
    OneNet_RevPro                            0x08006005   Thumb Code   220  onenet.o(i.OneNet_RevPro)
    OneNet_SendData                          0x080060f9   Thumb Code   108  onenet.o(i.OneNet_SendData)
    RCC_AHB1PeriphClockCmd                   0x08006191   Thumb Code    18  stm32f4xx_rcc.o(i.RCC_AHB1PeriphClockCmd)
    RCC_APB1PeriphClockCmd                   0x080061a9   Thumb Code    18  stm32f4xx_rcc.o(i.RCC_APB1PeriphClockCmd)
    RCC_APB2PeriphClockCmd                   0x080061c1   Thumb Code    18  stm32f4xx_rcc.o(i.RCC_APB2PeriphClockCmd)
    RCC_GetClocksFreq                        0x080061d9   Thumb Code   132  stm32f4xx_rcc.o(i.RCC_GetClocksFreq)
    RTC_Alarm_IRQHandler                     0x08006269   Thumb Code    40  rtc.o(i.RTC_Alarm_IRQHandler)
    RTC_ClearITPendingBit                    0x08006295   Thumb Code    24  stm32f4xx_rtc.o(i.RTC_ClearITPendingBit)
    RTC_GetITStatus                          0x080062b1   Thumb Code    46  stm32f4xx_rtc.o(i.RTC_GetITStatus)
    RTC_WKUP_IRQHandler                      0x080062e9   Thumb Code    40  rtc.o(i.RTC_WKUP_IRQHandler)
    Sda_Mode                                 0x08006315   Thumb Code    20  oled.o(i.Sda_Mode)
    Send_Complete                            0x0800632d   Thumb Code    66  esp8266_cilent.o(i.Send_Complete)
    Set_Send_Count                           0x08006431   Thumb Code     8  usart.o(i.Set_Send_Count)
    SysTick_CLKSourceConfig                  0x0800643d   Thumb Code    24  misc.o(i.SysTick_CLKSourceConfig)
    SysTick_Handler                          0x08006455   Thumb Code    28  delay.o(i.SysTick_Handler)
    SystemInit                               0x08006475   Thumb Code    74  system_stm32f4xx.o(i.SystemInit)
    Systick_init                             0x080064d1   Thumb Code    76  delay.o(i.Systick_init)
    Task_Button                              0x08006531   Thumb Code    94  main.o(i.Task_Button)
    Task_Debug                               0x080065c1   Thumb Code   122  main.o(i.Task_Debug)
    Task_Dht11                               0x0800665d   Thumb Code    70  main.o(i.Task_Dht11)
    Task_ESP8266                             0x080066c5   Thumb Code    58  main.o(i.Task_ESP8266)
    Task_Init                                0x08006731   Thumb Code   404  main.o(i.Task_Init)
    Task_Led                                 0x080069d5   Thumb Code    80  main.o(i.Task_Led)
    Task_Timer                               0x08006a4d   Thumb Code     2  main.o(i.Task_Timer)
    Task_W25Q16                              0x08006a51   Thumb Code    72  main.o(i.Task_W25Q16)
    USART1_IRQHandler                        0x08006ab5   Thumb Code   116  usart.o(i.USART1_IRQHandler)
    USART2_IRQHandler                        0x08006b39   Thumb Code    94  usart.o(i.USART2_IRQHandler)
    USART_ClearITPendingBit                  0x08006ba9   Thumb Code    12  stm32f4xx_usart.o(i.USART_ClearITPendingBit)
    USART_Cmd                                0x08006bb5   Thumb Code    20  stm32f4xx_usart.o(i.USART_Cmd)
    USART_GetFlagStatus                      0x08006bc9   Thumb Code    14  stm32f4xx_usart.o(i.USART_GetFlagStatus)
    USART_GetITStatus                        0x08006bd7   Thumb Code    62  stm32f4xx_usart.o(i.USART_GetITStatus)
    USART_ITConfig                           0x08006c15   Thumb Code    48  stm32f4xx_usart.o(i.USART_ITConfig)
    USART_Init                               0x08006c45   Thumb Code   164  stm32f4xx_usart.o(i.USART_Init)
    USART_ReceiveData                        0x08006cf1   Thumb Code     8  stm32f4xx_usart.o(i.USART_ReceiveData)
    USART_SendData                           0x08006cf9   Thumb Code     8  stm32f4xx_usart.o(i.USART_SendData)
    Usart1_Init                              0x08006d01   Thumb Code   164  usart.o(i.Usart1_Init)
    Usart2_Init                              0x08006dad   Thumb Code   162  usart.o(i.Usart2_Init)
    Usart2_SendString                        0x08006e59   Thumb Code    42  usart.o(i.Usart2_SendString)
    W25Q16_Erase_Sector                      0x08006e89   Thumb Code    68  flash.o(i.W25Q16_Erase_Sector)
    W25Q16_Init                              0x08006ed1   Thumb Code    90  flash.o(i.W25Q16_Init)
    W25Q16_Read_Data                         0x08006f35   Thumb Code    72  flash.o(i.W25Q16_Read_Data)
    W25Q16_Read_SR                           0x08006f81   Thumb Code    32  flash.o(i.W25Q16_Read_SR)
    W25Q16_Write_Data                        0x08006ff9   Thumb Code   122  flash.o(i.W25Q16_Write_Data)
    WIFI_CWJAP                               0x08007079   Thumb Code   128  esp8266_cilent.o(i.WIFI_CWJAP)
    Write_IIC_Byte                           0x080071fd   Thumb Code   104  oled.o(i.Write_IIC_Byte)
    Write_IIC_Command                        0x08007269   Thumb Code    46  oled.o(i.Write_IIC_Command)
    Write_IIC_Data                           0x08007297   Thumb Code    46  oled.o(i.Write_IIC_Data)
    __ARM_fpclassify                         0x080072c5   Thumb Code    48  fpclassify.o(i.__ARM_fpclassify)
    _is_digit                                0x080072f5   Thumb Code    14  __printf_wp.o(i._is_digit)
    _sys_exit                                0x08007303   Thumb Code     2  usart.o(i._sys_exit)
    fputc                                    0x08007305   Thumb Code    30  usart.o(i.fputc)
    main                                     0x08007329   Thumb Code    88  main.o(i.main)
    _get_lc_ctype                            0x08007395   Thumb Code    44  lc_ctype_c.o(locale$$code)
    _get_lc_numeric                          0x080073c1   Thumb Code    44  lc_numeric_c.o(locale$$code)
    _fp_init                                 0x080073ed   Thumb Code    10  fpinit.o(x$fpl$fpinit)
    __fplib_config_fpu_vfp                   0x080073f5   Thumb Code     0  fpinit.o(x$fpl$fpinit)
    __fplib_config_pureend_doubles           0x080073f5   Thumb Code     0  fpinit.o(x$fpl$fpinit)
    _printf_fp_dec                           0x080073f7   Thumb Code     4  printf1.o(x$fpl$printf1)
    __I$use$fp                               0x080073fa   Number         0  usenofp.o(x$fpl$usenofp)
    OSCfg_TickTaskPrio                       0x080073fc   Data           1  os_cfg_app.o(.constdata)
    OSCfg_TmrTaskPrio                        0x080073fd   Data           1  os_cfg_app.o(.constdata)
    OSCfg_IntQSize                           0x080073fe   Data           2  os_cfg_app.o(.constdata)
    OSCfg_MsgPoolSize                        0x08007400   Data           2  os_cfg_app.o(.constdata)
    OSCfg_TickWheelSize                      0x08007402   Data           2  os_cfg_app.o(.constdata)
    OSCfg_TmrWheelSize                       0x08007404   Data           2  os_cfg_app.o(.constdata)
    OSCfg_IdleTaskStkBasePtr                 0x08007408   Data           4  os_cfg_app.o(.constdata)
    OSCfg_IdleTaskStkLimit                   0x0800740c   Data           4  os_cfg_app.o(.constdata)
    OSCfg_IdleTaskStkSize                    0x08007410   Data           4  os_cfg_app.o(.constdata)
    OSCfg_IdleTaskStkSizeRAM                 0x08007414   Data           4  os_cfg_app.o(.constdata)
    OSCfg_IntQBasePtr                        0x08007418   Data           4  os_cfg_app.o(.constdata)
    OSCfg_IntQSizeRAM                        0x0800741c   Data           4  os_cfg_app.o(.constdata)
    OSCfg_IntQTaskStkBasePtr                 0x08007420   Data           4  os_cfg_app.o(.constdata)
    OSCfg_IntQTaskStkLimit                   0x08007424   Data           4  os_cfg_app.o(.constdata)
    OSCfg_IntQTaskStkSize                    0x08007428   Data           4  os_cfg_app.o(.constdata)
    OSCfg_IntQTaskStkSizeRAM                 0x0800742c   Data           4  os_cfg_app.o(.constdata)
    OSCfg_ISRStkBasePtr                      0x08007430   Data           4  os_cfg_app.o(.constdata)
    OSCfg_ISRStkSize                         0x08007434   Data           4  os_cfg_app.o(.constdata)
    OSCfg_ISRStkSizeRAM                      0x08007438   Data           4  os_cfg_app.o(.constdata)
    OSCfg_MsgPoolSizeRAM                     0x0800743c   Data           4  os_cfg_app.o(.constdata)
    OSCfg_MsgPoolBasePtr                     0x08007440   Data           4  os_cfg_app.o(.constdata)
    OSCfg_StkSizeMin                         0x08007444   Data           4  os_cfg_app.o(.constdata)
    OSCfg_TickRate_Hz                        0x08007448   Data           4  os_cfg_app.o(.constdata)
    OSCfg_TickTaskStkBasePtr                 0x0800744c   Data           4  os_cfg_app.o(.constdata)
    OSCfg_TickTaskStkLimit                   0x08007450   Data           4  os_cfg_app.o(.constdata)
    OSCfg_TickTaskStkSize                    0x08007454   Data           4  os_cfg_app.o(.constdata)
    OSCfg_TickTaskStkSizeRAM                 0x08007458   Data           4  os_cfg_app.o(.constdata)
    OSCfg_TickWheelSizeRAM                   0x0800745c   Data           4  os_cfg_app.o(.constdata)
    OSCfg_TmrTaskRate_Hz                     0x08007460   Data           4  os_cfg_app.o(.constdata)
    OSCfg_TmrTaskStkBasePtr                  0x08007464   Data           4  os_cfg_app.o(.constdata)
    OSCfg_TmrTaskStkLimit                    0x08007468   Data           4  os_cfg_app.o(.constdata)
    OSCfg_TmrTaskStkSize                     0x0800746c   Data           4  os_cfg_app.o(.constdata)
    OSCfg_TmrTaskStkSizeRAM                  0x08007470   Data           4  os_cfg_app.o(.constdata)
    OSCfg_TmrWheelSizeRAM                    0x08007474   Data           4  os_cfg_app.o(.constdata)
    OSCfg_DataSizeRAM                        0x08007478   Data           4  os_cfg_app.o(.constdata)
    Region$$Table$$Base                      0x08007554   Number         0  anon$$obj.o(Region$$Table)
    Region$$Table$$Limit                     0x08007574   Number         0  anon$$obj.o(Region$$Table)
    __ctype                                  0x08007581   Data           0  lc_ctype_c.o(locale$$data)
    BMP2                                     0x20000000   Data        1024  main.o(.data)
    SystemCoreClock                          0x20000400   Data           4  system_stm32f4xx.o(.data)
    AHBPrescTable                            0x20000404   Data          16  system_stm32f4xx.o(.data)
    __stdout                                 0x20000434   Data           4  usart.o(.data)
    Hzk                                      0x20000438   Data         896  oled.o(.data)
    OSPrioTbl                                0x200007bc   Data           8  os_prio.o(.data)
    OS_AppTaskCreateHookPtr                  0x200007c4   Data           4  os_var.o(.data)
    OS_AppTaskDelHookPtr                     0x200007c8   Data           4  os_var.o(.data)
    OS_AppTaskReturnHookPtr                  0x200007cc   Data           4  os_var.o(.data)
    OS_AppIdleTaskHookPtr                    0x200007d0   Data           4  os_var.o(.data)
    OS_AppStatTaskHookPtr                    0x200007d4   Data           4  os_var.o(.data)
    OS_AppTaskSwHookPtr                      0x200007d8   Data           4  os_var.o(.data)
    OS_AppTimeTickHookPtr                    0x200007dc   Data           4  os_var.o(.data)
    OSIdleTaskCtr                            0x200007e0   Data           4  os_var.o(.data)
    OSIntNestingCtr                          0x200007e4   Data           1  os_var.o(.data)
    OSRunning                                0x200007e5   Data           1  os_var.o(.data)
    OSIntQInPtr                              0x200007e8   Data           4  os_var.o(.data)
    OSIntQOutPtr                             0x200007ec   Data           4  os_var.o(.data)
    OSIntQNbrEntries                         0x200007f0   Data           2  os_var.o(.data)
    OSIntQNbrEntriesMax                      0x200007f2   Data           2  os_var.o(.data)
    OSIntQOvfCtr                             0x200007f4   Data           2  os_var.o(.data)
    OSIntQTaskTimeMax                        0x200007f8   Data           4  os_var.o(.data)
    OSFlagDbgListPtr                         0x200007fc   Data           4  os_var.o(.data)
    OSFlagQty                                0x20000800   Data           2  os_var.o(.data)
    OSMemDbgListPtr                          0x20000804   Data           4  os_var.o(.data)
    OSMemQty                                 0x20000808   Data           2  os_var.o(.data)
    OSMutexDbgListPtr                        0x2000080c   Data           4  os_var.o(.data)
    OSMutexQty                               0x20000810   Data           2  os_var.o(.data)
    OSPrioCur                                0x20000812   Data           1  os_var.o(.data)
    OSPrioHighRdy                            0x20000813   Data           1  os_var.o(.data)
    OSPrioSaved                              0x20000814   Data           1  os_var.o(.data)
    OSQDbgListPtr                            0x20000818   Data           4  os_var.o(.data)
    OSQQty                                   0x2000081c   Data           2  os_var.o(.data)
    OSSchedLockTimeBegin                     0x20000820   Data           4  os_var.o(.data)
    OSSchedLockTimeMax                       0x20000824   Data           4  os_var.o(.data)
    OSSchedLockTimeMaxCur                    0x20000828   Data           4  os_var.o(.data)
    OSSchedLockNestingCtr                    0x2000082c   Data           1  os_var.o(.data)
    OSSemDbgListPtr                          0x20000830   Data           4  os_var.o(.data)
    OSSemQty                                 0x20000834   Data           2  os_var.o(.data)
    OSTaskCtxSwCtr                           0x20000838   Data           4  os_var.o(.data)
    OSTaskDbgListPtr                         0x2000083c   Data           4  os_var.o(.data)
    OSTaskQty                                0x20000840   Data           2  os_var.o(.data)
    OSTaskRegNextAvailID                     0x20000842   Data           1  os_var.o(.data)
    OSTickCtr                                0x20000844   Data           4  os_var.o(.data)
    OSTickTaskTimeMax                        0x20000848   Data           4  os_var.o(.data)
    OSTmrDbgListPtr                          0x2000084c   Data           4  os_var.o(.data)
    OSTmrQty                                 0x20000850   Data           2  os_var.o(.data)
    OSTmrTaskTimeMax                         0x20000854   Data           4  os_var.o(.data)
    OSTmrTickCtr                             0x20000858   Data           4  os_var.o(.data)
    OSTmrUpdateCnt                           0x2000085c   Data           4  os_var.o(.data)
    OSTmrUpdateCtr                           0x20000860   Data           4  os_var.o(.data)
    OSTCBCurPtr                              0x20000864   Data           4  os_var.o(.data)
    OSTCBHighRdyPtr                          0x20000868   Data           4  os_var.o(.data)
    OS_CPU_ExceptStkBase                     0x2000086c   Data           4  os_cpu_c.o(.data)
    light_control                            0x20000870   Data           1  onenet.o(.data)
    led_flag                                 0x20000871   Data           1  onenet.o(.data)
    g_flag_group                             0x20000874   Data          40  main.o(.bss)
    g_dht11_sem                              0x2000089c   Data          40  main.o(.bss)
    g_led_sem                                0x200008c4   Data          40  main.o(.bss)
    g_queue_usart2                           0x200008ec   Data          48  main.o(.bss)
    g_queue_usart1                           0x2000091c   Data          48  main.o(.bss)
    g_queue_dht11                            0x2000094c   Data          48  main.o(.bss)
    g_printf_mutex                           0x2000097c   Data          44  main.o(.bss)
    g_timer                                  0x200009a8   Data          52  main.o(.bss)
    task_init_tcb                            0x200009dc   Data         196  main.o(.bss)
    task_init_stk                            0x20000aa0   Data         512  main.o(.bss)
    task_debug_tcb                           0x20000ca0   Data         196  main.o(.bss)
    task_debug_stk                           0x20000d64   Data        2048  main.o(.bss)
    task_dht11_tcb                           0x20001564   Data         196  main.o(.bss)
    task_dht11_stk                           0x20001628   Data         512  main.o(.bss)
    task_button_tcb                          0x20001828   Data         196  main.o(.bss)
    task_button_stk                          0x200018ec   Data         512  main.o(.bss)
    task_w25q16_tcb                          0x20001aec   Data         196  main.o(.bss)
    task_w25q26_stk                          0x20001bb0   Data        1024  main.o(.bss)
    task_esp8266_tcb                         0x20001fb0   Data         196  main.o(.bss)
    task_esp8266_stk                         0x20002074   Data        1024  main.o(.bss)
    task_led_tcb                             0x20002474   Data         196  main.o(.bss)
    task_led_stk                             0x20002538   Data        1024  main.o(.bss)
    esp8266_buf                              0x20002956   Data         128  esp8266_cilent.o(.bss)
    OSCfg_IdleTaskStk                        0x200029d8   Data         512  os_cfg_app.o(.bss)
    OSCfg_IntQ                               0x20002bd8   Data         320  os_cfg_app.o(.bss)
    OSCfg_IntQTaskStk                        0x20002d18   Data         512  os_cfg_app.o(.bss)
    OSCfg_ISRStk                             0x20002f18   Data         512  os_cfg_app.o(.bss)
    OSCfg_MsgPool                            0x20003118   Data        1600  os_cfg_app.o(.bss)
    OSCfg_TickTaskStk                        0x20003758   Data         512  os_cfg_app.o(.bss)
    OSCfg_TickWheel                          0x20003958   Data         136  os_cfg_app.o(.bss)
    OSCfg_TmrTaskStk                         0x200039e0   Data         512  os_cfg_app.o(.bss)
    OSCfg_TmrWheel                           0x20003be0   Data         136  os_cfg_app.o(.bss)
    OSIdleTaskTCB                            0x20003c68   Data         196  os_var.o(.bss)
    OSIntQTaskTCB                            0x20003d2c   Data         196  os_var.o(.bss)
    OSMsgPool                                0x20003df0   Data          12  os_var.o(.bss)
    OSRdyList                                0x20003dfc   Data         768  os_var.o(.bss)
    OSTickTaskTCB                            0x200040fc   Data         196  os_var.o(.bss)
    OSTmrTaskTCB                             0x200041c0   Data         196  os_var.o(.bss)
    __libspace_start                         0x20004284   Data          96  libspace.o(.bss)
    __temporary_stack_top$libspace           0x200042e4   Data           0  libspace.o(.bss)



==============================================================================

Memory Map of the image

  Image Entry point : 0x0800031d

  Load Region LR_1 (Base: 0x08000000, Size: 0x00007f14, Max: 0xffffffff, ABSOLUTE, COMPRESSED[0x00007954])

    Execution Region ER_RO (Base: 0x08000000, Size: 0x000076a0, Max: 0xffffffff, ABSOLUTE)

    Base Addr    Size         Type   Attr      Idx    E Section Name        Object

    0x08000000   0x00000188   Data   RO          281    RESET               startup_stm32f40_41xxx.o
    0x08000188   0x00000008   Code   RO         6437  * !!!main             c_w.l(__main.o)
    0x08000190   0x00000034   Code   RO         6774    !!!scatter          c_w.l(__scatter.o)
    0x080001c4   0x0000005a   Code   RO         6772    !!dczerorl2         c_w.l(__dczerorl2.o)
    0x0800021e   0x00000002   PAD
    0x08000220   0x0000001c   Code   RO         6776    !!handler_zi        c_w.l(__scatter_zi.o)
    0x0800023c   0x00000000   Code   RO         6413    .ARM.Collect$$_printf_percent$$00000000  c_w.l(_printf_percent.o)
    0x0800023c   0x00000006   Code   RO         6502    .ARM.Collect$$_printf_percent$$00000001  c_w.l(_printf_n.o)
    0x08000242   0x00000006   Code   RO         6503    .ARM.Collect$$_printf_percent$$00000002  c_w.l(_printf_p.o)
    0x08000248   0x00000006   Code   RO         6507    .ARM.Collect$$_printf_percent$$00000003  c_w.l(_printf_f.o)
    0x0800024e   0x00000006   Code   RO         6508    .ARM.Collect$$_printf_percent$$00000004  c_w.l(_printf_e.o)
    0x08000254   0x00000006   Code   RO         6509    .ARM.Collect$$_printf_percent$$00000005  c_w.l(_printf_g.o)
    0x0800025a   0x00000006   Code   RO         6510    .ARM.Collect$$_printf_percent$$00000006  c_w.l(_printf_a.o)
    0x08000260   0x0000000a   Code   RO         6515    .ARM.Collect$$_printf_percent$$00000007  c_w.l(_printf_ll.o)
    0x0800026a   0x00000006   Code   RO         6505    .ARM.Collect$$_printf_percent$$00000008  c_w.l(_printf_i.o)
    0x08000270   0x00000006   Code   RO         6412    .ARM.Collect$$_printf_percent$$00000009  c_w.l(_printf_d.o)
    0x08000276   0x00000006   Code   RO         6506    .ARM.Collect$$_printf_percent$$0000000A  c_w.l(_printf_u.o)
    0x0800027c   0x00000006   Code   RO         6504    .ARM.Collect$$_printf_percent$$0000000B  c_w.l(_printf_o.o)
    0x08000282   0x00000006   Code   RO         6411    .ARM.Collect$$_printf_percent$$0000000C  c_w.l(_printf_x.o)
    0x08000288   0x00000006   Code   RO         6512    .ARM.Collect$$_printf_percent$$0000000D  c_w.l(_printf_lli.o)
    0x0800028e   0x00000006   Code   RO         6513    .ARM.Collect$$_printf_percent$$0000000E  c_w.l(_printf_lld.o)
    0x08000294   0x00000006   Code   RO         6514    .ARM.Collect$$_printf_percent$$0000000F  c_w.l(_printf_llu.o)
    0x0800029a   0x00000006   Code   RO         6519    .ARM.Collect$$_printf_percent$$00000010  c_w.l(_printf_llo.o)
    0x080002a0   0x00000006   Code   RO         6520    .ARM.Collect$$_printf_percent$$00000011  c_w.l(_printf_llx.o)
    0x080002a6   0x0000000a   Code   RO         6516    .ARM.Collect$$_printf_percent$$00000012  c_w.l(_printf_l.o)
    0x080002b0   0x00000006   Code   RO         6501    .ARM.Collect$$_printf_percent$$00000013  c_w.l(_printf_c.o)
    0x080002b6   0x00000006   Code   RO         6410    .ARM.Collect$$_printf_percent$$00000014  c_w.l(_printf_s.o)
    0x080002bc   0x00000006   Code   RO         6517    .ARM.Collect$$_printf_percent$$00000015  c_w.l(_printf_lc.o)
    0x080002c2   0x00000006   Code   RO         6518    .ARM.Collect$$_printf_percent$$00000016  c_w.l(_printf_ls.o)
    0x080002c8   0x00000004   Code   RO         6511    .ARM.Collect$$_printf_percent$$00000017  c_w.l(_printf_percent_end.o)
    0x080002cc   0x00000002   Code   RO         6707    .ARM.Collect$$libinit$$00000000  c_w.l(libinit.o)
    0x080002ce   0x00000004   Code   RO         6529    .ARM.Collect$$libinit$$00000001  c_w.l(libinit2.o)
    0x080002d2   0x00000000   Code   RO         6532    .ARM.Collect$$libinit$$00000004  c_w.l(libinit2.o)
    0x080002d2   0x00000008   Code   RO         6533    .ARM.Collect$$libinit$$00000005  c_w.l(libinit2.o)
    0x080002da   0x00000000   Code   RO         6535    .ARM.Collect$$libinit$$0000000A  c_w.l(libinit2.o)
    0x080002da   0x00000000   Code   RO         6537    .ARM.Collect$$libinit$$0000000C  c_w.l(libinit2.o)
    0x080002da   0x00000000   Code   RO         6539    .ARM.Collect$$libinit$$0000000E  c_w.l(libinit2.o)
    0x080002da   0x00000006   Code   RO         6540    .ARM.Collect$$libinit$$0000000F  c_w.l(libinit2.o)
    0x080002e0   0x00000000   Code   RO         6542    .ARM.Collect$$libinit$$00000011  c_w.l(libinit2.o)
    0x080002e0   0x0000000c   Code   RO         6543    .ARM.Collect$$libinit$$00000012  c_w.l(libinit2.o)
    0x080002ec   0x00000000   Code   RO         6544    .ARM.Collect$$libinit$$00000013  c_w.l(libinit2.o)
    0x080002ec   0x00000000   Code   RO         6546    .ARM.Collect$$libinit$$00000015  c_w.l(libinit2.o)
    0x080002ec   0x0000000a   Code   RO         6547    .ARM.Collect$$libinit$$00000016  c_w.l(libinit2.o)
    0x080002f6   0x00000000   Code   RO         6548    .ARM.Collect$$libinit$$00000017  c_w.l(libinit2.o)
    0x080002f6   0x00000000   Code   RO         6550    .ARM.Collect$$libinit$$00000019  c_w.l(libinit2.o)
    0x080002f6   0x00000000   Code   RO         6552    .ARM.Collect$$libinit$$0000001B  c_w.l(libinit2.o)
    0x080002f6   0x00000000   Code   RO         6554    .ARM.Collect$$libinit$$0000001D  c_w.l(libinit2.o)
    0x080002f6   0x00000000   Code   RO         6556    .ARM.Collect$$libinit$$0000001F  c_w.l(libinit2.o)
    0x080002f6   0x00000000   Code   RO         6558    .ARM.Collect$$libinit$$00000021  c_w.l(libinit2.o)
    0x080002f6   0x00000000   Code   RO         6560    .ARM.Collect$$libinit$$00000023  c_w.l(libinit2.o)
    0x080002f6   0x00000000   Code   RO         6562    .ARM.Collect$$libinit$$00000025  c_w.l(libinit2.o)
    0x080002f6   0x00000000   Code   RO         6566    .ARM.Collect$$libinit$$0000002C  c_w.l(libinit2.o)
    0x080002f6   0x00000000   Code   RO         6568    .ARM.Collect$$libinit$$0000002E  c_w.l(libinit2.o)
    0x080002f6   0x00000000   Code   RO         6570    .ARM.Collect$$libinit$$00000030  c_w.l(libinit2.o)
    0x080002f6   0x00000000   Code   RO         6572    .ARM.Collect$$libinit$$00000032  c_w.l(libinit2.o)
    0x080002f6   0x00000002   Code   RO         6573    .ARM.Collect$$libinit$$00000033  c_w.l(libinit2.o)
    0x080002f8   0x00000002   Code   RO         6769    .ARM.Collect$$libshutdown$$00000000  c_w.l(libshutdown.o)
    0x080002fa   0x00000000   Code   RO         6729    .ARM.Collect$$libshutdown$$00000003  c_w.l(libshutdown2.o)
    0x080002fa   0x00000000   Code   RO         6732    .ARM.Collect$$libshutdown$$00000006  c_w.l(libshutdown2.o)
    0x080002fa   0x00000000   Code   RO         6735    .ARM.Collect$$libshutdown$$00000009  c_w.l(libshutdown2.o)
    0x080002fa   0x00000000   Code   RO         6737    .ARM.Collect$$libshutdown$$0000000B  c_w.l(libshutdown2.o)
    0x080002fa   0x00000000   Code   RO         6740    .ARM.Collect$$libshutdown$$0000000E  c_w.l(libshutdown2.o)
    0x080002fa   0x00000002   Code   RO         6741    .ARM.Collect$$libshutdown$$0000000F  c_w.l(libshutdown2.o)
    0x080002fc   0x00000000   Code   RO         6441    .ARM.Collect$$rtentry$$00000000  c_w.l(__rtentry.o)
    0x080002fc   0x00000000   Code   RO         6582    .ARM.Collect$$rtentry$$00000002  c_w.l(__rtentry2.o)
    0x080002fc   0x00000006   Code   RO         6594    .ARM.Collect$$rtentry$$00000004  c_w.l(__rtentry4.o)
    0x08000302   0x00000000   Code   RO         6584    .ARM.Collect$$rtentry$$00000009  c_w.l(__rtentry2.o)
    0x08000302   0x00000004   Code   RO         6585    .ARM.Collect$$rtentry$$0000000A  c_w.l(__rtentry2.o)
    0x08000306   0x00000000   Code   RO         6587    .ARM.Collect$$rtentry$$0000000C  c_w.l(__rtentry2.o)
    0x08000306   0x00000008   Code   RO         6588    .ARM.Collect$$rtentry$$0000000D  c_w.l(__rtentry2.o)
    0x0800030e   0x00000002   Code   RO         6713    .ARM.Collect$$rtexit$$00000000  c_w.l(rtexit.o)
    0x08000310   0x00000000   Code   RO         6745    .ARM.Collect$$rtexit$$00000002  c_w.l(rtexit2.o)
    0x08000310   0x00000004   Code   RO         6746    .ARM.Collect$$rtexit$$00000003  c_w.l(rtexit2.o)
    0x08000314   0x00000006   Code   RO         6747    .ARM.Collect$$rtexit$$00000004  c_w.l(rtexit2.o)
    0x0800031a   0x00000002   PAD
    0x0800031c   0x00000000   Code   RO         6602    .emb_text           c_w.l(maybetermalloc1.o)
    0x0800031c   0x00000040   Code   RO          282  * .text               startup_stm32f40_41xxx.o
    0x0800035c   0x00000034   Code   RO         4350    .text               cpu_a.o
    0x08000390   0x0000005e   Code   RO         6289    .text               c_w.l(h1_alloc.o)
    0x080003ee   0x0000004e   Code   RO         6291    .text               c_w.l(h1_free.o)
    0x0800043c   0x0000000c   Code   RO         6351    .text               c_w.l(c89vprintf.o)
    0x08000448   0x00000018   Code   RO         6353    .text               c_w.l(__2printf.o)
    0x08000460   0x0000002c   Code   RO         6355    .text               c_w.l(__2sprintf.o)
    0x0800048c   0x0000004e   Code   RO         6363    .text               c_w.l(_printf_pad.o)
    0x080004da   0x00000052   Code   RO         6365    .text               c_w.l(_printf_str.o)
    0x0800052c   0x00000078   Code   RO         6367    .text               c_w.l(_printf_dec.o)
    0x080005a4   0x00000094   Code   RO         6387    .text               c_w.l(_printf_hex_int_ll_ptr.o)
    0x08000638   0x00000188   Code   RO         6407    .text               c_w.l(__printf_flags_ss_wp.o)
    0x080007c0   0x0000001a   Code   RO         6414    .text               c_w.l(atoi.o)
    0x080007da   0x00000014   Code   RO         6419    .text               c_w.l(strchr.o)
    0x080007ee   0x00000024   Code   RO         6421    .text               c_w.l(strncat.o)
    0x08000812   0x00000024   Code   RO         6423    .text               c_w.l(strstr.o)
    0x08000836   0x0000003e   Code   RO         6425    .text               c_w.l(strlen.o)
    0x08000874   0x00000018   Code   RO         6427    .text               c_w.l(strcat.o)
    0x0800088c   0x0000008a   Code   RO         6429    .text               c_w.l(rt_memcpy_v6.o)
    0x08000916   0x00000044   Code   RO         6431    .text               c_w.l(rt_memclr.o)
    0x0800095a   0x0000004e   Code   RO         6433    .text               c_w.l(rt_memclr_w.o)
    0x080009a8   0x00000006   Code   RO         6435    .text               c_w.l(heapauxi.o)
    0x080009ae   0x00000002   PAD
    0x080009b0   0x00000008   Code   RO         6449    .text               c_w.l(rt_heap_descriptor_intlibspace.o)
    0x080009b8   0x00000008   Code   RO         6454    .text               c_w.l(rt_errno_addr_intlibspace.o)
    0x080009c0   0x00000004   Code   RO         6456    .text               c_w.l(hguard.o)
    0x080009c4   0x0000008a   Code   RO         6458    .text               c_w.l(init_alloc.o)
    0x08000a4e   0x0000000e   Code   RO         6462    .text               c_w.l(h1_init.o)
    0x08000a5c   0x00000024   Code   RO         6476    .text               c_w.l(_printf_truncate.o)
    0x08000a80   0x000000b2   Code   RO         6478    .text               c_w.l(_printf_intcommon.o)
    0x08000b32   0x00000028   Code   RO         6480    .text               c_w.l(_printf_charcount.o)
    0x08000b5a   0x00000002   PAD
    0x08000b5c   0x00000030   Code   RO         6482    .text               c_w.l(_printf_char_common.o)
    0x08000b8c   0x0000000a   Code   RO         6484    .text               c_w.l(_sputc.o)
    0x08000b96   0x0000002c   Code   RO         6486    .text               c_w.l(_printf_char.o)
    0x08000bc2   0x00000002   PAD
    0x08000bc4   0x00000024   Code   RO         6488    .text               c_w.l(_printf_char_file.o)
    0x08000be8   0x000000bc   Code   RO         6490    .text               c_w.l(_printf_wctomb.o)
    0x08000ca4   0x0000007c   Code   RO         6493    .text               c_w.l(_printf_longlong_dec.o)
    0x08000d20   0x00000070   Code   RO         6499    .text               c_w.l(_printf_oct_int_ll.o)
    0x08000d90   0x00000070   Code   RO         6521    .text               c_w.l(strtol.o)
    0x08000e00   0x00000064   Code   RO         6525    .text               c_w.l(rt_memcpy_w.o)
    0x08000e64   0x00000008   Code   RO         6578    .text               c_w.l(libspace.o)
    0x08000e6c   0x00000010   Code   RO         6596    .text               c_w.l(rt_ctype_table.o)
    0x08000e7c   0x00000034   Code   RO         6604    .text               c_w.l(h1_extend.o)
    0x08000eb0   0x0000008a   Code   RO         6608    .text               c_w.l(lludiv10.o)
    0x08000f3a   0x0000041a   Code   RO         6610    .text               c_w.l(_printf_fp_dec.o)
    0x08001354   0x0000002c   Code   RO         6614    .text               c_w.l(_printf_wchar.o)
    0x08001380   0x0000009e   Code   RO         6616    .text               c_w.l(_strtoul.o)
    0x0800141e   0x00000008   Code   RO         6618    .text               c_w.l(ferror.o)
    0x08001426   0x00000040   Code   RO         6622    .text               c_w.l(_wcrtomb.o)
    0x08001466   0x0000000e   Code   RO         6624    .text               c_w.l(defsig_rtmem_outer.o)
    0x08001474   0x00000002   Code   RO         6639    .text               c_w.l(use_no_semi.o)
    0x08001476   0x00000000   Code   RO         6641    .text               c_w.l(indicate_semi.o)
    0x08001476   0x0000004a   Code   RO         6642    .text               c_w.l(sys_stackheap_outer.o)
    0x080014c0   0x00000008   Code   RO         6649    .text               c_w.l(rt_locale_intlibspace.o)
    0x080014c8   0x00000080   Code   RO         6653    .text               c_w.l(_printf_fp_infnan.o)
    0x08001548   0x0000001c   Code   RO         6655    .text               c_w.l(_chval.o)
    0x08001564   0x000000dc   Code   RO         6657    .text               c_w.l(bigflt0.o)
    0x08001640   0x0000000c   Code   RO         6688    .text               c_w.l(exit.o)
    0x0800164c   0x0000000a   Code   RO         6690    .text               c_w.l(defsig_exit.o)
    0x08001656   0x00000002   PAD
    0x08001658   0x00000050   Code   RO         6696    .text               c_w.l(defsig_rtmem_inner.o)
    0x080016a8   0x00000032   Code   RO         6721    .text               c_w.l(defsig_general.o)
    0x080016da   0x00000002   PAD
    0x080016dc   0x00000080   Code   RO         6725    .text               c_w.l(strcmpv7m.o)
    0x0800175c   0x0000000e   Code   RO         6742    .text               c_w.l(sys_wrch.o)
    0x0800176a   0x0000003e   Code   RO         6660    CL$$btod_d2e        c_w.l(btod.o)
    0x080017a8   0x00000046   Code   RO         6662    CL$$btod_d2e_denorm_low  c_w.l(btod.o)
    0x080017ee   0x00000060   Code   RO         6661    CL$$btod_d2e_norm_op1  c_w.l(btod.o)
    0x0800184e   0x00000338   Code   RO         6670    CL$$btod_div_common  c_w.l(btod.o)
    0x08001b86   0x000000c6   Code   RO         6667    CL$$btod_e2e        c_w.l(btod.o)
    0x08001c4c   0x00000028   Code   RO         6664    CL$$btod_ediv       c_w.l(btod.o)
    0x08001c74   0x00000028   Code   RO         6663    CL$$btod_emul       c_w.l(btod.o)
    0x08001c9c   0x00000244   Code   RO         6669    CL$$btod_mult_common  c_w.l(btod.o)
    0x08001ee0   0x000000ac   Code   RO         5886    CODE                os_cpu_a.o
    0x08001f8c   0x0000000c   Code   RO         4141    i.CPU_TS_TmrRd      bsp.o
    0x08001f98   0x00000034   Code   RO            4    i.Debug_Printf      main.o
    0x08001fcc   0x00000048   Code   RO         3423    i.Delay_ms          delay.o
    0x08002014   0x00000044   Code   RO         3424    i.Delay_us          delay.o
    0x08002058   0x0000003c   Code   RO         3476    i.Dht11_Init        dht11.o
    0x08002094   0x00000074   Code   RO         3477    i.Dht11_Read_Byte   dht11.o
    0x08002108   0x00000044   Code   RO         3478    i.Dht11_Read_Data   dht11.o
    0x0800214c   0x000000d0   Code   RO         3479    i.Dht11_Start       dht11.o
    0x0800221c   0x0000000c   Code   RO         4071    i.ESP8266_Clear     esp8266_cilent.o
    0x08002228   0x00000044   Code   RO         4072    i.ESP8266_GetIPD    esp8266_cilent.o
    0x0800226c   0x00000090   Code   RO         4073    i.ESP8266_Init      esp8266_cilent.o
    0x080022fc   0x00000048   Code   RO         4074    i.ESP8266_SendCmd   esp8266_cilent.o
    0x08002344   0x00000044   Code   RO         4075    i.ESP8266_SendData  esp8266_cilent.o
    0x08002388   0x0000002c   Code   RO         3376    i.EXTI3_IRQHandler  button.o
    0x080023b4   0x0000002c   Code   RO         3377    i.EXTI4_IRQHandler  button.o
    0x080023e0   0x0000000c   Code   RO          749    i.EXTI_ClearITPendingBit  stm32f4xx_exti.o
    0x080023ec   0x00000014   Code   RO          753    i.EXTI_GetITStatus  stm32f4xx_exti.o
    0x08002400   0x00000078   Code   RO         1076    i.GPIO_Init         stm32f4xx_gpio.o
    0x08002478   0x00000020   Code   RO         1077    i.GPIO_PinAFConfig  stm32f4xx_gpio.o
    0x08002498   0x00000004   Code   RO         1083    i.GPIO_ResetBits    stm32f4xx_gpio.o
    0x0800249c   0x00000004   Code   RO         1084    i.GPIO_SetBits      stm32f4xx_gpio.o
    0x080024a0   0x0000000c   Code   RO         3816    i.Get_Send_Count    usart.o
    0x080024ac   0x00000044   Code   RO         3911    i.IIC_Start         oled.o
    0x080024f0   0x00000034   Code   RO         3912    i.IIC_Stop          oled.o
    0x08002524   0x00000048   Code   RO         3913    i.IIC_Wait_Ack      oled.o
    0x0800256c   0x00000040   Code   RO         3635    i.LED_Init          led.o
    0x080025ac   0x0000001c   Code   RO         6048    i.MQTT_DeleteBuffer  mqttkit.o
    0x080025c8   0x00000022   Code   RO         6049    i.MQTT_DumpLength   mqttkit.o
    0x080025ea   0x00000052   Code   RO         6050    i.MQTT_NewBuffer    mqttkit.o
    0x0800263c   0x0000007c   Code   RO         6051    i.MQTT_PacketCmdResp  mqttkit.o
    0x080026b8   0x00000264   Code   RO         6052    i.MQTT_PacketConnect  mqttkit.o
    0x0800291c   0x00000152   Code   RO         6055    i.MQTT_PacketPublish  mqttkit.o
    0x08002a6e   0x00000002   PAD
    0x08002a70   0x00000050   Code   RO         6061    i.MQTT_PacketSaveData  mqttkit.o
    0x08002ac0   0x0000003e   Code   RO         6064    i.MQTT_ReadLength   mqttkit.o
    0x08002afe   0x00000082   Code   RO         6065    i.MQTT_UnPacketCmd  mqttkit.o
    0x08002b80   0x0000001a   Code   RO         6066    i.MQTT_UnPacketConnectAck  mqttkit.o
    0x08002b9a   0x00000018   Code   RO         6068    i.MQTT_UnPacketPublishAck  mqttkit.o
    0x08002bb2   0x00000002   PAD
    0x08002bb4   0x00000060   Code   RO         6072    i.MQTT_UnPacketRecv  mqttkit.o
    0x08002c14   0x00000064   Code   RO          334    i.NVIC_Init         misc.o
    0x08002c78   0x00000014   Code   RO          335    i.NVIC_PriorityGroupConfig  misc.o
    0x08002c8c   0x0000003c   Code   RO         3914    i.OLED_Clear        oled.o
    0x08002cc8   0x00000040   Code   RO         3917    i.OLED_DrawBMP      oled.o
    0x08002d08   0x00000114   Code   RO         3918    i.OLED_Init         oled.o
    0x08002e1c   0x00000028   Code   RO         3920    i.OLED_Set_Pos      oled.o
    0x08002e44   0x00000050   Code   RO         3921    i.OLED_ShowCHinese  oled.o
    0x08002e94   0x0000000a   Code   RO         3925    i.OLED_WR_Byte      oled.o
    0x08002e9e   0x00000002   Code   RO         4762    i.OSCfg_Init        os_cfg_app.o
    0x08002ea0   0x00000078   Code   RO         5035    i.OSFlagCreate      os_flag.o
    0x08002f18   0x00000230   Code   RO         5037    i.OSFlagPend        os_flag.o
    0x08003148   0x0000007c   Code   RO         5040    i.OSFlagPost        os_flag.o
    0x080031c4   0x00000010   Code   RO         5892    i.OSIdleTaskHook    os_cpu_c.o
    0x080031d4   0x00000158   Code   RO         4799    i.OSInit            os_core.o
    0x0800332c   0x00000024   Code   RO         5893    i.OSInitHook        os_cpu_c.o
    0x08003350   0x00000020   Code   RO         4800    i.OSIntEnter        os_core.o
    0x08003370   0x00000084   Code   RO         4801    i.OSIntExit         os_core.o
    0x080033f4   0x00000080   Code   RO         5226    i.OSMutexCreate     os_mutex.o
    0x08003474   0x000001d0   Code   RO         5228    i.OSMutexPend       os_mutex.o
    0x08003644   0x00000184   Code   RO         5230    i.OSMutexPost       os_mutex.o
    0x080037c8   0x00000088   Code   RO         5329    i.OSQCreate         os_q.o
    0x08003850   0x0000009c   Code   RO         5334    i.OSQPost           os_q.o
    0x080038ec   0x00000074   Code   RO         4802    i.OSSched           os_core.o
    0x08003960   0x00000054   Code   RO         4803    i.OSSchedLock       os_core.o
    0x080039b4   0x00000068   Code   RO         4804    i.OSSchedUnlock     os_core.o
    0x08003a1c   0x00000078   Code   RO         5401    i.OSSemCreate       os_sem.o
    0x08003a94   0x0000013c   Code   RO         5403    i.OSSemPend         os_sem.o
    0x08003bd0   0x00000080   Code   RO         5405    i.OSSemPost         os_sem.o
    0x08003c50   0x00000058   Code   RO         4805    i.OSStart           os_core.o
    0x08003ca8   0x000001a0   Code   RO         5480    i.OSTaskCreate      os_task.o
    0x08003e48   0x00000010   Code   RO         5895    i.OSTaskCreateHook  os_cpu_c.o
    0x08003e58   0x00000118   Code   RO         5481    i.OSTaskDel         os_task.o
    0x08003f70   0x00000010   Code   RO         5896    i.OSTaskDelHook     os_cpu_c.o
    0x08003f80   0x00000010   Code   RO         5897    i.OSTaskReturnHook  os_cpu_c.o
    0x08003f90   0x00000138   Code   RO         5490    i.OSTaskSemPend     os_task.o
    0x080040c8   0x0000013c   Code   RO         5898    i.OSTaskStkInit     os_cpu_c.o
    0x08004204   0x00000058   Code   RO         5899    i.OSTaskSwHook      os_cpu_c.o
    0x0800425c   0x000000ac   Code   RO         5689    i.OSTimeDly         os_time.o
    0x08004308   0x00000040   Code   RO         5694    i.OSTimeTick        os_time.o
    0x08004348   0x00000010   Code   RO         5900    i.OSTimeTickHook    os_cpu_c.o
    0x08004358   0x000000b8   Code   RO         5731    i.OSTmrCreate       os_tmr.o
    0x08004410   0x00000084   Code   RO         5734    i.OSTmrStart        os_tmr.o
    0x08004494   0x00000002   Code   RO         5019    i.OS_Dbg_Init       os_dbg.o
    0x08004496   0x00000002   PAD
    0x08004498   0x00000020   Code   RO         5041    i.OS_FlagBlock      os_flag.o
    0x080044b8   0x00000024   Code   RO         5043    i.OS_FlagDbgListAdd  os_flag.o
    0x080044dc   0x00000018   Code   RO         5045    i.OS_FlagInit       os_flag.o
    0x080044f4   0x00000130   Code   RO         5046    i.OS_FlagPost       os_flag.o
    0x08004624   0x00000044   Code   RO         5047    i.OS_FlagTaskRdy    os_flag.o
    0x08004668   0x0000001c   Code   RO         4807    i.OS_IdleTask       os_core.o
    0x08004684   0x00000068   Code   RO         4808    i.OS_IdleTaskInit   os_core.o
    0x080046ec   0x000000b0   Code   RO         5118    i.OS_IntQPost       os_int.o
    0x0800479c   0x00000100   Code   RO         5119    i.OS_IntQRePost     os_int.o
    0x0800489c   0x0000007c   Code   RO         5120    i.OS_IntQTask       os_int.o
    0x08004918   0x00000118   Code   RO         5121    i.OS_IntQTaskInit   os_int.o
    0x08004a30   0x00000018   Code   RO         5152    i.OS_MemInit        os_mem.o
    0x08004a48   0x00000030   Code   RO         5184    i.OS_MsgPoolCreate  os_msg.o
    0x08004a78   0x00000048   Code   RO         5185    i.OS_MsgPoolInit    os_msg.o
    0x08004ac0   0x00000034   Code   RO         5186    i.OS_MsgQFreeAll    os_msg.o
    0x08004af4   0x0000000e   Code   RO         5188    i.OS_MsgQInit       os_msg.o
    0x08004b02   0x00000002   PAD
    0x08004b04   0x00000084   Code   RO         5189    i.OS_MsgQPut        os_msg.o
    0x08004b88   0x00000024   Code   RO         5232    i.OS_MutexDbgListAdd  os_mutex.o
    0x08004bac   0x00000018   Code   RO         5234    i.OS_MutexInit      os_mutex.o
    0x08004bc4   0x00000050   Code   RO         4809    i.OS_Pend           os_core.o
    0x08004c14   0x00000030   Code   RO         4812    i.OS_PendDataInit   os_core.o
    0x08004c44   0x00000048   Code   RO         4813    i.OS_PendDbgNameAdd  os_core.o
    0x08004c8c   0x0000001c   Code   RO         4814    i.OS_PendDbgNameRemove  os_core.o
    0x08004ca8   0x00000032   Code   RO         4815    i.OS_PendListChangePrio  os_core.o
    0x08004cda   0x0000000a   Code   RO         4816    i.OS_PendListInit   os_core.o
    0x08004ce4   0x0000005a   Code   RO         4818    i.OS_PendListInsertPrio  os_core.o
    0x08004d3e   0x00000026   Code   RO         4819    i.OS_PendListRemove  os_core.o
    0x08004d64   0x00000036   Code   RO         4820    i.OS_PendListRemove1  os_core.o
    0x08004d9a   0x00000098   Code   RO         4823    i.OS_Post           os_core.o
    0x08004e32   0x00000026   Code   RO         4824    i.OS_Post1          os_core.o
    0x08004e58   0x00000024   Code   RO         5292    i.OS_PrioGetHighest  os_prio.o
    0x08004e7c   0x00000018   Code   RO         5293    i.OS_PrioInit       os_prio.o
    0x08004e94   0x00000020   Code   RO         5294    i.OS_PrioInsert     os_prio.o
    0x08004eb4   0x00000020   Code   RO         5295    i.OS_PrioRemove     os_prio.o
    0x08004ed4   0x00000024   Code   RO         5336    i.OS_QDbgListAdd    os_q.o
    0x08004ef8   0x00000018   Code   RO         5338    i.OS_QInit          os_q.o
    0x08004f10   0x000000cc   Code   RO         5339    i.OS_QPost          os_q.o
    0x08004fdc   0x00000024   Code   RO         4825    i.OS_RdyListInit    os_core.o
    0x08005000   0x00000030   Code   RO         4826    i.OS_RdyListInsert  os_core.o
    0x08005030   0x00000038   Code   RO         4827    i.OS_RdyListInsertHead  os_core.o
    0x08005068   0x00000034   Code   RO         4828    i.OS_RdyListInsertTail  os_core.o
    0x0800509c   0x00000054   Code   RO         4830    i.OS_RdyListRemove  os_core.o
    0x080050f0   0x00000044   Code   RO         4831    i.OS_Sched0         os_core.o
    0x08005134   0x0000001c   Code   RO         4832    i.OS_SchedLockTimeMeasStart  os_core.o
    0x08005150   0x0000003c   Code   RO         4833    i.OS_SchedLockTimeMeasStop  os_core.o
    0x0800518c   0x00000024   Code   RO         5408    i.OS_SemDbgListAdd  os_sem.o
    0x080051b0   0x00000018   Code   RO         5410    i.OS_SemInit        os_sem.o
    0x080051c8   0x000000a4   Code   RO         5411    i.OS_SemPost        os_sem.o
    0x0800526c   0x0000002a   Code   RO         4834    i.OS_TaskBlock      os_core.o
    0x08005296   0x00000002   PAD
    0x08005298   0x00000024   Code   RO         5496    i.OS_TaskDbgListAdd  os_task.o
    0x080052bc   0x00000038   Code   RO         5497    i.OS_TaskDbgListRemove  os_task.o
    0x080052f4   0x00000020   Code   RO         5498    i.OS_TaskInit       os_task.o
    0x08005314   0x000000c0   Code   RO         5499    i.OS_TaskInitTCB    os_task.o
    0x080053d4   0x000000ec   Code   RO         5500    i.OS_TaskQPost      os_task.o
    0x080054c0   0x0000001c   Code   RO         4835    i.OS_TaskRdy        os_core.o
    0x080054dc   0x000000bc   Code   RO         5501    i.OS_TaskResume     os_task.o
    0x08005598   0x00000018   Code   RO         5502    i.OS_TaskReturn     os_task.o
    0x080055b0   0x00000110   Code   RO         5503    i.OS_TaskSemPost    os_task.o
    0x080056c0   0x000000a8   Code   RO         5504    i.OS_TaskSuspend    os_task.o
    0x08005768   0x0000002c   Code   RO         5641    i.OS_TickListInit   os_tick.o
    0x08005794   0x000000d8   Code   RO         5642    i.OS_TickListInsert  os_tick.o
    0x0800586c   0x00000036   Code   RO         5643    i.OS_TickListRemove  os_tick.o
    0x080058a2   0x00000002   PAD
    0x080058a4   0x00000148   Code   RO         5645    i.OS_TickListUpdate  os_tick.o
    0x080059ec   0x00000028   Code   RO         5646    i.OS_TickTask       os_tick.o
    0x08005a14   0x000000a8   Code   RO         5647    i.OS_TickTaskInit   os_tick.o
    0x08005abc   0x0000001c   Code   RO         5738    i.OS_TmrDbgListAdd  os_tmr.o
    0x08005ad8   0x00000104   Code   RO         5740    i.OS_TmrInit        os_tmr.o
    0x08005bdc   0x00000098   Code   RO         5741    i.OS_TmrLink        os_tmr.o
    0x08005c74   0x000000ac   Code   RO         5743    i.OS_TmrTask        os_tmr.o
    0x08005d20   0x0000004c   Code   RO         5744    i.OS_TmrUnlink      os_tmr.o
    0x08005d6c   0x00000230   Code   RO         6234    i.OneNet_DevLink    onenet.o
    0x08005f9c   0x00000068   Code   RO         6235    i.OneNet_FillBuf    onenet.o
    0x08006004   0x000000f4   Code   RO         6236    i.OneNet_RevPro     onenet.o
    0x080060f8   0x00000098   Code   RO         6237    i.OneNet_SendData   onenet.o
    0x08006190   0x00000018   Code   RO         1579    i.RCC_AHB1PeriphClockCmd  stm32f4xx_rcc.o
    0x080061a8   0x00000018   Code   RO         1588    i.RCC_APB1PeriphClockCmd  stm32f4xx_rcc.o
    0x080061c0   0x00000018   Code   RO         1591    i.RCC_APB2PeriphClockCmd  stm32f4xx_rcc.o
    0x080061d8   0x00000090   Code   RO         1600    i.RCC_GetClocksFreq  stm32f4xx_rcc.o
    0x08006268   0x0000002c   Code   RO         3662    i.RTC_Alarm_IRQHandler  rtc.o
    0x08006294   0x0000001c   Code   RO         1920    i.RTC_ClearITPendingBit  stm32f4xx_rtc.o
    0x080062b0   0x00000038   Code   RO         1932    i.RTC_GetITStatus   stm32f4xx_rtc.o
    0x080062e8   0x0000002c   Code   RO         3663    i.RTC_WKUP_IRQHandler  rtc.o
    0x08006314   0x00000018   Code   RO         3926    i.Sda_Mode          oled.o
    0x0800632c   0x00000050   Code   RO         4076    i.Send_Complete     esp8266_cilent.o
    0x0800637c   0x000000b4   Code   RO          289    i.SetSysClock       system_stm32f4xx.o
    0x08006430   0x0000000c   Code   RO         3818    i.Set_Send_Count    usart.o
    0x0800643c   0x00000018   Code   RO          338    i.SysTick_CLKSourceConfig  misc.o
    0x08006454   0x00000020   Code   RO         3425    i.SysTick_Handler   delay.o
    0x08006474   0x0000005c   Code   RO          291    i.SystemInit        system_stm32f4xx.o
    0x080064d0   0x00000060   Code   RO         3426    i.Systick_init      delay.o
    0x08006530   0x00000090   Code   RO            5    i.Task_Button       main.o
    0x080065c0   0x0000009c   Code   RO            6    i.Task_Debug        main.o
    0x0800665c   0x00000068   Code   RO            7    i.Task_Dht11        main.o
    0x080066c4   0x0000006c   Code   RO            8    i.Task_ESP8266      main.o
    0x08006730   0x000002a4   Code   RO            9    i.Task_Init         main.o
    0x080069d4   0x00000078   Code   RO           10    i.Task_Led          main.o
    0x08006a4c   0x00000002   Code   RO           11    i.Task_Timer        main.o
    0x08006a4e   0x00000002   PAD
    0x08006a50   0x00000064   Code   RO           12    i.Task_W25Q16       main.o
    0x08006ab4   0x00000084   Code   RO         3819    i.USART1_IRQHandler  usart.o
    0x08006b38   0x00000070   Code   RO         3820    i.USART2_IRQHandler  usart.o
    0x08006ba8   0x0000000c   Code   RO         3049    i.USART_ClearITPendingBit  stm32f4xx_usart.o
    0x08006bb4   0x00000014   Code   RO         3052    i.USART_Cmd         stm32f4xx_usart.o
    0x08006bc8   0x0000000e   Code   RO         3055    i.USART_GetFlagStatus  stm32f4xx_usart.o
    0x08006bd6   0x0000003e   Code   RO         3056    i.USART_GetITStatus  stm32f4xx_usart.o
    0x08006c14   0x00000030   Code   RO         3058    i.USART_ITConfig    stm32f4xx_usart.o
    0x08006c44   0x000000ac   Code   RO         3059    i.USART_Init        stm32f4xx_usart.o
    0x08006cf0   0x00000008   Code   RO         3066    i.USART_ReceiveData  stm32f4xx_usart.o
    0x08006cf8   0x00000008   Code   RO         3069    i.USART_SendData    stm32f4xx_usart.o
    0x08006d00   0x000000ac   Code   RO         3821    i.Usart1_Init       usart.o
    0x08006dac   0x000000ac   Code   RO         3822    i.Usart2_Init       usart.o
    0x08006e58   0x00000030   Code   RO         3823    i.Usart2_SendString  usart.o
    0x08006e88   0x00000048   Code   RO         3528    i.W25Q16_Erase_Sector  flash.o
    0x08006ed0   0x00000064   Code   RO         3529    i.W25Q16_Init       flash.o
    0x08006f34   0x0000004c   Code   RO         3530    i.W25Q16_Read_Data  flash.o
    0x08006f80   0x00000024   Code   RO         3532    i.W25Q16_Read_SR    flash.o
    0x08006fa4   0x00000054   Code   RO         3533    i.W25Q16_Send_Byte  flash.o
    0x08006ff8   0x00000080   Code   RO         3534    i.W25Q16_Write_Data  flash.o
    0x08007078   0x00000184   Code   RO         4077    i.WIFI_CWJAP        esp8266_cilent.o
    0x080071fc   0x0000006c   Code   RO         3927    i.Write_IIC_Byte    oled.o
    0x08007268   0x0000002e   Code   RO         3928    i.Write_IIC_Command  oled.o
    0x08007296   0x0000002e   Code   RO         3929    i.Write_IIC_Data    oled.o
    0x080072c4   0x00000030   Code   RO         6711    i.__ARM_fpclassify  m_wm.l(fpclassify.o)
    0x080072f4   0x0000000e   Code   RO         6400    i._is_digit         c_w.l(__printf_wp.o)
    0x08007302   0x00000002   Code   RO         3824    i._sys_exit         usart.o
    0x08007304   0x00000024   Code   RO         3825    i.fputc             usart.o
    0x08007328   0x0000006c   Code   RO           13    i.main              main.o
    0x08007394   0x0000002c   Code   RO         6683    locale$$code        c_w.l(lc_ctype_c.o)
    0x080073c0   0x0000002c   Code   RO         6686    locale$$code        c_w.l(lc_numeric_c.o)
    0x080073ec   0x0000000a   Code   RO         6637    x$fpl$fpinit        fz_wm.l(fpinit.o)
    0x080073f6   0x00000004   Code   RO         6574    x$fpl$printf1       fz_wm.l(printf1.o)
    0x080073fa   0x00000000   Code   RO         6710    x$fpl$usenofp       fz_wm.l(usenofp.o)
    0x080073fa   0x00000002   PAD
    0x080073fc   0x00000080   Data   RO         4772    .constdata          os_cfg_app.o
    0x0800747c   0x00000028   Data   RO         6388    .constdata          c_w.l(_printf_hex_int_ll_ptr.o)
    0x080074a4   0x00000011   Data   RO         6408    .constdata          c_w.l(__printf_flags_ss_wp.o)
    0x080074b5   0x00000003   PAD
    0x080074b8   0x00000008   Data   RO         6491    .constdata          c_w.l(_printf_wctomb.o)
    0x080074c0   0x00000094   Data   RO         6658    .constdata          c_w.l(bigflt0.o)
    0x08007554   0x00000020   Data   RO         6770    Region$$Table       anon$$obj.o
    0x08007574   0x00000110   Data   RO         6682    locale$$data        c_w.l(lc_ctype_c.o)
    0x08007684   0x0000001c   Data   RO         6685    locale$$data        c_w.l(lc_numeric_c.o)


    Execution Region ER_RW (Base: 0x20000000, Size: 0x00000874, Max: 0xffffffff, ABSOLUTE, COMPRESSED[0x000002b4])

    Base Addr    Size         Type   Attr      Idx    E Section Name        Object

    0x20000000   0x00000400   Data   RW           16    .data               main.o
    0x20000400   0x00000014   Data   RW          292    .data               system_stm32f4xx.o
    0x20000414   0x00000010   Data   RW         1631    .data               stm32f4xx_rcc.o
    0x20000424   0x00000004   Data   RW         3427    .data               delay.o
    0x20000428   0x00000008   Data   RW         3671    .data               rtc.o
    0x20000430   0x00000002   Data   RW         3829    .data               usart.o
    0x20000432   0x00000002   PAD
    0x20000434   0x00000004   Data   RW         3830    .data               usart.o
    0x20000438   0x00000380   Data   RW         3933    .data               oled.o
    0x200007b8   0x00000001   Data   RW         4079    .data               esp8266_cilent.o
    0x200007b9   0x00000003   PAD
    0x200007bc   0x00000008   Data   RW         5296    .data               os_prio.o
    0x200007c4   0x00000004   Data   RW         5827    .data               os_var.o
    0x200007c8   0x00000004   Data   RW         5828    .data               os_var.o
    0x200007cc   0x00000004   Data   RW         5829    .data               os_var.o
    0x200007d0   0x00000004   Data   RW         5830    .data               os_var.o
    0x200007d4   0x00000004   Data   RW         5831    .data               os_var.o
    0x200007d8   0x00000004   Data   RW         5832    .data               os_var.o
    0x200007dc   0x00000004   Data   RW         5833    .data               os_var.o
    0x200007e0   0x00000004   Data   RW         5834    .data               os_var.o
    0x200007e4   0x00000001   Data   RW         5835    .data               os_var.o
    0x200007e5   0x00000001   Data   RW         5836    .data               os_var.o
    0x200007e6   0x00000002   PAD
    0x200007e8   0x00000004   Data   RW         5837    .data               os_var.o
    0x200007ec   0x00000004   Data   RW         5838    .data               os_var.o
    0x200007f0   0x00000002   Data   RW         5839    .data               os_var.o
    0x200007f2   0x00000002   Data   RW         5840    .data               os_var.o
    0x200007f4   0x00000002   Data   RW         5841    .data               os_var.o
    0x200007f6   0x00000002   PAD
    0x200007f8   0x00000004   Data   RW         5842    .data               os_var.o
    0x200007fc   0x00000004   Data   RW         5843    .data               os_var.o
    0x20000800   0x00000002   Data   RW         5844    .data               os_var.o
    0x20000802   0x00000002   PAD
    0x20000804   0x00000004   Data   RW         5845    .data               os_var.o
    0x20000808   0x00000002   Data   RW         5846    .data               os_var.o
    0x2000080a   0x00000002   PAD
    0x2000080c   0x00000004   Data   RW         5847    .data               os_var.o
    0x20000810   0x00000002   Data   RW         5848    .data               os_var.o
    0x20000812   0x00000001   Data   RW         5849    .data               os_var.o
    0x20000813   0x00000001   Data   RW         5850    .data               os_var.o
    0x20000814   0x00000001   Data   RW         5851    .data               os_var.o
    0x20000815   0x00000003   PAD
    0x20000818   0x00000004   Data   RW         5852    .data               os_var.o
    0x2000081c   0x00000002   Data   RW         5853    .data               os_var.o
    0x2000081e   0x00000002   PAD
    0x20000820   0x00000004   Data   RW         5854    .data               os_var.o
    0x20000824   0x00000004   Data   RW         5855    .data               os_var.o
    0x20000828   0x00000004   Data   RW         5856    .data               os_var.o
    0x2000082c   0x00000001   Data   RW         5857    .data               os_var.o
    0x2000082d   0x00000003   PAD
    0x20000830   0x00000004   Data   RW         5858    .data               os_var.o
    0x20000834   0x00000002   Data   RW         5859    .data               os_var.o
    0x20000836   0x00000002   PAD
    0x20000838   0x00000004   Data   RW         5860    .data               os_var.o
    0x2000083c   0x00000004   Data   RW         5861    .data               os_var.o
    0x20000840   0x00000002   Data   RW         5862    .data               os_var.o
    0x20000842   0x00000001   Data   RW         5863    .data               os_var.o
    0x20000843   0x00000001   PAD
    0x20000844   0x00000004   Data   RW         5864    .data               os_var.o
    0x20000848   0x00000004   Data   RW         5865    .data               os_var.o
    0x2000084c   0x00000004   Data   RW         5866    .data               os_var.o
    0x20000850   0x00000002   Data   RW         5867    .data               os_var.o
    0x20000852   0x00000002   PAD
    0x20000854   0x00000004   Data   RW         5868    .data               os_var.o
    0x20000858   0x00000004   Data   RW         5869    .data               os_var.o
    0x2000085c   0x00000004   Data   RW         5870    .data               os_var.o
    0x20000860   0x00000004   Data   RW         5871    .data               os_var.o
    0x20000864   0x00000004   Data   RW         5872    .data               os_var.o
    0x20000868   0x00000004   Data   RW         5873    .data               os_var.o
    0x2000086c   0x00000004   Data   RW         5903    .data               os_cpu_c.o
    0x20000870   0x00000002   Data   RW         6238    .data               onenet.o


    Execution Region ER_ZI (Base: 0x20000874, Size: 0x00004074, Max: 0xffffffff, ABSOLUTE)

    Base Addr    Size         Type   Attr      Idx    E Section Name        Object

    0x20000874   0x000020c4   Zero   RW           14    .bss                main.o
    0x20002938   0x0000001e   Zero   RW         3827    .bss                usart.o
    0x20002956   0x00000080   Zero   RW         4078    .bss                esp8266_cilent.o
    0x200029d6   0x00000002   PAD
    0x200029d8   0x00000200   Zero   RW         4763    .bss                os_cfg_app.o
    0x20002bd8   0x00000140   Zero   RW         4764    .bss                os_cfg_app.o
    0x20002d18   0x00000200   Zero   RW         4765    .bss                os_cfg_app.o
    0x20002f18   0x00000200   Zero   RW         4766    .bss                os_cfg_app.o
    0x20003118   0x00000640   Zero   RW         4767    .bss                os_cfg_app.o
    0x20003758   0x00000200   Zero   RW         4768    .bss                os_cfg_app.o
    0x20003958   0x00000088   Zero   RW         4769    .bss                os_cfg_app.o
    0x200039e0   0x00000200   Zero   RW         4770    .bss                os_cfg_app.o
    0x20003be0   0x00000088   Zero   RW         4771    .bss                os_cfg_app.o
    0x20003c68   0x000000c4   Zero   RW         5821    .bss                os_var.o
    0x20003d2c   0x000000c4   Zero   RW         5822    .bss                os_var.o
    0x20003df0   0x0000000c   Zero   RW         5823    .bss                os_var.o
    0x20003dfc   0x00000300   Zero   RW         5824    .bss                os_var.o
    0x200040fc   0x000000c4   Zero   RW         5825    .bss                os_var.o
    0x200041c0   0x000000c4   Zero   RW         5826    .bss                os_var.o
    0x20004284   0x00000060   Zero   RW         6579    .bss                c_w.l(libspace.o)
    0x200042e4   0x00000004   PAD
    0x200042e8   0x00000200   Zero   RW          280    HEAP                startup_stm32f40_41xxx.o
    0x200044e8   0x00000400   Zero   RW          279    STACK               startup_stm32f40_41xxx.o


==============================================================================

Image component sizes


      Code (inc. data)   RO Data    RW Data    ZI Data      Debug   Object Name

        12          6          0          0          0        511   bsp.o
        88         12          0          0          0       1606   button.o
        52          0          0          0          0        332   cpu_a.o
       268         44          0          4          0       2415   delay.o
       452         26          0          0          0       2983   dht11.o
       832        336          0          1        128       5479   esp8266_cilent.o
       496         32          0          0          0       4096   flash.o
        64          8          0          0          0        527   led.o
      1570        534          0       1024       8388     342072   main.o
       144         14          0          0          0       1957   misc.o
      1636         30          0          0          0      11407   mqttkit.o
       946         38          0        896          0       8312   oled.o
      1060        512          0          2          0       5141   onenet.o
         2          0        128          0       4752      20269   os_cfg_app.o
      2194        372          0          0          0      19160   os_core.o
       172         32          0          0          0        400   os_cpu_a.o
       520         56          0          4          0       6227   os_cpu_c.o
         2          0          0          0          0        502   os_dbg.o
      1268         84          0          0          0       6536   os_flag.o
       836        198          0          0          0       3270   os_int.o
        24         10          0          0          0        853   os_mem.o
       318         22          0          0          0       3492   os_msg.o
      1040         88          0          0          0       4230   os_mutex.o
       124         18          0          8          0       2778   os_prio.o
       556         56          0          0          0       3803   os_q.o
       788         68          0          0          0       4823   os_sem.o
      2212        200          0          0          0       9738   os_task.o
       850        116          0          0          0       4698   os_tick.o
       236         26          0          0          0       1669   os_time.o
      1004        156          0          0          0       5468   os_tmr.o
         0          0          0        147       1564      18692   os_var.o
        88          8          0          8          0       1309   rtc.o
        64         26        392          0       1536        840   startup_stm32f40_41xxx.o
        32         10          0          0          0       1076   stm32f4xx_exti.o
       160          0          0          0          0       2603   stm32f4xx_gpio.o
       216         30          0         16          0       4475   stm32f4xx_rcc.o
        84         14          0          0          0       1122   stm32f4xx_rtc.o
       344          8          0          0          0       5503   stm32f4xx_usart.o
       272         36          0         20          0       1821   system_stm32f4xx.o
       698         74          0          6         30       7529   usart.o

    ----------------------------------------------------------------------
     21738       3300        552       2164      16400     529724   Object Totals
         0          0         32          0          0          0   (incl. Generated)
        14          0          0         28          2          0   (incl. Padding)

    ----------------------------------------------------------------------

      Code (inc. data)   RO Data    RW Data    ZI Data      Debug   Library Member Name

        24          4          0          0          0         84   __2printf.o
        44          6          0          0          0         84   __2sprintf.o
        90          0          0          0          0          0   __dczerorl2.o
         8          0          0          0          0         68   __main.o
       392          4         17          0          0         92   __printf_flags_ss_wp.o
        14          0          0          0          0         68   __printf_wp.o
         0          0          0          0          0          0   __rtentry.o
        12          0          0          0          0          0   __rtentry2.o
         6          0          0          0          0          0   __rtentry4.o
        52          8          0          0          0          0   __scatter.o
        28          0          0          0          0          0   __scatter_zi.o
        28          0          0          0          0         68   _chval.o
         6          0          0          0          0          0   _printf_a.o
         6          0          0          0          0          0   _printf_c.o
        44          0          0          0          0        108   _printf_char.o
        48          6          0          0          0         96   _printf_char_common.o
        36          4          0          0          0         80   _printf_char_file.o
        40          0          0          0          0         68   _printf_charcount.o
         6          0          0          0          0          0   _printf_d.o
       120         16          0          0          0         92   _printf_dec.o
         6          0          0          0          0          0   _printf_e.o
         6          0          0          0          0          0   _printf_f.o
      1050          0          0          0          0        216   _printf_fp_dec.o
       128         16          0          0          0         84   _printf_fp_infnan.o
         6          0          0          0          0          0   _printf_g.o
       148          4         40          0          0        160   _printf_hex_int_ll_ptr.o
         6          0          0          0          0          0   _printf_i.o
       178          0          0          0          0         88   _printf_intcommon.o
        10          0          0          0          0          0   _printf_l.o
         6          0          0          0          0          0   _printf_lc.o
        10          0          0          0          0          0   _printf_ll.o
         6          0          0          0          0          0   _printf_lld.o
         6          0          0          0          0          0   _printf_lli.o
         6          0          0          0          0          0   _printf_llo.o
         6          0          0          0          0          0   _printf_llu.o
         6          0          0          0          0          0   _printf_llx.o
       124         16          0          0          0         92   _printf_longlong_dec.o
         6          0          0          0          0          0   _printf_ls.o
         6          0          0          0          0          0   _printf_n.o
         6          0          0          0          0          0   _printf_o.o
       112          8          0          0          0        124   _printf_oct_int_ll.o
         6          0          0          0          0          0   _printf_p.o
        78          0          0          0          0        108   _printf_pad.o
         0          0          0          0          0          0   _printf_percent.o
         4          0          0          0          0          0   _printf_percent_end.o
         6          0          0          0          0          0   _printf_s.o
        82          0          0          0          0         80   _printf_str.o
        36          0          0          0          0         84   _printf_truncate.o
         6          0          0          0          0          0   _printf_u.o
        44          0          0          0          0        108   _printf_wchar.o
       188          6          8          0          0         92   _printf_wctomb.o
         6          0          0          0          0          0   _printf_x.o
        10          0          0          0          0         68   _sputc.o
       158          0          0          0          0         92   _strtoul.o
        64          0          0          0          0         92   _wcrtomb.o
        26          0          0          0          0         80   atoi.o
       220          4        148          0          0         96   bigflt0.o
      1910        128          0          0          0        672   btod.o
        12          4          0          0          0         68   c89vprintf.o
        10          0          0          0          0         68   defsig_exit.o
        50          0          0          0          0         88   defsig_general.o
        80         58          0          0          0         76   defsig_rtmem_inner.o
        14          0          0          0          0         80   defsig_rtmem_outer.o
        12          0          0          0          0         72   exit.o
         8          0          0          0          0         68   ferror.o
        94          0          0          0          0         80   h1_alloc.o
        52          0          0          0          0         68   h1_extend.o
        78          0          0          0          0         80   h1_free.o
        14          0          0          0          0         84   h1_init.o
         6          0          0          0          0        152   heapauxi.o
         4          0          0          0          0        136   hguard.o
         0          0          0          0          0          0   indicate_semi.o
       138          0          0          0          0        168   init_alloc.o
        44         10        272          0          0         76   lc_ctype_c.o
        44         10         28          0          0         76   lc_numeric_c.o
         2          0          0          0          0          0   libinit.o
        42          0          0          0          0          0   libinit2.o
         2          0          0          0          0          0   libshutdown.o
         2          0          0          0          0          0   libshutdown2.o
         8          4          0          0         96         68   libspace.o
       138          0          0          0          0         80   lludiv10.o
         0          0          0          0          0          0   maybetermalloc1.o
        16          4          0          0          0         76   rt_ctype_table.o
         8          4          0          0          0         68   rt_errno_addr_intlibspace.o
         8          4          0          0          0         68   rt_heap_descriptor_intlibspace.o
         8          4          0          0          0         68   rt_locale_intlibspace.o
        68          0          0          0          0         68   rt_memclr.o
        78          0          0          0          0         80   rt_memclr_w.o
       138          0          0          0          0         68   rt_memcpy_v6.o
       100          0          0          0          0         80   rt_memcpy_w.o
         2          0          0          0          0          0   rtexit.o
        10          0          0          0          0          0   rtexit2.o
        24          0          0          0          0         68   strcat.o
        20          0          0          0          0         68   strchr.o
       128          0          0          0          0         68   strcmpv7m.o
        62          0          0          0          0         76   strlen.o
        36          0          0          0          0         76   strncat.o
        36          0          0          0          0         80   strstr.o
       112          0          0          0          0         88   strtol.o
        74          0          0          0          0         80   sys_stackheap_outer.o
        14          0          0          0          0         76   sys_wrch.o
         2          0          0          0          0         68   use_no_semi.o
        10          0          0          0          0        116   fpinit.o
         4          0          0          0          0        116   printf1.o
         0          0          0          0          0          0   usenofp.o
        48          0          0          0          0        124   fpclassify.o

    ----------------------------------------------------------------------
      7562        332        516          0        100       6512   Library Totals
        16          0          3          0          4          0   (incl. Padding)

    ----------------------------------------------------------------------

      Code (inc. data)   RO Data    RW Data    ZI Data      Debug   Library Name

      7484        332        513          0         96       6156   c_w.l
        14          0          0          0          0        232   fz_wm.l
        48          0          0          0          0        124   m_wm.l

    ----------------------------------------------------------------------
      7562        332        516          0        100       6512   Library Totals

    ----------------------------------------------------------------------

==============================================================================


      Code (inc. data)   RO Data    RW Data    ZI Data      Debug   

     29300       3632       1068       2164      16500     512648   Grand Totals
     29300       3632       1068        692      16500     512648   ELF Image Totals (compressed)
     29300       3632       1068        692          0          0   ROM Totals

==============================================================================

    Total RO  Size (Code + RO Data)                30368 (  29.66kB)
    Total RW  Size (RW Data + ZI Data)             18664 (  18.23kB)
    Total ROM Size (Code + RO Data + RW Data)      31060 (  30.33kB)

==============================================================================

