<html>
<body>
<pre>
<h1>µVision Build Log</h1>
<h2>Tool Versions:</h2>
IDE-Version: ¦ÌVision V5.14.0.0
Copyright (C) 2015 ARM Ltd and ARM Germany GmbH. All rights reserved.
License Information: F Administrator, F, LIC=----
 
Tool Versions:
Toolchain:       MDK-Lite  Version: 5.14.0.0
Toolchain Path:  C:\Keil_v5\ARM\ARMCC\Bin
C Compiler:      Armcc.exe V5.05 update 1 (build 106)
Assembler:       Armasm.exe V5.05 update 1 (build 106)
Linker/Locator:  ArmLink.exe V5.05 update 1 (build 106)
Library Manager: ArmAr.exe V5.05 update 1 (build 106)
Hex Converter:   FromElf.exe V5.05 update 1 (build 106)
CPU DLL:         SARMCM3.DLL V5.14.0.0
Dialog DLL:      DCM.DLL V1.13.1.0
Target DLL:      Segger\JL2CM3.dll V2.99.13.0
Dialog DLL:      TCM.DLL V1.14.4.0
 
<h2>Project:</h2>
e:\Workspace\stm32\STM32F407VET6\smart_system\USER\smartsystem.uvprojx
Project File Date:  12/25/2022

<h2>Output:</h2>
Build target 'smart_system'
compiling main.c...
main.c(243): warning:  #177-D: variable "err" was declared but never referenced
        OS_ERR err;
main.c(244): warning:  #177-D: variable "buf" was declared but never referenced
        uint8_t *buf = NULL;
main.c(335): warning:  #177-D: variable "err" was declared but never referenced
        OS_ERR err;
main.c: 3 warnings, 0 errors
assembling startup_stm32f40_41xxx.s...
compiling system_stm32f4xx.c...
compiling misc.c...
compiling stm32f4xx_adc.c...
compiling stm32f4xx_dac.c...
compiling stm32f4xx_exti.c...
compiling stm32f4xx_flash.c...
compiling stm32f4xx_gpio.c...
compiling stm32f4xx_i2c.c...
compiling stm32f4xx_iwdg.c...
compiling stm32f4xx_pwr.c...
compiling stm32f4xx_rcc.c...
compiling stm32f4xx_rtc.c...
compiling stm32f4xx_spi.c...
compiling stm32f4xx_syscfg.c...
compiling stm32f4xx_tim.c...
compiling stm32f4xx_usart.c...
compiling stm32f4xx_wwdg.c...
compiling adc.c...
..\HARDWARE\adc.c(77): warning:  #177-D: variable "loop_2" was declared but never referenced
      U8   loop_1,loop_2;
..\HARDWARE\adc.c(78): warning:  #550-D: variable "Voltage_buffer" was set but never used
      U16  Voltage_buffer[SAMPLE_TIMES];
..\HARDWARE\adc.c: 2 warnings, 0 errors
compiling blue_tooth.c...
compiling button.c...
compiling delay.c...
compiling dht11.c...
compiling flash.c...
compiling interrupt.c...
compiling iwdg.c...
compiling led.c...
compiling rtc.c...
..\HARDWARE\rtc.c(153): warning:  #61-D: integer operation result is out of range
      RTC_DateStructure.RTC_Year = (U8)((Date & (DATI_MASK << 24))>>24);
..\HARDWARE\rtc.c(153): warning:  #68-D: integer conversion resulted in a change of sign
      RTC_DateStructure.RTC_Year = (U8)((Date & (DATI_MASK << 24))>>24);
..\HARDWARE\rtc.c(166): warning:  #61-D: integer operation result is out of range
      if((U8)((Time & (DATI_MASK << 24))>>24) < 12)
..\HARDWARE\rtc.c(166): warning:  #68-D: integer conversion resulted in a change of sign
      if((U8)((Time & (DATI_MASK << 24))>>24) < 12)
..\HARDWARE\rtc.c(307): warning:  #1-D: last line of file ends without a newline
  }
..\HARDWARE\rtc.c: 5 warnings, 0 errors
compiling tim.c...
..\HARDWARE\tim.c(11): warning:  #177-D: variable "NVIC_InitStructure" was declared but never referenced
      NVIC_InitTypeDef  NVIC_InitStructure;
..\HARDWARE\tim.c(4): warning:  #550-D: variable "timer3_freq" was set but never used
  static u32 timer3_freq;
..\HARDWARE\tim.c: 2 warnings, 0 errors
compiling timer.c...
compiling ultrasound.c...
compiling usart.c...
compiling usb_ttl.c...
compiling oled.c...
compiling bsp.c...
compiling cpu_core.c...
compiling cpu_c.c...
assembling cpu_a.asm...
compiling lib_ascii.c...
compiling lib_math.c...
compiling lib_mem.c...
compiling lib_str.c...
assembling lib_mem_a.asm...
compiling os_cfg_app.c...
compiling os_core.c...
compiling os_dbg.c...
compiling os_flag.c...
compiling os_int.c...
compiling os_mem.c...
compiling os_msg.c...
compiling os_mutex.c...
compiling os_pend_multi.c...
compiling os_prio.c...
compiling os_q.c...
compiling os_sem.c...
compiling os_stat.c...
compiling os_task.c...
compiling os_tick.c...
compiling os_time.c...
compiling os_tmr.c...
compiling os_var.c...
assembling os_cpu_a.asm...
compiling os_cpu_c.c...
compiling os_app_hooks.c...
linking...
Program Size: Code=24668 RO-data=1068 RW-data=2156 ZI-data=15140  
FromELF: creating hex file...
".\Objects\smartsystem.axf" - 0 Error(s), 12 Warning(s).

<h2>Collection of Component include folders:</h2>
  e:\Workspace\stm32\STM32F407VET6\smart_system\USER\RTE
  C:\Keil_v5\ARM\PACK\Keil\STM32F4xx_DFP\1.0.8\Device\Include

<h2>Collection of Component Files used:</h2>
</pre>
</body>
</html>
